[INFO] Scanning for projects...
[INFO] 
[INFO] -----------------------< com.danielagapov:spawn >-----------------------
[INFO] Building spawn 0.0.1-SNAPSHOT
[INFO]   from pom.xml
[INFO] --------------------------------[ jar ]---------------------------------
[INFO] 
[INFO] --- resources:3.3.1:resources (default-resources) @ spawn ---
[INFO] Copying 3 resources from src/main/resources to target/classes
[INFO] Copying 37 resources from src/main/resources to target/classes
[INFO] 
[INFO] --- compiler:3.13.0:compile (default-compile) @ spawn ---
[INFO] Recompiling the module because of changed source code.
[INFO] Compiling 266 source files with javac [debug parameters release 17] to target/classes
[INFO] 
[INFO] --- resources:3.3.1:testResources (default-testResources) @ spawn ---
[INFO] Copying 1 resource from src/test/resources to target/test-classes
[INFO] 
[INFO] --- compiler:3.13.0:testCompile (default-testCompile) @ spawn ---
[INFO] Recompiling the module because of changed dependency.
[INFO] Compiling 27 source files with javac [debug parameters release 17] to target/test-classes
[INFO] /Users/daggerpov/Documents/GitHub/Spawn-App-Back-End/src/test/java/com/danielagapov/spawn/ServiceTests/UserServiceTests.java: /Users/daggerpov/Documents/GitHub/Spawn-App-Back-End/src/test/java/com/danielagapov/spawn/ServiceTests/UserServiceTests.java uses unchecked or unsafe operations.
[INFO] /Users/daggerpov/Documents/GitHub/Spawn-App-Back-End/src/test/java/com/danielagapov/spawn/ServiceTests/UserServiceTests.java: Recompile with -Xlint:unchecked for details.
[INFO] 
[INFO] --- surefire:3.2.5:test (default-test) @ spawn ---
[INFO] Using auto detected provider org.apache.maven.surefire.junitplatform.JUnitPlatformProvider
[INFO] 
[INFO] -------------------------------------------------------
[INFO]  T E S T S
[INFO] -------------------------------------------------------
[INFO] Running com.danielagapov.spawn.PerformanceTests.ActivityTypePerformanceTests
[INFO] Running com.danielagapov.spawn.ServiceTests.ChatMessageServiceTests
[INFO] Running com.danielagapov.spawn.RepositoryValidationTest
[INFO] Running com.danielagapov.spawn.ServiceTests.AuthServiceTests
[INFO] Running com.danielagapov.spawn.ServiceTests.SpawnApplicationTests
[INFO] Running com.danielagapov.spawn.ServiceTests.ActivityTypeServiceTests
[INFO] Running com.danielagapov.spawn.ServiceTests.ActivityTypeInitializerTests
[INFO] Running com.danielagapov.spawn.ServiceTests.UserServiceTests
[INFO] Running com.danielagapov.spawn.ServiceTests.ActivityServiceTests
[INFO] Running com.danielagapov.spawn.IntegrationTests.FriendshipIntegrationTests
[INFO] Tests run: 1, Failures: 0, Errors: 0, Skipped: 0, Time elapsed: 0.207 s -- in com.danielagapov.spawn.ServiceTests.SpawnApplicationTests
[INFO] Running com.danielagapov.spawn.IntegrationTests.ActivityTypeIntegrationTests
17:28:49.365 [ForkJoinPool-1-worker-10] INFO org.springframework.test.context.support.AnnotationConfigContextLoaderUtils -- Could not detect default configuration classes for test class [com.danielagapov.spawn.IntegrationTests.FriendshipIntegrationTests]: FriendshipIntegrationTests does not declare any static, non-private, non-final, nested classes annotated with @Configuration.
17:28:49.365 [ForkJoinPool-1-worker-1] INFO org.springframework.test.context.support.AnnotationConfigContextLoaderUtils -- Could not detect default configuration classes for test class [com.danielagapov.spawn.RepositoryValidationTest]: RepositoryValidationTest does not declare any static, non-private, non-final, nested classes annotated with @Configuration.
OpenJDK 64-Bit Server VM warning: Sharing is only supported for boot loader classes because bootstrap classpath has been appended
17:28:49.567 [ForkJoinPool-1-worker-1] INFO org.springframework.boot.test.context.SpringBootTestContextBootstrapper -- Found @SpringBootConfiguration com.danielagapov.spawn.SpawnApplication for test class com.danielagapov.spawn.RepositoryValidationTest
17:28:49.567 [ForkJoinPool-1-worker-10] INFO org.springframework.boot.test.context.SpringBootTestContextBootstrapper -- Found @SpringBootConfiguration com.danielagapov.spawn.SpawnApplication for test class com.danielagapov.spawn.IntegrationTests.FriendshipIntegrationTests

  .   ____          _            __ _ _
 /\\ / ___'_ __ _ _(_)_ __  __ _ \ \ \ \
( ( )\___ | '_ | '_| | '_ \/ _` | \ \ \ \
 \\/  ___)| |_)| | | | | || (_| |  ) ) ) )
  '  |____| .__|_| |_|_| |_\__, | / / / /
 =========|_|==============|___/=/_/_/_/

 :: Spring Boot ::                (v3.3.5)

17:28:51 INFO  [c.d.spawn.RepositoryValidationTest:50] Starting RepositoryValidationTest using Java 17.0.10 with PID 17675 (started by daggerpov in /Users/daggerpov/Documents/GitHub/Spawn-App-Back-End)
17:28:51 DEBUG [c.d.spawn.RepositoryValidationTest:51] Running with Spring Boot v3.3.5, Spring v6.1.14
17:28:51 INFO  [c.d.spawn.RepositoryValidationTest:660] The following 1 profile is active: "test"
17:28:51 DEBUG [o.s.w.c.s.GenericWebApplicationContext:672] Refreshing org.springframework.web.context.support.GenericWebApplicationContext@77a36689
17:28:52 DEBUG [o.s.w.s.m.m.a.RequestMappingHandlerMapping:366] 2 mappings in org.springframework.web.servlet.mvc.method.annotation.RequestMappingHandlerMapping
17:28:53 DEBUG [o.s.w.s.m.m.a.RequestMappingHandlerAdapter:634] ControllerAdvice beans: 0 @ModelAttribute, 0 @InitBinder, 1 RequestBodyAdvice, 1 ResponseBodyAdvice
17:28:53 DEBUG [o.s.w.s.m.m.a.ExceptionHandlerExceptionResolver:305] ControllerAdvice beans: 0 @ExceptionHandler, 1 ResponseBodyAdvice
17:28:53 INFO  [o.s.mock.web.MockServletContext:437] Initializing Spring TestDispatcherServlet ''
17:28:53 INFO  [o.s.t.w.s.TestDispatcherServlet:532] Initializing Servlet ''
17:28:53 INFO  [o.s.t.w.s.TestDispatcherServlet:554] Completed initialization in 14 ms
17:28:53 DEBUG [o.s.w.s.m.m.a.RequestMappingHandlerMapping:366] 2 mappings in org.springframework.web.servlet.mvc.method.annotation.RequestMappingHandlerMapping
17:28:53 DEBUG [o.s.w.s.m.m.a.RequestMappingHandlerAdapter:634] ControllerAdvice beans: 0 @ModelAttribute, 0 @InitBinder, 1 RequestBodyAdvice, 1 ResponseBodyAdvice
17:28:53 DEBUG [o.s.w.s.m.m.a.ExceptionHandlerExceptionResolver:305] ControllerAdvice beans: 0 @ExceptionHandler, 1 ResponseBodyAdvice
17:28:53 INFO  [o.s.mock.web.MockServletContext:437] Initializing Spring TestDispatcherServlet ''
17:28:53 INFO  [o.s.t.w.s.TestDispatcherServlet:532] Initializing Servlet ''
17:28:53 INFO  [o.s.t.w.s.TestDispatcherServlet:554] Completed initialization in 1 ms
Processed 500 activity types in: 1067ms
[INFO] Tests run: 12, Failures: 0, Errors: 0, Skipped: 0, Time elapsed: 4.839 s -- in com.danielagapov.spawn.ServiceTests.ActivityTypeInitializerTests
[INFO] Running com.danielagapov.spawn.ControllerTests.FriendRequestControllerTests
Processed 100 activity types in: 85ms
17:28:54 DEBUG [o.s.w.s.m.m.a.RequestMappingHandlerMapping:531] Mapped to com.danielagapov.spawn.activity.api.ActivityTypeController#updateActivityTypes(UUID, BatchActivityTypeUpdateDTO)
17:28:54 DEBUG [o.s.w.s.m.m.a.RequestMappingHandlerMapping:366] 5 mappings in org.springframework.web.servlet.mvc.method.annotation.RequestMappingHandlerMapping
17:28:54 DEBUG [o.s.w.s.m.m.a.RequestMappingHandlerAdapter:634] ControllerAdvice beans: 0 @ModelAttribute, 0 @InitBinder, 1 RequestBodyAdvice, 1 ResponseBodyAdvice
17:28:54 DEBUG [o.s.w.s.m.m.a.ExceptionHandlerExceptionResolver:305] ControllerAdvice beans: 0 @ExceptionHandler, 1 ResponseBodyAdvice
17:28:54 INFO  [o.s.mock.web.MockServletContext:437] Initializing Spring TestDispatcherServlet ''
Processed mixed operations (200 updates + 100 deletions) in: 70ms
17:28:54 INFO  [o.s.t.w.s.TestDispatcherServlet:532] Initializing Servlet ''
17:28:54 INFO  [o.s.t.w.s.TestDispatcherServlet:554] Completed initialization in 1 ms
17:28:54 DEBUG [o.s.w.s.m.m.a.RequestMappingHandlerMapping:531] Mapped to com.danielagapov.spawn.social.api.FriendRequestController#getSentFriendRequestsByUserId(UUID)
17:28:54 DEBUG [o.s.w.s.m.m.a.HttpEntityMethodProcessor:275] Using 'application/json', given [*/*] and supported [application/json, application/*+json]
17:28:54 DEBUG [o.s.w.s.m.m.a.HttpEntityMethodProcessor:120] Writing [[com.danielagapov.spawn.social.api.dto.FetchSentFriendRequestDTO@670fa798]]
100 repeated fetches completed in: 52ms
[INFO] Tests run: 18, Failures: 0, Errors: 0, Skipped: 0, Time elapsed: 5.307 s -- in com.danielagapov.spawn.ServiceTests.AuthServiceTests
[INFO] Running com.danielagapov.spawn.ControllerTests.UserControllerTests
17:28:54 DEBUG [o.s.w.s.m.m.a.RequestResponseBodyMethodProcessor:120] Read "application/json" to [com.danielagapov.spawn.activity.api.dto.BatchActivityTypeUpdateDTO@1e0def78]
17:28:54 DEBUG [o.s.w.s.m.m.a.HttpEntityMethodProcessor:275] Using 'application/json', given [application/json] and supported [application/json, application/*+json]
17:28:54 DEBUG [o.s.w.s.m.m.a.HttpEntityMethodProcessor:120] Writing [[com.danielagapov.spawn.activity.api.dto.ActivityTypeDTO@76dbb8bc, com.danielagapov.spawn.activity.a (truncated)...]
17:28:54 DEBUG [o.s.w.s.m.m.a.RequestMappingHandlerMapping:366] 2 mappings in org.springframework.web.servlet.mvc.method.annotation.RequestMappingHandlerMapping
17:28:54 DEBUG [o.s.w.s.m.m.a.RequestMappingHandlerAdapter:634] ControllerAdvice beans: 0 @ModelAttribute, 0 @InitBinder, 1 RequestBodyAdvice, 1 ResponseBodyAdvice
17:28:54 DEBUG [o.s.w.s.m.m.a.RequestMappingHandlerMapping:366] 5 mappings in org.springframework.web.servlet.mvc.method.annotation.RequestMappingHandlerMapping
17:28:54 DEBUG [o.s.w.s.m.m.a.ExceptionHandlerExceptionResolver:305] ControllerAdvice beans: 0 @ExceptionHandler, 1 ResponseBodyAdvice
17:28:54 DEBUG [o.s.w.s.m.m.a.RequestMappingHandlerAdapter:634] ControllerAdvice beans: 0 @ModelAttribute, 0 @InitBinder, 1 RequestBodyAdvice, 1 ResponseBodyAdvice
17:28:54 DEBUG [o.s.w.s.m.m.a.ExceptionHandlerExceptionResolver:305] ControllerAdvice beans: 0 @ExceptionHandler, 1 ResponseBodyAdvice
17:28:54 INFO  [o.s.mock.web.MockServletContext:437] Initializing Spring TestDispatcherServlet ''
17:28:54 INFO  [o.s.mock.web.MockServletContext:437] Initializing Spring TestDispatcherServlet ''
17:28:54 INFO  [o.s.t.w.s.TestDispatcherServlet:532] Initializing Servlet ''
17:28:54 INFO  [o.s.t.w.s.TestDispatcherServlet:532] Initializing Servlet ''
17:28:54 INFO  [o.s.t.w.s.TestDispatcherServlet:554] Completed initialization in 0 ms
17:28:54 INFO  [o.s.t.w.s.TestDispatcherServlet:554] Completed initialization in 0 ms
17:28:54 DEBUG [o.s.w.s.m.m.a.RequestMappingHandlerMapping:531] Mapped to com.danielagapov.spawn.activity.api.ActivityTypeController#getOwnedActivityTypesForUser(UUID)
17:28:54 DEBUG [o.s.w.s.m.m.a.RequestMappingHandlerMapping:531] Mapped to com.danielagapov.spawn.social.api.FriendRequestController#createFriendRequest(CreateFriendRequestDTO)
17:28:54 DEBUG [o.s.w.s.m.m.a.HttpEntityMethodProcessor:275] Using 'application/json', given [application/json] and supported [application/json, application/*+json]
17:28:54 DEBUG [o.s.w.s.m.m.a.HttpEntityMethodProcessor:120] Writing [[com.danielagapov.spawn.activity.api.dto.ActivityTypeDTO@56c8eeee, com.danielagapov.spawn.activity.a (truncated)...]
17:28:54 DEBUG [o.s.w.s.m.m.a.RequestResponseBodyMethodProcessor:120] Read "application/json" to [com.danielagapov.spawn.social.api.dto.CreateFriendRequestDTO@70af6739]
17:28:54 DEBUG [o.s.w.s.m.m.a.HttpEntityMethodProcessor:275] Using 'application/json', given [*/*] and supported [application/json, application/*+json]
17:28:54 DEBUG [o.s.w.s.m.m.a.HttpEntityMethodProcessor:305] Nothing to write: null body
Stress test (800 updates + 200 deletions) completed in: 232ms
17:28:54 DEBUG [o.s.w.s.m.m.a.RequestMappingHandlerMapping:531] Mapped to com.danielagapov.spawn.activity.api.ActivityTypeController#updateActivityTypes(UUID, BatchActivityTypeUpdateDTO)
17:28:54 DEBUG [o.s.w.s.m.m.a.RequestMappingHandlerMapping:366] 5 mappings in org.springframework.web.servlet.mvc.method.annotation.RequestMappingHandlerMapping
17:28:54 DEBUG [o.s.w.s.m.m.a.RequestMappingHandlerAdapter:634] ControllerAdvice beans: 0 @ModelAttribute, 0 @InitBinder, 1 RequestBodyAdvice, 1 ResponseBodyAdvice
17:28:54 DEBUG [o.s.w.s.m.m.a.RequestResponseBodyMethodProcessor:120] Read "application/json" to [com.danielagapov.spawn.activity.api.dto.BatchActivityTypeUpdateDTO@443c20e8]
17:28:54 DEBUG [o.s.w.s.m.m.a.ExceptionHandlerExceptionResolver:305] ControllerAdvice beans: 0 @ExceptionHandler, 1 ResponseBodyAdvice
17:28:55 INFO  [o.s.mock.web.MockServletContext:437] Initializing Spring TestDispatcherServlet ''
17:28:55 INFO  [o.s.t.w.s.TestDispatcherServlet:532] Initializing Servlet ''
17:28:55 INFO  [o.s.t.w.s.TestDispatcherServlet:554] Completed initialization in 4 ms
Fetched 200 activity types in: 8ms
17:28:55 DEBUG [o.s.w.s.m.m.a.HttpEntityMethodProcessor:275] Using 'application/json', given [application/json] and supported [application/json, application/*+json]
17:28:55 DEBUG [o.s.w.s.m.m.a.HttpEntityMethodProcessor:120] Writing [[com.danielagapov.spawn.activity.api.dto.ActivityTypeDTO@11ec3cba, com.danielagapov.spawn.activity.a (truncated)...]
Processed 10 concurrent updates in: 163ms
17:28:55 DEBUG [o.s.w.s.m.m.a.RequestMappingHandlerMapping:366] 2 mappings in org.springframework.web.servlet.mvc.method.annotation.RequestMappingHandlerMapping
17:28:55 INFO  [o.s.t.w.s.TestDispatcherServlet:554] Completed initialization in 1 ms
17:28:55 DEBUG [o.s.w.s.m.m.a.RequestMappingHandlerMapping:366] 5 mappings in org.springframework.web.servlet.mvc.method.annotation.RequestMappingHandlerMapping
17:28:55 INFO  [o.s.t.w.s.TestDispatcherServlet:554] Completed initialization in 1 ms
17:28:55 DEBUG [o.s.w.s.m.m.a.RequestMappingHandlerMapping:531] Mapped to com.danielagapov.spawn.social.api.FriendRequestController#getSentFriendRequestsByUserId(UUID)
17:28:55 DEBUG [o.s.w.s.m.m.a.HttpEntityMethodProcessor:275] Using 'application/json', given [*/*] and supported [application/json, application/*+json]
17:28:55 DEBUG [o.s.w.s.m.m.a.HttpEntityMethodProcessor:120] Writing [[]]
Initialized default types for 100 users in: 20ms
17:28:55 DEBUG [o.s.w.s.m.m.a.RequestMappingHandlerMapping:531] Mapped to com.danielagapov.spawn.activity.api.ActivityTypeController#updateActivityTypes(UUID, BatchActivityTypeUpdateDTO)
Processed deletion of 1000 items in: 4ms
17:28:55 DEBUG [o.s.w.s.m.m.a.RequestResponseBodyMethodProcessor:120] Read "application/json" to [com.danielagapov.spawn.activity.api.dto.BatchActivityTypeUpdateDTO@33d01d05]
17:28:55 DEBUG [o.s.w.s.m.m.a.RequestMappingHandlerMapping:366] 5 mappings in org.springframework.web.servlet.mvc.method.annotation.RequestMappingHandlerMapping
17:28:55 INFO  [o.s.t.w.s.TestDispatcherServlet:554] Completed initialization in 6 ms
17:28:55 DEBUG [o.s.w.s.m.m.a.HttpEntityMethodProcessor:275] Using 'application/json', given [application/json] and supported [application/json, application/*+json]
17:28:55 DEBUG [o.s.w.s.m.m.a.HttpEntityMethodProcessor:120] Writing [[com.danielagapov.spawn.activity.api.dto.ActivityTypeDTO@77cf2534, com.danielagapov.spawn.activity.a (truncated)...]
17:28:55 DEBUG [o.s.w.s.m.m.a.RequestMappingHandlerMapping:531] Mapped to com.danielagapov.spawn.social.api.FriendRequestController#getIncomingFriendRequestsByUserId(UUID)
17:28:55 DEBUG [o.s.w.s.m.m.a.RequestMappingHandlerMapping:366] 2 mappings in org.springframework.web.servlet.mvc.method.annotation.RequestMappingHandlerMapping
17:28:55 INFO  [o.s.t.w.s.TestDispatcherServlet:554] Completed initialization in 0 ms
17:28:55 DEBUG [o.s.w.s.m.m.a.HttpEntityMethodProcessor:275] Using 'application/json', given [*/*] and supported [application/json, application/*+json]
17:28:55 DEBUG [o.s.w.s.m.m.a.HttpEntityMethodProcessor:120] Writing [[]]
17:28:55 DEBUG [o.s.w.s.m.m.a.RequestMappingHandlerMapping:531] Mapped to com.danielagapov.spawn.activity.api.ActivityTypeController#updateActivityTypes(UUID, BatchActivityTypeUpdateDTO)
[INFO] Tests run: 52, Failures: 0, Errors: 0, Skipped: 0, Time elapsed: 6.777 s -- in com.danielagapov.spawn.ServiceTests.ChatMessageServiceTests
[INFO] Running com.danielagapov.spawn.ControllerTests.BlockedUserControllerTests
17:28:55 DEBUG [o.s.w.s.m.m.a.RequestResponseBodyMethodProcessor:120] Read "application/json" to [com.danielagapov.spawn.activity.api.dto.BatchActivityTypeUpdateDTO@700b6614]
Processed 50 rapid updates in: 230ms
[INFO] Tests run: 3, Failures: 0, Errors: 0, Skipped: 0, Time elapsed: 6.862 s -- in com.danielagapov.spawn.PerformanceTests.ActivityTypePerformanceTests
17:28:55 DEBUG [o.s.w.s.m.m.a.HttpEntityMethodProcessor:275] Using 'application/json', given [application/json] and supported [application/json, application/*+json]
17:28:55 DEBUG [o.s.w.s.m.m.a.HttpEntityMethodProcessor:120] Writing [[com.danielagapov.spawn.activity.api.dto.ActivityTypeDTO@6922b919]]
[INFO] Running com.danielagapov.spawn.ControllerTests.ActivityTypeControllerTests
17:28:55 DEBUG [o.s.w.s.m.m.a.RequestMappingHandlerMapping:531] Mapped to com.danielagapov.spawn.activity.api.ActivityTypeController#updateActivityTypes(UUID, BatchActivityTypeUpdateDTO)
17:28:55 DEBUG [o.s.w.s.m.m.a.RequestMappingHandlerMapping:366] 5 mappings in org.springframework.web.servlet.mvc.method.annotation.RequestMappingHandlerMapping
17:28:55 INFO  [o.s.t.w.s.TestDispatcherServlet:554] Completed initialization in 0 ms
17:28:55 DEBUG [o.s.w.s.m.m.a.RequestResponseBodyMethodProcessor:120] Read "application/json" to [com.danielagapov.spawn.activity.api.dto.BatchActivityTypeUpdateDTO@5152c455]
17:28:55 DEBUG [o.s.w.s.m.m.a.HttpEntityMethodProcessor:275] Using 'application/json', given [application/json] and supported [application/json, application/*+json]
17:28:55 DEBUG [o.s.w.s.m.m.a.HttpEntityMethodProcessor:120] Writing [[com.danielagapov.spawn.activity.api.dto.ActivityTypeDTO@7a4233ad]]
17:28:55 DEBUG [o.s.w.s.m.m.a.RequestMappingHandlerMapping:366] 4 mappings in org.springframework.web.servlet.mvc.method.annotation.RequestMappingHandlerMapping
17:28:55 DEBUG [o.s.w.s.m.m.a.RequestMappingHandlerMapping:366] 2 mappings in org.springframework.web.servlet.mvc.method.annotation.RequestMappingHandlerMapping
17:28:55 INFO  [o.s.t.w.s.TestDispatcherServlet:554] Completed initialization in 0 ms
17:28:55 INFO  [o.s.t.w.s.TestDispatcherServlet:554] Completed initialization in 0 ms
17:28:55 DEBUG [o.s.w.s.m.m.a.RequestMappingHandlerMapping:531] Mapped to com.danielagapov.spawn.user.api.BlockedUserController#getBlockedUsers(UUID, boolean)
17:28:55 DEBUG [o.s.w.s.m.m.a.RequestMappingHandlerMapping:531] Mapped to com.danielagapov.spawn.social.api.FriendRequestController#deleteFriendRequest(UUID)
17:28:55 DEBUG [o.s.w.s.m.m.a.HttpEntityMethodProcessor:275] Using 'application/octet-stream', given [*/*] and supported [*/*]
17:28:55 DEBUG [o.s.w.s.m.m.a.RequestMappingHandlerMapping:531] Mapped to com.danielagapov.spawn.activity.api.ActivityTypeController#updateActivityTypes(UUID, BatchActivityTypeUpdateDTO)
17:28:55 INFO  [o.s.t.w.s.TestDispatcherServlet:554] Completed initialization in 3 ms
17:28:55 DEBUG [o.s.web.method.HandlerMethod:231] Could not resolve parameter [0] in public org.springframework.http.ResponseEntity<?> com.danielagapov.spawn.user.api.BlockedUserController.getBlockedUsers(java.util.UUID,boolean): Method parameter 'blockerId': Failed to convert value of type 'java.lang.String' to required type 'java.util.UUID'; Invalid UUID string: invalid-uuid
17:28:55 DEBUG [o.s.w.s.m.m.a.RequestResponseBodyMethodProcessor:120] Read "application/json" to [com.danielagapov.spawn.activity.api.dto.BatchActivityTypeUpdateDTO@a292334]
17:28:55 DEBUG [o.s.w.s.m.m.a.RequestMappingHandlerMapping:531] Mapped to com.danielagapov.spawn.social.api.FriendRequestController#createFriendRequest(CreateFriendRequestDTO)
17:28:55 DEBUG [o.s.w.s.m.m.a.HttpEntityMethodProcessor:305] Nothing to write: null body
17:28:55 DEBUG [o.s.web.method.HandlerMethod:231] Could not resolve parameter [0] in public org.springframework.http.ResponseEntity<com.danielagapov.spawn.social.api.dto.CreateFriendRequestDTO> com.danielagapov.spawn.social.api.FriendRequestController.createFriendRequest(com.danielagapov.spawn.social.api.dto.CreateFriendRequestDTO): JSON parse error: Unexpected character ('i' (code 105)): was expecting double-quote to start field name
17:28:55 WARN  [o.s.w.s.m.s.DefaultHandlerExceptionResolver:247] Resolved [org.springframework.web.method.annotation.MethodArgumentTypeMismatchException: Method parameter 'blockerId': Failed to convert value of type 'java.lang.String' to required type 'java.util.UUID'; Invalid UUID string: invalid-uuid]
17:28:55 WARN  [o.s.w.s.m.s.DefaultHandlerExceptionResolver:247] Resolved [org.springframework.http.converter.HttpMessageNotReadableException: JSON parse error: Unexpected character ('i' (code 105)): was expecting double-quote to start field name]
17:28:55 DEBUG [o.s.w.s.m.m.a.RequestResponseBodyMethodProcessor:120] Read "application/json" to [com.danielagapov.spawn.activity.api.dto.BatchActivityTypeUpdateDTO@3bb4a33f]
17:28:56 DEBUG [o.s.w.s.m.m.a.HttpEntityMethodProcessor:275] Using 'application/json', given [*/*] and supported [application/json, application/*+json]
17:28:56 DEBUG [o.s.w.s.m.m.a.HttpEntityMethodProcessor:305] Nothing to write: null body
17:28:56 DEBUG [o.s.w.s.m.m.a.RequestMappingHandlerMapping:366] 4 mappings in org.springframework.web.servlet.mvc.method.annotation.RequestMappingHandlerMapping
17:28:56 INFO  [o.s.t.w.s.TestDispatcherServlet:554] Completed initialization in 1 ms
17:28:56 INFO  [o.s.t.w.s.TestDispatcherServlet:554] Completed initialization in 2 ms
17:28:56 INFO  [o.s.t.w.s.TestDispatcherServlet:554] Completed initialization in 1 ms
17:28:56 DEBUG [o.s.w.s.m.m.a.RequestMappingHandlerMapping:531] Mapped to com.danielagapov.spawn.user.api.BlockedUserController#blockUser(BlockedUserCreationDTO)
17:28:56 DEBUG [o.s.w.s.m.m.a.RequestMappingHandlerMapping:531] Mapped to com.danielagapov.spawn.activity.api.ActivityTypeController#getOwnedActivityTypesForUser(UUID)
17:28:56 DEBUG [o.s.w.s.m.m.a.RequestMappingHandlerMapping:531] Mapped to com.danielagapov.spawn.activity.api.ActivityTypeController#getOwnedActivityTypesForUser(UUID)
17:28:56 DEBUG [o.s.w.s.m.m.a.HttpEntityMethodProcessor:275] Using 'application/json', given [*/*] and supported [application/json, application/*+json]
17:28:56 DEBUG [o.s.w.s.m.m.a.HttpEntityMethodProcessor:305] Nothing to write: null body
17:28:56 DEBUG [o.s.w.s.m.m.a.HttpEntityMethodProcessor:120] Writing [[com.danielagapov.spawn.activity.api.dto.ActivityTypeDTO@41e24af2, com.danielagapov.spawn.activity.a (truncated)...]
17:28:56 DEBUG [o.s.w.s.m.m.a.RequestResponseBodyMethodProcessor:120] Read "application/json" to [com.danielagapov.spawn.user.api.dto.BlockedUserCreationDTO@5a4d7b48]
17:28:56 INFO  [o.s.t.w.s.TestDispatcherServlet:554] Completed initialization in 2 ms
17:28:56 DEBUG [o.s.w.s.m.m.a.HttpEntityMethodProcessor:305] Nothing to write: null body
17:28:56 DEBUG [o.s.w.s.m.m.a.RequestMappingHandlerMapping:531] Mapped to com.danielagapov.spawn.social.api.FriendRequestController#getIncomingFriendRequestsByUserId(UUID)
17:28:56 DEBUG [o.s.w.s.m.m.a.HttpEntityMethodProcessor:120] Writing [[]]
17:28:56 DEBUG [o.s.w.s.m.m.a.RequestMappingHandlerMapping:366] 4 mappings in org.springframework.web.servlet.mvc.method.annotation.RequestMappingHandlerMapping
17:28:56 DEBUG [o.s.w.s.m.m.a.RequestMappingHandlerMapping:531] Mapped to com.danielagapov.spawn.user.api.BlockedUserController#isBlocked(UUID, UUID)
17:28:56 DEBUG [o.s.w.s.m.m.a.HttpEntityMethodProcessor:120] Writing [false]
[INFO] Tests run: 45, Failures: 0, Errors: 0, Skipped: 0, Time elapsed: 7.293 s -- in com.danielagapov.spawn.ServiceTests.ActivityServiceTests
[INFO] Running com.danielagapov.spawn.ServiceTests.BlockedUserServiceTests
17:28:56 DEBUG [o.s.w.s.m.m.a.RequestMappingHandlerMapping:531] Mapped to com.danielagapov.spawn.social.api.FriendRequestController#friendRequestAction(UUID, FriendRequestAction)
17:28:56 DEBUG [o.s.w.s.m.m.a.RequestResponseBodyMethodProcessor:120] Read "application/json" to [com.danielagapov.spawn.activity.api.dto.BatchActivityTypeUpdateDTO@1e0f7006]
17:28:56 DEBUG [o.s.w.s.m.m.a.RequestResponseBodyMethodProcessor:120] Read "application/json" to [com.danielagapov.spawn.activity.api.dto.BatchActivityTypeUpdateDTO@d5764cc]
17:28:56 DEBUG [o.s.w.s.m.m.a.HttpEntityMethodProcessor:120] Writing [[com.danielagapov.spawn.activity.api.dto.ActivityTypeDTO@2c9922de, com.danielagapov.spawn.activity.a (truncated)...]
17:28:56 DEBUG [o.s.w.s.m.m.a.RequestMappingHandlerMapping:366] 4 mappings in org.springframework.web.servlet.mvc.method.annotation.RequestMappingHandlerMapping
17:28:56 DEBUG [o.s.w.s.m.m.a.HttpEntityMethodProcessor:120] Writing [[com.danielagapov.spawn.activity.api.dto.ActivityTypeDTO@51b946d4, com.danielagapov.spawn.activity.a (truncated)...]
17:28:56 DEBUG [o.s.w.s.m.m.a.HttpEntityMethodProcessor:275] Using 'application/octet-stream', given [*/*] and supported [*/*]
[INFO] Tests run: 6, Failures: 0, Errors: 0, Skipped: 0, Time elapsed: 7.117 s -- in com.danielagapov.spawn.IntegrationTests.ActivityTypeIntegrationTests
17:28:56 DEBUG [o.s.w.s.m.m.a.RequestMappingHandlerMapping:366] 4 mappings in org.springframework.web.servlet.mvc.method.annotation.RequestMappingHandlerMapping
[INFO] Running com.danielagapov.spawn.ServiceTests.UserInterestServiceTest
17:28:56 DEBUG [o.s.w.s.m.m.a.RequestMappingHandlerMapping:531] Mapped to com.danielagapov.spawn.user.api.BlockedUserController#blockUser(BlockedUserCreationDTO)
17:28:56 DEBUG [o.s.web.method.HandlerMethod:231] Could not resolve parameter [0] in public org.springframework.http.ResponseEntity<java.lang.Void> com.danielagapov.spawn.user.api.BlockedUserController.blockUser(com.danielagapov.spawn.user.api.dto.BlockedUserCreationDTO): JSON parse error: Unexpected character ('i' (code 105)): was expecting double-quote to start field name
17:28:56 WARN  [o.s.w.s.m.s.DefaultHandlerExceptionResolver:247] Resolved [org.springframework.http.converter.HttpMessageNotReadableException: JSON parse error: Unexpected character ('i' (code 105)): was expecting double-quote to start field name]
17:28:56 DEBUG [o.s.w.s.m.m.a.RequestMappingHandlerMapping:531] Mapped to com.danielagapov.spawn.social.api.FriendRequestController#friendRequestAction(UUID, FriendRequestAction)
17:28:56 DEBUG [o.s.w.s.m.m.a.HttpEntityMethodProcessor:275] Using 'application/octet-stream', given [*/*] and supported [*/*]
17:28:56 DEBUG [o.s.w.s.m.m.a.RequestMappingHandlerMapping:366] 4 mappings in org.springframework.web.servlet.mvc.method.annotation.RequestMappingHandlerMapping
17:28:56 DEBUG [o.s.w.s.m.m.a.RequestResponseBodyMethodProcessor:120] Read "application/json" to [com.danielagapov.spawn.activity.api.dto.BatchActivityTypeUpdateDTO@60c7e685]
17:28:56 DEBUG [o.s.w.s.m.m.a.HttpEntityMethodProcessor:120] Writing [[com.danielagapov.spawn.activity.api.dto.ActivityTypeDTO@7c3dd460, com.danielagapov.spawn.activity.a (truncated)...]
17:28:56 INFO  [o.s.t.w.s.TestDispatcherServlet:554] Completed initialization in 2 ms
17:28:56 DEBUG [o.s.w.s.m.m.a.RequestMappingHandlerMapping:531] Mapped to com.danielagapov.spawn.social.api.FriendRequestController#createFriendRequest(CreateFriendRequestDTO)
17:28:56 DEBUG [o.s.w.s.m.m.a.RequestResponseBodyMethodProcessor:120] Read "application/json" to [com.danielagapov.spawn.social.api.dto.CreateFriendRequestDTO@289fa106]
17:28:56 DEBUG [o.s.w.s.m.m.a.HttpEntityMethodProcessor:120] Writing [com.danielagapov.spawn.social.api.dto.CreateFriendRequestDTO@79c129ed]
17:28:56 INFO  [o.s.t.w.s.TestDispatcherServlet:554] Completed initialization in 5 ms
17:28:56 DEBUG [o.s.w.s.m.m.a.RequestMappingHandlerMapping:531] Mapped to com.danielagapov.spawn.social.api.FriendRequestController#deleteFriendRequest(UUID)
[INFO] Tests run: 10, Failures: 0, Errors: 0, Skipped: 0, Time elapsed: 7.609 s -- in com.danielagapov.spawn.ServiceTests.ActivityTypeServiceTests
17:28:56 DEBUG [o.s.w.s.m.m.a.RequestMappingHandlerMapping:531] Mapped to com.danielagapov.spawn.user.api.BlockedUserController#blockUser(BlockedUserCreationDTO)
[INFO] Running com.danielagapov.spawn.ServiceTests.UserSearchServiceTests
17:28:56 DEBUG [o.s.w.s.m.m.a.RequestResponseBodyMethodProcessor:120] Read "application/json" to [com.danielagapov.spawn.user.api.dto.BlockedUserCreationDTO@25f8afac]
17:28:56 DEBUG [o.s.w.s.m.m.a.HttpEntityMethodProcessor:275] Using 'application/octet-stream', given [*/*] and supported [*/*]
17:28:56 DEBUG [o.s.w.s.m.m.a.HttpEntityMethodProcessor:305] Nothing to write: null body
17:28:56 DEBUG [o.s.w.s.m.m.a.RequestMappingHandlerMapping:531] Mapped to com.danielagapov.spawn.social.api.FriendRequestController#friendRequestAction(UUID, FriendRequestAction)
17:28:56 DEBUG [o.s.w.s.m.m.a.RequestResponseBodyMethodProcessor:120] Read "application/json" to [com.danielagapov.spawn.activity.api.dto.BatchActivityTypeUpdateDTO@27412d2a]
17:28:56 DEBUG [o.s.web.method.HandlerMethod:231] Could not resolve parameter [0] in public org.springframework.http.ResponseEntity<?> com.danielagapov.spawn.social.api.FriendRequestController.friendRequestAction(java.util.UUID,com.danielagapov.spawn.shared.util.FriendRequestAction): Method parameter 'friendRequestId': Failed to convert value of type 'java.lang.String' to required type 'java.util.UUID'; Invalid UUID string: invalid-uuid
17:28:56 WARN  [o.s.w.s.m.s.DefaultHandlerExceptionResolver:247] Resolved [org.springframework.web.method.annotation.MethodArgumentTypeMismatchException: Method parameter 'friendRequestId': Failed to convert value of type 'java.lang.String' to required type 'java.util.UUID'; Invalid UUID string: invalid-uuid]
17:28:56 DEBUG [o.s.w.s.m.m.a.HttpEntityMethodProcessor:120] Writing [[com.danielagapov.spawn.activity.api.dto.ActivityTypeDTO@3eec9a4b, com.danielagapov.spawn.activity.a (truncated)...]
17:28:56 INFO  [o.s.t.w.s.TestDispatcherServlet:554] Completed initialization in 2 ms
17:28:56 INFO  [o.s.t.w.s.TestDispatcherServlet:554] Completed initialization in 3 ms
17:28:56 INFO  [o.s.t.w.s.TestDispatcherServlet:554] Completed initialization in 2 ms
17:28:56 DEBUG [o.s.w.s.m.m.a.RequestMappingHandlerMapping:531] Mapped to com.danielagapov.spawn.user.api.BlockedUserController#blockUser(BlockedUserCreationDTO)
17:28:56 DEBUG [o.s.w.s.m.m.a.RequestMappingHandlerMapping:531] Mapped to com.danielagapov.spawn.social.api.FriendRequestController#deleteFriendRequest(UUID)
17:28:56 DEBUG [o.s.w.s.m.m.a.HttpEntityMethodProcessor:275] Using 'application/octet-stream', given [*/*] and supported [*/*]
17:28:56 DEBUG [o.s.w.s.m.m.a.RequestResponseBodyMethodProcessor:120] Read "application/json" to [com.danielagapov.spawn.user.api.dto.BlockedUserCreationDTO@1ec2bcd]
17:28:56 DEBUG [o.s.w.s.m.m.a.RequestResponseBodyMethodProcessor:120] Read "application/json" to []
17:28:56 WARN  [o.s.w.s.m.s.DefaultHandlerExceptionResolver:247] Resolved [org.springframework.http.converter.HttpMessageNotReadableException: Required request body is missing: public org.springframework.http.ResponseEntity<java.util.List<com.danielagapov.spawn.activity.api.dto.ActivityTypeDTO>> com.danielagapov.spawn.activity.api.ActivityTypeController.updateActivityTypes(java.util.UUID,com.danielagapov.spawn.activity.api.dto.BatchActivityTypeUpdateDTO)]
17:28:56 INFO  [o.s.t.w.s.TestDispatcherServlet:554] Completed initialization in 16 ms
17:28:56 DEBUG [o.s.w.s.m.m.a.RequestMappingHandlerMapping:531] Mapped to com.danielagapov.spawn.user.api.BlockedUserController#isBlocked(UUID, UUID)
17:28:56 DEBUG [o.s.w.s.m.m.a.RequestMappingHandlerMapping:531] Mapped to com.danielagapov.spawn.social.api.FriendRequestController#getIncomingFriendRequestsByUserId(UUID)
17:28:56 DEBUG [o.s.web.method.HandlerMethod:231] Could not resolve parameter [0] in public org.springframework.http.ResponseEntity<?> com.danielagapov.spawn.social.api.FriendRequestController.getIncomingFriendRequestsByUserId(java.util.UUID): Method parameter 'userId': Failed to convert value of type 'java.lang.String' to required type 'java.util.UUID'; Invalid UUID string: invalid-uuid
17:28:56 WARN  [o.s.w.s.m.s.DefaultHandlerExceptionResolver:247] Resolved [org.springframework.web.method.annotation.MethodArgumentTypeMismatchException: Method parameter 'userId': Failed to convert value of type 'java.lang.String' to required type 'java.util.UUID'; Invalid UUID string: invalid-uuid]
17:28:56 DEBUG [o.s.web.method.HandlerMethod:231] Could not resolve parameter [1] in public org.springframework.http.ResponseEntity<java.lang.Boolean> com.danielagapov.spawn.user.api.BlockedUserController.isBlocked(java.util.UUID,java.util.UUID): Required request parameter 'blockedId' for method parameter type UUID is not present
17:28:56 WARN  [o.s.w.s.m.s.DefaultHandlerExceptionResolver:247] Resolved [org.springframework.web.bind.MissingServletRequestParameterException: Required request parameter 'blockedId' for method parameter type UUID is not present]
17:28:56 DEBUG [o.s.w.s.m.m.a.RequestMappingHandlerMapping:531] Mapped to com.danielagapov.spawn.social.api.FriendRequestController#getIncomingFriendRequestsByUserId(UUID)
17:28:56 DEBUG [o.s.w.s.m.m.a.HttpEntityMethodProcessor:120] Writing [[]]
17:28:56 DEBUG [o.s.w.s.m.m.a.RequestMappingHandlerMapping:531] Mapped to com.danielagapov.spawn.user.api.BlockedUserController#blockUser(BlockedUserCreationDTO)
17:28:56 DEBUG [o.s.w.s.m.m.a.RequestResponseBodyMethodProcessor:120] Read "application/json" to [com.danielagapov.spawn.user.api.dto.BlockedUserCreationDTO@7f004114]
17:28:56 DEBUG [o.s.w.s.m.m.a.RequestResponseBodyMethodProcessor:120] Read "application/json" to [com.danielagapov.spawn.activity.api.dto.BatchActivityTypeUpdateDTO@7d14e5b5]
17:28:56 INFO  [o.s.t.w.s.TestDispatcherServlet:554] Completed initialization in 2 ms
17:28:56 DEBUG [o.s.w.s.m.m.a.RequestMappingHandlerMapping:531] Mapped to com.danielagapov.spawn.user.api.BlockedUserController#getBlockedUsers(UUID, boolean)
17:28:56 DEBUG [o.s.w.s.m.m.a.RequestMappingHandlerMapping:531] Mapped to com.danielagapov.spawn.activity.api.ActivityTypeController#getOwnedActivityTypesForUser(UUID)
17:28:56 DEBUG [o.s.w.s.m.m.a.RequestMappingHandlerMapping:531] Mapped to com.danielagapov.spawn.social.api.FriendRequestController#getIncomingFriendRequestsByUserId(UUID)
17:28:56 DEBUG [o.s.w.s.m.m.a.HttpEntityMethodProcessor:120] Writing [[com.danielagapov.spawn.social.api.dto.FetchFriendRequestDTO@537e166b]]
17:28:56 DEBUG [o.s.w.s.m.m.a.HttpEntityMethodProcessor:120] Writing [[com.danielagapov.spawn.activity.api.dto.ActivityTypeDTO@590b03f2, com.danielagapov.spawn.activity.a (truncated)...]
17:28:56 DEBUG [o.s.w.s.m.m.a.HttpEntityMethodProcessor:120] Writing [[72c59c76-69b9-45f4-86e9-297b8149ac4d]]
17:28:56 DEBUG [o.s.w.s.m.m.a.RequestMappingHandlerMapping:531] Mapped to com.danielagapov.spawn.user.api.BlockedUserController#getBlockedUsers(UUID, boolean)
17:28:56 DEBUG [o.s.w.s.m.m.a.HttpEntityMethodProcessor:120] Writing [[com.danielagapov.spawn.user.api.dto.BlockedUserDTO@efc546cc]]
17:28:56 DEBUG [o.s.w.s.m.m.a.RequestMappingHandlerMapping:531] Mapped to com.danielagapov.spawn.activity.api.ActivityTypeController#getOwnedActivityTypesForUser(UUID)
17:28:56 DEBUG [o.s.w.s.m.m.a.HttpEntityMethodProcessor:120] Writing [[]]
17:28:56 DEBUG [o.s.w.s.m.m.a.RequestMappingHandlerMapping:531] Mapped to com.danielagapov.spawn.social.api.FriendRequestController#deleteFriendRequest(UUID)
17:28:56 DEBUG [o.s.web.method.HandlerMethod:231] Could not resolve parameter [0] in public org.springframework.http.ResponseEntity<?> com.danielagapov.spawn.social.api.FriendRequestController.deleteFriendRequest(java.util.UUID): Method parameter 'friendRequestId': Failed to convert value of type 'java.lang.String' to required type 'java.util.UUID'; Invalid UUID string: invalid-uuid
17:28:56 WARN  [o.s.w.s.m.s.DefaultHandlerExceptionResolver:247] Resolved [org.springframework.web.method.annotation.MethodArgumentTypeMismatchException: Method parameter 'friendRequestId': Failed to convert value of type 'java.lang.String' to required type 'java.util.UUID'; Invalid UUID string: invalid-uuid]
17:28:56 DEBUG [o.s.w.s.m.m.a.RequestMappingHandlerMapping:531] Mapped to com.danielagapov.spawn.social.api.FriendRequestController#getSentFriendRequestsByUserId(UUID)
17:28:56 INFO  [o.s.t.w.s.TestDispatcherServlet:554] Completed initialization in 4 ms
17:28:56 DEBUG [o.s.w.s.m.m.a.HttpEntityMethodProcessor:120] Writing [[]]
17:28:56 DEBUG [o.s.w.s.m.m.a.RequestMappingHandlerMapping:531] Mapped to com.danielagapov.spawn.user.api.BlockedUserController#isBlocked(UUID, UUID)
17:28:57 DEBUG [o.s.w.s.m.m.a.RequestMappingHandlerMapping:531] Mapped to com.danielagapov.spawn.user.api.BlockedUserController#unblockUser(UUID, UUID)
17:28:57 DEBUG [o.s.w.s.m.m.a.RequestResponseBodyMethodProcessor:120] Read "application/json" to [com.danielagapov.spawn.activity.api.dto.BatchActivityTypeUpdateDTO@390ad235]
17:28:57 DEBUG [o.s.w.s.m.m.a.HttpEntityMethodProcessor:120] Writing [[com.danielagapov.spawn.activity.api.dto.ActivityTypeDTO@3fd8207b, com.danielagapov.spawn.activity.a (truncated)...]
17:28:57 DEBUG [o.s.w.s.m.m.a.RequestMappingHandlerMapping:531] Mapped to com.danielagapov.spawn.user.api.BlockedUserController#unblockUser(UUID, UUID)
17:28:57 DEBUG [o.s.web.method.HandlerMethod:231] Could not resolve parameter [0] in public org.springframework.http.ResponseEntity<java.lang.Void> com.danielagapov.spawn.user.api.BlockedUserController.unblockUser(java.util.UUID,java.util.UUID): Method parameter 'blockerId': Failed to convert value of type 'java.lang.String' to required type 'java.util.UUID'; Invalid UUID string: invalid-uuid
17:28:57 WARN  [o.s.w.s.m.s.DefaultHandlerExceptionResolver:247] Resolved [org.springframework.web.method.annotation.MethodArgumentTypeMismatchException: Method parameter 'blockerId': Failed to convert value of type 'java.lang.String' to required type 'java.util.UUID'; Invalid UUID string: invalid-uuid]
17:28:57 DEBUG [o.s.w.s.m.m.a.RequestMappingHandlerMapping:531] Mapped to com.danielagapov.spawn.social.api.FriendRequestController#friendRequestAction(UUID, FriendRequestAction)
17:28:57 DEBUG [o.s.web.method.HandlerMethod:231] Could not resolve parameter [1] in public org.springframework.http.ResponseEntity<?> com.danielagapov.spawn.social.api.FriendRequestController.friendRequestAction(java.util.UUID,com.danielagapov.spawn.shared.util.FriendRequestAction): Method parameter 'friendRequestAction': Failed to convert value of type 'java.lang.String' to required type 'com.danielagapov.spawn.shared.util.FriendRequestAction'; Failed to convert from type [java.lang.String] to type [@org.springframework.web.bind.annotation.RequestParam com.danielagapov.spawn.shared.util.FriendRequestAction] for value [invalid_action]
17:28:57 WARN  [o.s.w.s.m.s.DefaultHandlerExceptionResolver:247] Resolved [org.springframework.web.method.annotation.MethodArgumentTypeMismatchException: Method parameter 'friendRequestAction': Failed to convert value of type 'java.lang.String' to required type 'com.danielagapov.spawn.shared.util.FriendRequestAction'; Failed to convert from type [java.lang.String] to type [@org.springframework.web.bind.annotation.RequestParam com.danielagapov.spawn.shared.util.FriendRequestAction] for value [invalid_action]]
17:28:57 DEBUG [o.s.w.s.m.m.a.RequestMappingHandlerMapping:531] Mapped to com.danielagapov.spawn.user.api.BlockedUserController#isBlocked(UUID, UUID)
17:28:57 DEBUG [o.s.w.s.m.m.a.HttpEntityMethodProcessor:120] Writing [false]
17:28:57 DEBUG [o.s.w.s.m.m.a.RequestMappingHandlerMapping:531] Mapped to com.danielagapov.spawn.social.api.FriendRequestController#createFriendRequest(CreateFriendRequestDTO)
17:28:57 DEBUG [o.s.w.s.m.m.a.RequestResponseBodyMethodProcessor:120] Read "application/json" to []
17:28:57 WARN  [o.s.w.s.m.s.DefaultHandlerExceptionResolver:247] Resolved [org.springframework.http.converter.HttpMessageNotReadableException: Required request body is missing: public org.springframework.http.ResponseEntity<com.danielagapov.spawn.social.api.dto.CreateFriendRequestDTO> com.danielagapov.spawn.social.api.FriendRequestController.createFriendRequest(com.danielagapov.spawn.social.api.dto.CreateFriendRequestDTO)]
17:28:57 DEBUG [o.s.w.s.m.m.a.RequestMappingHandlerMapping:366] 15 mappings in org.springframework.web.servlet.mvc.method.annotation.RequestMappingHandlerMapping
17:28:57 DEBUG [o.s.w.s.m.m.a.RequestMappingHandlerMapping:531] Mapped to com.danielagapov.spawn.user.api.BlockedUserController#isBlocked(UUID, UUID)
17:28:57 DEBUG [o.s.web.method.HandlerMethod:231] Could not resolve parameter [0] in public org.springframework.http.ResponseEntity<java.lang.Boolean> com.danielagapov.spawn.user.api.BlockedUserController.isBlocked(java.util.UUID,java.util.UUID): Method parameter 'blockerId': Failed to convert value of type 'java.lang.String' to required type 'java.util.UUID'; Invalid UUID string: invalid-uuid
17:28:57 WARN  [o.s.w.s.m.s.DefaultHandlerExceptionResolver:247] Resolved [org.springframework.web.method.annotation.MethodArgumentTypeMismatchException: Method parameter 'blockerId': Failed to convert value of type 'java.lang.String' to required type 'java.util.UUID'; Invalid UUID string: invalid-uuid]
17:28:57 DEBUG [o.s.w.s.m.m.a.RequestMappingHandlerMapping:531] Mapped to com.danielagapov.spawn.user.api.UserController#getUserFriends(UUID)
17:28:57 DEBUG [o.s.w.s.m.m.a.HttpEntityMethodProcessor:120] Writing [[com.danielagapov.spawn.user.api.dto.FullFriendUserDTO@72619118, com.danielagapov.spawn.user.api.dto (truncated)...]
17:28:57 DEBUG [o.s.w.s.m.m.a.RequestMappingHandlerMapping:531] Mapped to com.danielagapov.spawn.social.api.FriendRequestController#friendRequestAction(UUID, FriendRequestAction)
17:28:57 DEBUG [o.s.web.method.HandlerMethod:231] Could not resolve parameter [1] in public org.springframework.http.ResponseEntity<?> com.danielagapov.spawn.social.api.FriendRequestController.friendRequestAction(java.util.UUID,com.danielagapov.spawn.shared.util.FriendRequestAction): Required request parameter 'friendRequestAction' for method parameter type FriendRequestAction is not present
17:28:57 WARN  [o.s.w.s.m.s.DefaultHandlerExceptionResolver:247] Resolved [org.springframework.web.bind.MissingServletRequestParameterException: Required request parameter 'friendRequestAction' for method parameter type FriendRequestAction is not present]
17:28:57 DEBUG [o.s.w.s.m.m.a.RequestResponseBodyMethodProcessor:120] Read "application/json" to [com.danielagapov.spawn.activity.api.dto.BatchActivityTypeUpdateDTO@369dd203]
17:28:57 DEBUG [o.s.w.s.m.m.a.HttpEntityMethodProcessor:120] Writing [[com.danielagapov.spawn.activity.api.dto.ActivityTypeDTO@273e5ed]]
17:28:57 DEBUG [o.s.w.s.m.m.a.RequestMappingHandlerMapping:531] Mapped to com.danielagapov.spawn.user.api.BlockedUserController#getBlockedUsers(UUID, boolean)
17:28:57 DEBUG [o.s.w.s.m.m.a.RequestMappingHandlerMapping:531] Mapped to com.danielagapov.spawn.social.api.FriendRequestController#createFriendRequest(CreateFriendRequestDTO)
17:28:57 DEBUG [o.s.w.s.m.m.a.HttpEntityMethodProcessor:120] Writing [[com.danielagapov.spawn.user.api.dto.BlockedUserDTO@1edabcab]]
17:28:57 DEBUG [o.s.w.s.m.m.a.RequestResponseBodyMethodProcessor:120] Read "application/json" to [com.danielagapov.spawn.social.api.dto.CreateFriendRequestDTO@444c6372]
17:28:57 DEBUG [o.s.w.s.m.m.a.HttpEntityMethodProcessor:120] Writing [com.danielagapov.spawn.social.api.dto.CreateFriendRequestDTO@5c2d3065]
17:28:57 DEBUG [o.s.w.s.m.m.a.RequestMappingHandlerMapping:366] 15 mappings in org.springframework.web.servlet.mvc.method.annotation.RequestMappingHandlerMapping
17:28:57 DEBUG [o.s.w.s.m.m.a.RequestMappingHandlerMapping:366] 15 mappings in org.springframework.web.servlet.mvc.method.annotation.RequestMappingHandlerMapping
17:28:57 DEBUG [o.s.w.s.m.m.a.RequestMappingHandlerMapping:531] Mapped to com.danielagapov.spawn.social.api.FriendRequestController#friendRequestAction(UUID, FriendRequestAction)
17:28:57 DEBUG [o.s.web.method.HandlerMethod:231] Could not resolve parameter [1] in public org.springframework.http.ResponseEntity<java.util.List<com.danielagapov.spawn.activity.api.dto.ActivityTypeDTO>> com.danielagapov.spawn.activity.api.ActivityTypeController.updateActivityTypes(java.util.UUID,com.danielagapov.spawn.activity.api.dto.BatchActivityTypeUpdateDTO): JSON parse error: Unexpected character ('i' (code 105)): was expecting double-quote to start field name
17:28:57 WARN  [o.s.w.s.m.s.DefaultHandlerExceptionResolver:247] Resolved [org.springframework.http.converter.HttpMessageNotReadableException: JSON parse error: Unexpected character ('i' (code 105)): was expecting double-quote to start field name]
[INFO] Tests run: 57, Failures: 0, Errors: 0, Skipped: 0, Time elapsed: 8.398 s -- in com.danielagapov.spawn.ServiceTests.UserServiceTests
17:28:57 DEBUG [o.s.w.s.m.m.a.HttpEntityMethodProcessor:275] Using 'application/octet-stream', given [*/*] and supported [*/*]
[INFO] Running com.danielagapov.spawn.ServiceTests.ActivityExpirationServiceTimezoneTests
17:28:57 DEBUG [o.s.w.s.m.m.a.RequestMappingHandlerMapping:531] Mapped to com.danielagapov.spawn.user.api.BlockedUserController#getBlockedUsers(UUID, boolean)
17:28:57 DEBUG [o.s.w.s.m.m.a.HttpEntityMethodProcessor:120] Writing [[com.danielagapov.spawn.user.api.dto.BlockedUserDTO@261deeef, com.danielagapov.spawn.user.api.dto.Bl (truncated)...]
17:28:57 DEBUG [o.s.w.s.m.m.a.RequestMappingHandlerMapping:366] 15 mappings in org.springframework.web.servlet.mvc.method.annotation.RequestMappingHandlerMapping
17:28:57 DEBUG [o.s.w.s.m.m.a.RequestMappingHandlerMapping:531] Mapped to com.danielagapov.spawn.user.api.UserController#getUserFriends(UUID)
[INFO] Tests run: 8, Failures: 0, Errors: 0, Skipped: 0, Time elapsed: 0.079 s -- in com.danielagapov.spawn.ServiceTests.ActivityExpirationServiceTimezoneTests
17:28:57 DEBUG [o.s.w.s.m.m.a.RequestResponseBodyMethodProcessor:120] Read "application/json" to [com.danielagapov.spawn.activity.api.dto.BatchActivityTypeUpdateDTO@617b4534]
[INFO] Running com.danielagapov.spawn.ServiceTests.FriendRequestServiceTests
17:28:57 DEBUG [o.s.w.s.m.m.a.HttpEntityMethodProcessor:120] Writing [[com.danielagapov.spawn.activity.api.dto.ActivityTypeDTO@2998e6, com.danielagapov.spawn.activity.api (truncated)...]
17:28:57 DEBUG [o.s.w.s.m.m.a.RequestMappingHandlerMapping:366] 15 mappings in org.springframework.web.servlet.mvc.method.annotation.RequestMappingHandlerMapping
17:28:57 DEBUG [o.s.w.s.m.m.a.RequestMappingHandlerMapping:531] Mapped to com.danielagapov.spawn.user.api.BlockedUserController#unblockUser(UUID, UUID)
17:28:57 DEBUG [o.s.w.s.m.m.a.RequestMappingHandlerMapping:531] Mapped to com.danielagapov.spawn.user.api.UserController#getUserFriends(UUID)
17:28:57 DEBUG [o.s.web.method.HandlerMethod:231] Could not resolve parameter [1] in public org.springframework.http.ResponseEntity<java.lang.Void> com.danielagapov.spawn.user.api.BlockedUserController.unblockUser(java.util.UUID,java.util.UUID): Required request parameter 'blockedId' for method parameter type UUID is not present
17:28:57 DEBUG [o.s.web.method.HandlerMethod:231] Could not resolve parameter [0] in public org.springframework.http.ResponseEntity<java.util.List<? extends com.danielagapov.spawn.user.api.dto.AbstractUserDTO>> com.danielagapov.spawn.user.api.UserController.getUserFriends(java.util.UUID): Method parameter 'id': Failed to convert value of type 'java.lang.String' to required type 'java.util.UUID'; Invalid UUID string: invalid-uuid
17:28:57 WARN  [o.s.w.s.m.s.DefaultHandlerExceptionResolver:247] Resolved [org.springframework.web.method.annotation.MethodArgumentTypeMismatchException: Method parameter 'id': Failed to convert value of type 'java.lang.String' to required type 'java.util.UUID'; Invalid UUID string: invalid-uuid]
17:28:57 WARN  [o.s.w.s.m.s.DefaultHandlerExceptionResolver:247] Resolved [org.springframework.web.bind.MissingServletRequestParameterException: Required request parameter 'blockedId' for method parameter type UUID is not present]
17:28:57 DEBUG [o.s.w.s.m.m.a.RequestMappingHandlerMapping:531] Mapped to com.danielagapov.spawn.user.api.BlockedUserController#blockUser(BlockedUserCreationDTO)
17:28:57 DEBUG [o.s.w.s.m.m.a.RequestMappingHandlerMapping:366] 15 mappings in org.springframework.web.servlet.mvc.method.annotation.RequestMappingHandlerMapping
17:28:57 DEBUG [o.s.w.s.m.m.a.RequestResponseBodyMethodProcessor:120] Read "application/json" to []
17:28:57 WARN  [o.s.w.s.m.s.DefaultHandlerExceptionResolver:247] Resolved [org.springframework.http.converter.HttpMessageNotReadableException: Required request body is missing: public org.springframework.http.ResponseEntity<java.lang.Void> com.danielagapov.spawn.user.api.BlockedUserController.blockUser(com.danielagapov.spawn.user.api.dto.BlockedUserCreationDTO)]
17:28:57 DEBUG [o.s.w.s.m.m.a.RequestMappingHandlerMapping:531] Mapped to com.danielagapov.spawn.user.api.UserController#getUserFriends(UUID)
17:28:57 DEBUG [o.s.w.s.m.m.a.RequestResponseBodyMethodProcessor:120] Read "application/json" to [com.danielagapov.spawn.activity.api.dto.BatchActivityTypeUpdateDTO@26d585b6]
17:28:57 DEBUG [o.s.w.s.m.m.a.RequestMappingHandlerMapping:531] Mapped to com.danielagapov.spawn.social.api.FriendRequestController#getIncomingFriendRequestsByUserId(UUID)
17:28:57 DEBUG [o.s.w.s.m.m.a.RequestMappingHandlerMapping:531] Mapped to com.danielagapov.spawn.user.api.UserController#getUserFriends(UUID)
17:28:57 DEBUG [o.s.web.method.HandlerMethod:231] Could not resolve parameter [0] in public org.springframework.http.ResponseEntity<java.util.List<com.danielagapov.spawn.activity.api.dto.ActivityTypeDTO>> com.danielagapov.spawn.activity.api.ActivityTypeController.updateActivityTypes(java.util.UUID,com.danielagapov.spawn.activity.api.dto.BatchActivityTypeUpdateDTO): Method parameter 'userId': Failed to convert value of type 'java.lang.String' to required type 'java.util.UUID'; Invalid UUID string: invalid-uuid
17:28:57 WARN  [o.s.w.s.m.s.DefaultHandlerExceptionResolver:247] Resolved [org.springframework.web.method.annotation.MethodArgumentTypeMismatchException: Method parameter 'userId': Failed to convert value of type 'java.lang.String' to required type 'java.util.UUID'; Invalid UUID string: invalid-uuid]
17:28:57 DEBUG [o.s.w.s.m.m.a.RequestMappingHandlerMapping:531] Mapped to com.danielagapov.spawn.user.api.BlockedUserController#getBlockedUsers(UUID, boolean)
17:28:57 DEBUG [o.s.w.s.m.m.a.RequestMappingHandlerMapping:531] Mapped to com.danielagapov.spawn.activity.api.ActivityTypeController#getOwnedActivityTypesForUser(UUID)
[INFO] Tests run: 25, Failures: 0, Errors: 0, Skipped: 0, Time elapsed: 1.269 s -- in com.danielagapov.spawn.ServiceTests.UserInterestServiceTest
17:28:57 DEBUG [o.s.web.method.HandlerMethod:231] Could not resolve parameter [0] in public org.springframework.http.ResponseEntity<java.util.List<com.danielagapov.spawn.activity.api.dto.ActivityTypeDTO>> com.danielagapov.spawn.activity.api.ActivityTypeController.getOwnedActivityTypesForUser(java.util.UUID): Method parameter 'userId': Failed to convert value of type 'java.lang.String' to required type 'java.util.UUID'; Invalid UUID string: invalid-uuid
17:28:57 WARN  [o.s.w.s.m.s.DefaultHandlerExceptionResolver:247] Resolved [org.springframework.web.method.annotation.MethodArgumentTypeMismatchException: Method parameter 'userId': Failed to convert value of type 'java.lang.String' to required type 'java.util.UUID'; Invalid UUID string: invalid-uuid]
[INFO] Running com.danielagapov.spawn.ServiceTests.OAuthServiceTests
17:28:57 DEBUG [o.s.w.s.m.m.a.HttpEntityMethodProcessor:120] Writing [User]
17:28:57 DEBUG [o.s.w.s.m.m.a.RequestMappingHandlerMapping:531] Mapped to com.danielagapov.spawn.user.api.UserController#getUserFriends(UUID)
[INFO] Tests run: 7, Failures: 0, Errors: 0, Skipped: 0, Time elapsed: 3.799 s -- in com.danielagapov.spawn.ControllerTests.FriendRequestControllerTests
17:28:57 DEBUG [o.s.w.s.m.m.a.RequestResponseBodyMethodProcessor:120] Read "application/json" to [com.danielagapov.spawn.user.api.dto.BlockedUserCreationDTO@600efadc]
[INFO] Running com.danielagapov.spawn.ServiceTests.FuzzySearchServiceTest
17:28:57 DEBUG [o.s.w.s.m.m.a.HttpEntityMethodProcessor:120] Writing [[com.danielagapov.spawn.user.api.dto.FullFriendUserDTO@d27e66e]]
17:28:57 DEBUG [o.s.w.s.m.m.a.RequestResponseBodyMethodProcessor:120] Read "application/json" to [com.danielagapov.spawn.activity.api.dto.BatchActivityTypeUpdateDTO@47c0454]
17:28:57 DEBUG [o.s.w.s.m.m.a.RequestMappingHandlerMapping:531] Mapped to com.danielagapov.spawn.user.api.BlockedUserController#unblockUser(UUID, UUID)
17:28:57 DEBUG [o.s.w.s.m.m.a.HttpEntityMethodProcessor:120] Writing [[com.danielagapov.spawn.activity.api.dto.ActivityTypeDTO@7ab3c073]]
[INFO] Tests run: 5, Failures: 0, Errors: 0, Skipped: 0, Time elapsed: 1.906 s -- in com.danielagapov.spawn.ControllerTests.ActivityTypeControllerTests
[INFO] Running com.danielagapov.spawn.ServiceTests.BetaAccessSignUpServiceTests
17:28:57 DEBUG [o.s.w.s.m.m.a.HttpEntityMethodProcessor:120] Writing [[com.danielagapov.spawn.user.api.dto.FullFriendUserDTO@522e047]]
17:28:57 DEBUG [o.s.w.s.m.m.a.RequestResponseBodyMethodProcessor:120] Read "application/json" to [com.danielagapov.spawn.user.api.dto.BlockedUserCreationDTO@48cc8b98]
17:28:57 INFO  [o.s.t.w.s.TestDispatcherServlet:554] Completed initialization in 3 ms
17:28:57 INFO  [o.s.t.w.s.TestDispatcherServlet:554] Completed initialization in 3 ms
17:28:57 DEBUG [o.s.w.s.m.m.a.RequestMappingHandlerMapping:531] Mapped to com.danielagapov.spawn.user.api.BlockedUserController#isBlocked(UUID, UUID)
17:28:58 DEBUG [o.s.w.s.m.m.a.HttpEntityMethodProcessor:120] Writing [true]
17:28:58 DEBUG [o.s.w.s.m.m.a.HttpEntityMethodProcessor:120] Writing [[com.danielagapov.spawn.user.api.dto.FullFriendUserDTO@6977e693, com.danielagapov.spawn.user.api.dto (truncated)...]
[INFO] Tests run: 11, Failures: 0, Errors: 0, Skipped: 0, Time elapsed: 2.346 s -- in com.danielagapov.spawn.ControllerTests.BlockedUserControllerTests
[INFO] Running com.danielagapov.spawn.ServiceTests.FeedbackSubmissionServiceTests
[INFO] Tests run: 16, Failures: 0, Errors: 0, Skipped: 0, Time elapsed: 0.563 s -- in com.danielagapov.spawn.ServiceTests.FuzzySearchServiceTest
[INFO] Running com.danielagapov.spawn.ServiceTests.LocationServiceTests
17:28:58 DEBUG [o.s.w.s.m.m.a.HttpEntityMethodProcessor:120] Writing [[com.danielagapov.spawn.user.api.dto.FullFriendUserDTO@670906e4, com.danielagapov.spawn.user.api.dto (truncated)...]
[INFO] Tests run: 18, Failures: 0, Errors: 0, Skipped: 0, Time elapsed: 0.054 s -- in com.danielagapov.spawn.ServiceTests.LocationServiceTests
[INFO] Running com.danielagapov.spawn.RepositoryTests.FriendshipRepositoryTests
[INFO] Tests run: 3, Failures: 0, Errors: 0, Skipped: 0, Time elapsed: 2.078 s -- in com.danielagapov.spawn.ServiceTests.BlockedUserServiceTests
17:28:58 INFO  [o.s.t.c.s.AnnotationConfigContextLoaderUtils:83] Could not detect default configuration classes for test class [com.danielagapov.spawn.RepositoryTests.FriendshipRepositoryTests]: FriendshipRepositoryTests does not declare any static, non-private, non-final, nested classes annotated with @Configuration.
17:28:58 DEBUG [o.s.w.s.m.m.a.HttpEntityMethodProcessor:120] Writing [[com.danielagapov.spawn.user.api.dto.FullFriendUserDTO@a11396c]]
17:28:58 DEBUG [o.s.w.s.m.m.a.HttpEntityMethodProcessor:120] Writing [[com.danielagapov.spawn.user.api.dto.FullFriendUserDTO@a4575bc]]
[INFO] Tests run: 16, Failures: 0, Errors: 0, Skipped: 0, Time elapsed: 4.248 s -- in com.danielagapov.spawn.ControllerTests.UserControllerTests
[INFO] Tests run: 14, Failures: 0, Errors: 0, Skipped: 0, Time elapsed: 0.892 s -- in com.danielagapov.spawn.ServiceTests.BetaAccessSignUpServiceTests
17:28:58 INFO  [o.s.b.t.c.SpringBootTestContextBootstrapper:234] Found @SpringBootConfiguration com.danielagapov.spawn.SpawnApplication for test class com.danielagapov.spawn.RepositoryTests.FriendshipRepositoryTests
[INFO] Tests run: 30, Failures: 0, Errors: 0, Skipped: 0, Time elapsed: 1.169 s -- in com.danielagapov.spawn.ServiceTests.OAuthServiceTests
17:28:58 INFO  [o.s.d.r.c.RepositoryConfigurationDelegate:295] Multiple Spring Data modules found, entering strict repository configuration mode
17:28:58 INFO  [o.s.d.r.c.RepositoryConfigurationDelegate:143] Bootstrapping Spring Data JPA repositories in DEFAULT mode.
[INFO] Tests run: 15, Failures: 0, Errors: 0, Skipped: 0, Time elapsed: 2.263 s -- in com.danielagapov.spawn.ServiceTests.UserSearchServiceTests
[INFO] Tests run: 4, Failures: 0, Errors: 0, Skipped: 0, Time elapsed: 1.402 s -- in com.danielagapov.spawn.ServiceTests.FriendRequestServiceTests
[INFO] Tests run: 6, Failures: 0, Errors: 0, Skipped: 0, Time elapsed: 0.718 s -- in com.danielagapov.spawn.ServiceTests.FeedbackSubmissionServiceTests
17:28:58 INFO  [o.s.d.r.c.RepositoryConfigurationDelegate:211] Finished Spring Data repository scanning in 128 ms. Found 20 JPA repository interfaces.
17:29:00 INFO  [o.s.o.j.p.SpringPersistenceUnitInfo:87] No LoadTimeWeaver setup: ignoring JPA class transformer
17:29:00 INFO  [com.zaxxer.hikari.HikariDataSource:109] HikariPool-1 - Starting...
17:29:00 INFO  [com.zaxxer.hikari.pool.HikariPool:554] HikariPool-1 - Added connection conn0: url=jdbc:h2:mem:testdb user=SA
17:29:00 INFO  [com.zaxxer.hikari.HikariDataSource:122] HikariPool-1 - Start completed.
17:29:00 WARN  [org.hibernate.orm.deprecation:153] HHH90000025: H2Dialect does not need to be specified explicitly using 'hibernate.dialect' (remove the property setting and it will be selected by default)
17:29:01 DEBUG [org.hibernate.SQL:135] 
    drop table if exists "activity_type_associated_friends" cascade 
Hibernate: 
    drop table if exists "activity_type_associated_friends" cascade 
17:29:01 DEBUG [org.hibernate.SQL:135] 
    drop table if exists activity cascade 
Hibernate: 
    drop table if exists activity cascade 
17:29:01 DEBUG [org.hibernate.SQL:135] 
    drop table if exists activity_user cascade 
Hibernate: 
    drop table if exists activity_user cascade 
17:29:01 DEBUG [org.hibernate.SQL:135] 
    drop table if exists activity_type cascade 
Hibernate: 
    drop table if exists activity_type cascade 
17:29:01 DEBUG [org.hibernate.SQL:135] 
    drop table if exists beta_access_sign_up cascade 
Hibernate: 
    drop table if exists beta_access_sign_up cascade 
17:29:01 DEBUG [org.hibernate.SQL:135] 
    drop table if exists blocked_user cascade 
Hibernate: 
    drop table if exists blocked_user cascade 
17:29:01 DEBUG [org.hibernate.SQL:135] 
    drop table if exists chat_message_like cascade 
Hibernate: 
    drop table if exists chat_message_like cascade 
17:29:01 DEBUG [org.hibernate.SQL:135] 
    drop table if exists chat_message cascade 
Hibernate: 
    drop table if exists chat_message cascade 
17:29:01 DEBUG [org.hibernate.SQL:135] 
    drop table if exists device_token cascade 
Hibernate: 
    drop table if exists device_token cascade 
17:29:01 DEBUG [org.hibernate.SQL:135] 
    drop table if exists email_verification cascade 
Hibernate: 
    drop table if exists email_verification cascade 
17:29:01 DEBUG [org.hibernate.SQL:135] 
    drop table if exists feedback_submission cascade 
Hibernate: 
    drop table if exists feedback_submission cascade 
17:29:01 DEBUG [org.hibernate.SQL:135] 
    drop table if exists friend_request cascade 
Hibernate: 
    drop table if exists friend_request cascade 
17:29:01 DEBUG [org.hibernate.SQL:135] 
    drop table if exists friendship cascade 
Hibernate: 
    drop table if exists friendship cascade 
17:29:01 DEBUG [org.hibernate.SQL:135] 
    drop table if exists location cascade 
Hibernate: 
    drop table if exists location cascade 
17:29:01 DEBUG [org.hibernate.SQL:135] 
    drop table if exists notification_preferences cascade 
Hibernate: 
    drop table if exists notification_preferences cascade 
17:29:01 DEBUG [org.hibernate.SQL:135] 
    drop table if exists reported_content cascade 
Hibernate: 
    drop table if exists reported_content cascade 
17:29:01 DEBUG [org.hibernate.SQL:135] 
    drop table if exists share_link cascade 
Hibernate: 
    drop table if exists share_link cascade 
17:29:01 DEBUG [org.hibernate.SQL:135] 
    drop table if exists "user" cascade 
Hibernate: 
    drop table if exists "user" cascade 
17:29:01 DEBUG [org.hibernate.SQL:135] 
    drop table if exists user_interests cascade 
Hibernate: 
    drop table if exists user_interests cascade 
17:29:01 DEBUG [org.hibernate.SQL:135] 
    drop table if exists user_social_media cascade 
Hibernate: 
    drop table if exists user_social_media cascade 
17:29:01 DEBUG [org.hibernate.SQL:135] 
    drop table if exists user_id_external_id_map cascade 
Hibernate: 
    drop table if exists user_id_external_id_map cascade 
17:29:01 DEBUG [org.hibernate.SQL:135] 
    drop sequence if exists notification_preferences_seq
Hibernate: 
    drop sequence if exists notification_preferences_seq
17:29:01 DEBUG [org.hibernate.SQL:135] 
    create sequence notification_preferences_seq start with 1 increment by 50
Hibernate: 
    create sequence notification_preferences_seq start with 1 increment by 50
17:29:01 DEBUG [org.hibernate.SQL:135] 
    create table "activity_type_associated_friends" (
        activity_type_id uuid not null,
        "associated_friends_id" uuid not null
    )
Hibernate: 
    create table "activity_type_associated_friends" (
        activity_type_id uuid not null,
        "associated_friends_id" uuid not null
    )
17:29:01 DEBUG [org.hibernate.SQL:135] 
    create table activity (
        participant_limit integer,
        created_at timestamp(6) with time zone,
        end_time timestamp(6) with time zone,
        last_updated timestamp(6) with time zone,
        start_time timestamp(6) with time zone,
        activity_type_id uuid,
        creator_id uuid not null,
        id uuid not null,
        location_id uuid not null,
        client_timezone varchar(255),
        color_hex_code varchar(255),
        icon varchar(255),
        note varchar(255),
        title varchar(255),
        primary key (id)
    )
Hibernate: 
    create table activity (
        participant_limit integer,
        created_at timestamp(6) with time zone,
        end_time timestamp(6) with time zone,
        last_updated timestamp(6) with time zone,
        start_time timestamp(6) with time zone,
        activity_type_id uuid,
        creator_id uuid not null,
        id uuid not null,
        location_id uuid not null,
        client_timezone varchar(255),
        color_hex_code varchar(255),
        icon varchar(255),
        note varchar(255),
        title varchar(255),
        primary key (id)
    )
17:29:01 DEBUG [org.hibernate.SQL:135] 
    create table activity_user (
        activity_id uuid not null,
        user_id uuid not null,
        status enum ('invited','notInvited','participating'),
        primary key (activity_id, user_id)
    )
Hibernate: 
    create table activity_user (
        activity_id uuid not null,
        user_id uuid not null,
        status enum ('invited','notInvited','participating'),
        primary key (activity_id, user_id)
    )
17:29:01 DEBUG [org.hibernate.SQL:135] 
    create table activity_type (
        is_pinned boolean not null,
        order_num integer,
        creator_id uuid not null,
        id uuid not null,
        icon VARCHAR(100) CHARACTER SET utf8mb4 COLLATE utf8mb4_unicode_ci,
        title varchar(255),
        primary key (id),
        constraint UK_activity_type_creator_order unique (creator_id, order_num)
    )
Hibernate: 
    create table activity_type (
        is_pinned boolean not null,
        order_num integer,
        creator_id uuid not null,
        id uuid not null,
        icon VARCHAR(100) CHARACTER SET utf8mb4 COLLATE utf8mb4_unicode_ci,
        title varchar(255),
        primary key (id),
        constraint UK_activity_type_creator_order unique (creator_id, order_num)
    )
17:29:01 DEBUG [org.hibernate.SQL:135] 
    create table beta_access_sign_up (
        has_been_emailed boolean,
        has_subscribed_to_newsletter boolean,
        signed_up_at timestamp(6) with time zone,
        id uuid not null,
        email varchar(255) not null unique,
        primary key (id)
    )
Hibernate: 
    create table beta_access_sign_up (
        has_been_emailed boolean,
        has_subscribed_to_newsletter boolean,
        signed_up_at timestamp(6) with time zone,
        id uuid not null,
        email varchar(255) not null unique,
        primary key (id)
    )
17:29:01 DEBUG [org.hibernate.SQL:135] 
    create table blocked_user (
        blocked_id uuid not null,
        blocker_id uuid not null,
        id uuid not null,
        reason varchar(500),
        primary key (id),
        unique (blocker_id, blocked_id)
    )
Hibernate: 
    create table blocked_user (
        blocked_id uuid not null,
        blocker_id uuid not null,
        id uuid not null,
        reason varchar(500),
        primary key (id),
        unique (blocker_id, blocked_id)
    )
17:29:01 DEBUG [org.hibernate.SQL:135] 
    create table chat_message_like (
        chat_message_id uuid not null,
        user_id uuid not null,
        primary key (chat_message_id, user_id)
    )
Hibernate: 
    create table chat_message_like (
        chat_message_id uuid not null,
        user_id uuid not null,
        primary key (chat_message_id, user_id)
    )
17:29:01 DEBUG [org.hibernate.SQL:135] 
    create table chat_message (
        timestamp timestamp(6) with time zone,
        activity_id uuid not null,
        id uuid not null,
        user_id uuid not null,
        content varchar(1000),
        primary key (id)
    )
Hibernate: 
    create table chat_message (
        timestamp timestamp(6) with time zone,
        activity_id uuid not null,
        id uuid not null,
        user_id uuid not null,
        content varchar(1000),
        primary key (id)
    )
17:29:01 DEBUG [org.hibernate.SQL:135] 
    create table device_token (
        id uuid not null,
        user_id uuid not null,
        token varchar(255) not null unique,
        device_type enum ('ANDROID','IOS'),
        primary key (id)
    )
Hibernate: 
    create table device_token (
        id uuid not null,
        user_id uuid not null,
        token varchar(255) not null unique,
        device_type enum ('ANDROID','IOS'),
        primary key (id)
    )
17:29:01 DEBUG [org.hibernate.SQL:135] 
    create table email_verification (
        check_attempts integer not null,
        send_attempts integer not null,
        code_expires_at timestamp(6) with time zone,
        last_check_attempt_at timestamp(6) with time zone,
        last_send_attempt_at timestamp(6) with time zone,
        next_check_attempt_at timestamp(6) with time zone,
        next_send_attempt_at timestamp(6) with time zone,
        id uuid not null,
        "user_id" uuid unique,
        email varchar(255) unique,
        verification_code varchar(255) not null unique,
        primary key (id)
    )
Hibernate: 
    create table email_verification (
        check_attempts integer not null,
        send_attempts integer not null,
        code_expires_at timestamp(6) with time zone,
        last_check_attempt_at timestamp(6) with time zone,
        last_send_attempt_at timestamp(6) with time zone,
        next_check_attempt_at timestamp(6) with time zone,
        next_send_attempt_at timestamp(6) with time zone,
        id uuid not null,
        "user_id" uuid unique,
        email varchar(255) unique,
        verification_code varchar(255) not null unique,
        primary key (id)
    )
17:29:01 DEBUG [org.hibernate.SQL:135] 
    create table feedback_submission (
        submitted_at timestamp(6) with time zone,
        from_user_id uuid,
        id uuid not null,
        from_user_email varchar(255),
        image_url varchar(255),
        message TEXT,
        resolution_comment TEXT,
        status enum ('IN_PROGRESS','PENDING','RESOLVED'),
        type enum ('BUG','FEATURE_REQUEST','GENERAL_FEEDBACK'),
        primary key (id)
    )
Hibernate: 
    create table feedback_submission (
        submitted_at timestamp(6) with time zone,
        from_user_id uuid,
        id uuid not null,
        from_user_email varchar(255),
        image_url varchar(255),
        message TEXT,
        resolution_comment TEXT,
        status enum ('IN_PROGRESS','PENDING','RESOLVED'),
        type enum ('BUG','FEATURE_REQUEST','GENERAL_FEEDBACK'),
        primary key (id)
    )
17:29:01 DEBUG [org.hibernate.SQL:135] 
    create table friend_request (
        created_at TIMESTAMP DEFAULT CURRENT_TIMESTAMP not null,
        id uuid not null,
        receiver_id uuid not null,
        sender_id uuid not null,
        primary key (id),
        unique (sender_id, receiver_id)
    )
Hibernate: 
    create table friend_request (
        created_at TIMESTAMP DEFAULT CURRENT_TIMESTAMP not null,
        id uuid not null,
        receiver_id uuid not null,
        sender_id uuid not null,
        primary key (id),
        unique (sender_id, receiver_id)
    )
17:29:01 DEBUG [org.hibernate.SQL:135] 
    create table friendship (
        created_at timestamp(6) with time zone not null,
        id uuid not null,
        user_a_id uuid not null,
        user_b_id uuid not null,
        primary key (id),
        unique (user_a_id, user_b_id)
    )
Hibernate: 
    create table friendship (
        created_at timestamp(6) with time zone not null,
        id uuid not null,
        user_a_id uuid not null,
        user_b_id uuid not null,
        primary key (id),
        unique (user_a_id, user_b_id)
    )
17:29:01 DEBUG [org.hibernate.SQL:135] 
    create table location (
        latitude float(53) not null,
        longitude float(53) not null,
        id uuid not null,
        name varchar(200),
        primary key (id)
    )
Hibernate: 
    create table location (
        latitude float(53) not null,
        longitude float(53) not null,
        id uuid not null,
        name varchar(200),
        primary key (id)
    )
17:29:01 DEBUG [org.hibernate.SQL:135] 
    create table notification_preferences (
        activity_invites_enabled boolean not null,
        activity_updates_enabled boolean not null,
        chat_messages_enabled boolean not null,
        friend_requests_enabled boolean not null,
        id bigint not null,
        user_id uuid not null unique,
        primary key (id)
    )
Hibernate: 
    create table notification_preferences (
        activity_invites_enabled boolean not null,
        activity_updates_enabled boolean not null,
        chat_messages_enabled boolean not null,
        friend_requests_enabled boolean not null,
        id bigint not null,
        user_id uuid not null unique,
        primary key (id)
    )
17:29:01 DEBUG [org.hibernate.SQL:135] 
    create table reported_content (
        content_type tinyint not null check (content_type between 0 and 11),
        report_type tinyint not null check (report_type between 0 and 3),
        resolution tinyint not null check (resolution between 0 and 4),
        time_reported timestamp(6) with time zone not null,
        content_id uuid not null,
        "content_owner_id" uuid not null,
        id uuid not null,
        "reporter_id" uuid,
        description varchar(255),
        primary key (id)
    )
Hibernate: 
    create table reported_content (
        content_type tinyint not null check (content_type between 0 and 11),
        report_type tinyint not null check (report_type between 0 and 3),
        resolution tinyint not null check (resolution between 0 and 4),
        time_reported timestamp(6) with time zone not null,
        content_id uuid not null,
        "content_owner_id" uuid not null,
        id uuid not null,
        "reporter_id" uuid,
        description varchar(255),
        primary key (id)
    )
17:29:01 DEBUG [org.hibernate.SQL:135] 
    create table share_link (
        created_at timestamp(6) with time zone not null,
        expires_at timestamp(6) with time zone,
        id uuid not null,
        target_id uuid not null,
        share_code varchar(50) not null unique,
        type enum ('ACTIVITY','PROFILE') not null,
        primary key (id)
    )
Hibernate: 
    create table share_link (
        created_at timestamp(6) with time zone not null,
        expires_at timestamp(6) with time zone,
        id uuid not null,
        target_id uuid not null,
        share_code varchar(50) not null unique,
        type enum ('ACTIVITY','PROFILE') not null,
        primary key (id)
    )
17:29:01 DEBUG [org.hibernate.SQL:135] 
    create table "user" (
        has_completed_onboarding BOOLEAN DEFAULT FALSE not null,
        status tinyint not null check (status between 0 and 4),
        date_created timestamp(6),
        last_updated timestamp(6) with time zone,
        id uuid not null,
        bio varchar(255),
        email varchar(255) unique,
        name varchar(255),
        password varchar(255),
        phone_number varchar(255) unique,
        profile_picture_url_string varchar(255),
        username varchar(255) unique,
        primary key (id)
    )
Hibernate: 
    create table "user" (
        has_completed_onboarding BOOLEAN DEFAULT FALSE not null,
        status tinyint not null check (status between 0 and 4),
        date_created timestamp(6),
        last_updated timestamp(6) with time zone,
        id uuid not null,
        bio varchar(255),
        email varchar(255) unique,
        name varchar(255),
        password varchar(255),
        phone_number varchar(255) unique,
        profile_picture_url_string varchar(255),
        username varchar(255) unique,
        primary key (id)
    )
17:29:01 DEBUG [org.hibernate.SQL:135] 
    create table user_interests (
        created_at timestamp(6) with time zone,
        id uuid not null,
        user_id uuid not null,
        interest varchar(255) not null,
        primary key (id)
    )
Hibernate: 
    create table user_interests (
        created_at timestamp(6) with time zone,
        id uuid not null,
        user_id uuid not null,
        interest varchar(255) not null,
        primary key (id)
    )
17:29:01 DEBUG [org.hibernate.SQL:135] 
    create table user_social_media (
        last_updated timestamp(6) with time zone,
        id uuid not null,
        user_id uuid not null unique,
        instagram_username varchar(255),
        whatsapp_number varchar(255),
        primary key (id)
    )
Hibernate: 
    create table user_social_media (
        last_updated timestamp(6) with time zone,
        id uuid not null,
        user_id uuid not null unique,
        instagram_username varchar(255),
        whatsapp_number varchar(255),
        primary key (id)
    )
17:29:01 DEBUG [org.hibernate.SQL:135] 
    create table user_id_external_id_map (
        user_id uuid not null unique,
        id varchar(255) not null,
        provider enum ('apple','google'),
        primary key (id)
    )
Hibernate: 
    create table user_id_external_id_map (
        user_id uuid not null unique,
        id varchar(255) not null,
        provider enum ('apple','google'),
        primary key (id)
    )
17:29:01 DEBUG [org.hibernate.SQL:135] 
    create index idx_creator_id 
       on activity (creator_id)
Hibernate: 
    create index idx_creator_id 
       on activity (creator_id)
17:29:01 DEBUG [org.hibernate.SQL:135] 
    create index idx_start_time 
       on activity (start_time)
Hibernate: 
    create index idx_start_time 
       on activity (start_time)
17:29:01 DEBUG [org.hibernate.SQL:135] 
    create index idx_end_time 
       on activity (end_time)
Hibernate: 
    create index idx_end_time 
       on activity (end_time)
17:29:01 DEBUG [org.hibernate.SQL:135] 
    create index idx_last_updated 
       on activity (last_updated)
Hibernate: 
    create index idx_last_updated 
       on activity (last_updated)
17:29:01 DEBUG [org.hibernate.SQL:135] 
    create index idx_created_at 
       on activity (created_at)
Hibernate: 
    create index idx_created_at 
       on activity (created_at)
17:29:01 DEBUG [org.hibernate.SQL:135] 
    create index idx_activity_id 
       on activity_user (activity_id)
Hibernate: 
    create index idx_activity_id 
       on activity_user (activity_id)
17:29:01 DEBUG [org.hibernate.SQL:135] 
    create index idx_user_id 
       on activity_user (user_id)
Hibernate: 
    create index idx_user_id 
       on activity_user (user_id)
17:29:01 DEBUG [org.hibernate.SQL:135] 
    create index idx_status 
       on activity_user (status)
Hibernate: 
    create index idx_status 
       on activity_user (status)
17:29:01 DEBUG [org.hibernate.SQL:135] 
    create index idx_user_status 
       on activity_user (user_id, status)
Hibernate: 
    create index idx_user_status 
       on activity_user (user_id, status)
17:29:01 DEBUG [org.hibernate.SQL:135] 
    create index idx_activity_status 
       on activity_user (activity_id, status)
Hibernate: 
    create index idx_activity_status 
       on activity_user (activity_id, status)
17:29:01 DEBUG [org.hibernate.SQL:135] 
    create index idx_sender_id 
       on friend_request (sender_id)
Hibernate: 
    create index idx_sender_id 
       on friend_request (sender_id)
17:29:01 DEBUG [org.hibernate.SQL:135] 
    create index idx_receiver_id 
       on friend_request (receiver_id)
Hibernate: 
    create index idx_receiver_id 
       on friend_request (receiver_id)
17:29:01 DEBUG [org.hibernate.SQL:135] 
    create index idx_created_at 
       on friend_request (created_at)
Hibernate: 
    create index idx_created_at 
       on friend_request (created_at)
17:29:01 WARN  [o.h.t.s.i.ExceptionHandlerLoggedImpl:27] GenerationTarget encountered exception accepting command : Error executing DDL "
    create index idx_created_at 
       on friend_request (created_at)" via JDBC [Index "IDX_CREATED_AT" already exists;]
org.hibernate.tool.schema.spi.CommandAcceptanceException: Error executing DDL "
    create index idx_created_at 
       on friend_request (created_at)" via JDBC [Index "IDX_CREATED_AT" already exists;]
	at org.hibernate.tool.schema.internal.exec.GenerationTargetToDatabase.accept(GenerationTargetToDatabase.java:94)
	at org.hibernate.tool.schema.internal.Helper.applySqlString(Helper.java:233)
	at org.hibernate.tool.schema.internal.Helper.applySqlStrings(Helper.java:217)
	at org.hibernate.tool.schema.internal.SchemaCreatorImpl.createTableConstraints(SchemaCreatorImpl.java:390)
	at org.hibernate.tool.schema.internal.SchemaCreatorImpl.createSequencesTablesConstraints(SchemaCreatorImpl.java:356)
	at org.hibernate.tool.schema.internal.SchemaCreatorImpl.createFromMetadata(SchemaCreatorImpl.java:239)
	at org.hibernate.tool.schema.internal.SchemaCreatorImpl.performCreation(SchemaCreatorImpl.java:172)
	at org.hibernate.tool.schema.internal.SchemaCreatorImpl.doCreation(SchemaCreatorImpl.java:142)
	at org.hibernate.tool.schema.internal.SchemaCreatorImpl.doCreation(SchemaCreatorImpl.java:118)
	at org.hibernate.tool.schema.spi.SchemaManagementToolCoordinator.performDatabaseAction(SchemaManagementToolCoordinator.java:250)
	at org.hibernate.tool.schema.spi.SchemaManagementToolCoordinator.lambda$process$5(SchemaManagementToolCoordinator.java:144)
	at java.base/java.util.HashMap.forEach(HashMap.java:1421)
	at org.hibernate.tool.schema.spi.SchemaManagementToolCoordinator.process(SchemaManagementToolCoordinator.java:141)
	at org.hibernate.boot.internal.SessionFactoryObserverForSchemaExport.sessionFactoryCreated(SessionFactoryObserverForSchemaExport.java:37)
	at org.hibernate.internal.SessionFactoryObserverChain.sessionFactoryCreated(SessionFactoryObserverChain.java:35)
	at org.hibernate.internal.SessionFactoryImpl.<init>(SessionFactoryImpl.java:322)
	at org.hibernate.boot.internal.SessionFactoryBuilderImpl.build(SessionFactoryBuilderImpl.java:457)
	at org.hibernate.jpa.boot.internal.EntityManagerFactoryBuilderImpl.build(EntityManagerFactoryBuilderImpl.java:1506)
	at org.springframework.orm.jpa.vendor.SpringHibernateJpaPersistenceProvider.createContainerEntityManagerFactory(SpringHibernateJpaPersistenceProvider.java:75)
	at org.springframework.orm.jpa.LocalContainerEntityManagerFactoryBean.createNativeEntityManagerFactory(LocalContainerEntityManagerFactoryBean.java:390)
	at org.springframework.orm.jpa.AbstractEntityManagerFactoryBean.buildNativeEntityManagerFactory(AbstractEntityManagerFactoryBean.java:409)
	at org.springframework.orm.jpa.AbstractEntityManagerFactoryBean.afterPropertiesSet(AbstractEntityManagerFactoryBean.java:396)
	at org.springframework.orm.jpa.LocalContainerEntityManagerFactoryBean.afterPropertiesSet(LocalContainerEntityManagerFactoryBean.java:366)
	at org.springframework.beans.factory.support.AbstractAutowireCapableBeanFactory.invokeInitMethods(AbstractAutowireCapableBeanFactory.java:1853)
	at org.springframework.beans.factory.support.AbstractAutowireCapableBeanFactory.initializeBean(AbstractAutowireCapableBeanFactory.java:1802)
	at org.springframework.beans.factory.support.AbstractAutowireCapableBeanFactory.doCreateBean(AbstractAutowireCapableBeanFactory.java:600)
	at org.springframework.beans.factory.support.AbstractAutowireCapableBeanFactory.createBean(AbstractAutowireCapableBeanFactory.java:522)
	at org.springframework.beans.factory.support.AbstractBeanFactory.lambda$doGetBean$0(AbstractBeanFactory.java:337)
	at org.springframework.beans.factory.support.DefaultSingletonBeanRegistry.getSingleton(DefaultSingletonBeanRegistry.java:234)
	at org.springframework.beans.factory.support.AbstractBeanFactory.doGetBean(AbstractBeanFactory.java:335)
	at org.springframework.beans.factory.support.AbstractBeanFactory.getBean(AbstractBeanFactory.java:205)
	at org.springframework.context.support.AbstractApplicationContext.finishBeanFactoryInitialization(AbstractApplicationContext.java:954)
	at org.springframework.context.support.AbstractApplicationContext.refresh(AbstractApplicationContext.java:625)
	at org.springframework.boot.SpringApplication.refresh(SpringApplication.java:754)
	at org.springframework.boot.SpringApplication.refreshContext(SpringApplication.java:456)
	at org.springframework.boot.SpringApplication.run(SpringApplication.java:335)
	at org.springframework.boot.test.context.SpringBootContextLoader.lambda$loadContext$3(SpringBootContextLoader.java:137)
	at org.springframework.util.function.ThrowingSupplier.get(ThrowingSupplier.java:58)
	at org.springframework.util.function.ThrowingSupplier.get(ThrowingSupplier.java:46)
	at org.springframework.boot.SpringApplication.withHook(SpringApplication.java:1463)
	at org.springframework.boot.test.context.SpringBootContextLoader$ContextLoaderHook.run(SpringBootContextLoader.java:553)
	at org.springframework.boot.test.context.SpringBootContextLoader.loadContext(SpringBootContextLoader.java:137)
	at org.springframework.boot.test.context.SpringBootContextLoader.loadContext(SpringBootContextLoader.java:108)
	at org.springframework.test.context.cache.DefaultCacheAwareContextLoaderDelegate.loadContextInternal(DefaultCacheAwareContextLoaderDelegate.java:225)
	at org.springframework.test.context.cache.DefaultCacheAwareContextLoaderDelegate.loadContext(DefaultCacheAwareContextLoaderDelegate.java:152)
	at org.springframework.test.context.support.DefaultTestContext.getApplicationContext(DefaultTestContext.java:130)
	at org.springframework.test.context.web.ServletTestExecutionListener.setUpRequestContextIfNecessary(ServletTestExecutionListener.java:191)
	at org.springframework.test.context.web.ServletTestExecutionListener.prepareTestInstance(ServletTestExecutionListener.java:130)
	at org.springframework.test.context.TestContextManager.prepareTestInstance(TestContextManager.java:260)
	at org.springframework.test.context.junit.jupiter.SpringExtension.postProcessTestInstance(SpringExtension.java:163)
	at org.junit.jupiter.engine.descriptor.ClassBasedTestDescriptor.lambda$invokeTestInstancePostProcessors$10(ClassBasedTestDescriptor.java:378)
	at org.junit.jupiter.engine.descriptor.ClassBasedTestDescriptor.executeAndMaskThrowable(ClassBasedTestDescriptor.java:383)
	at org.junit.jupiter.engine.descriptor.ClassBasedTestDescriptor.lambda$invokeTestInstancePostProcessors$11(ClassBasedTestDescriptor.java:378)
	at java.base/java.util.stream.ReferencePipeline$3$1.accept(ReferencePipeline.java:197)
	at java.base/java.util.stream.ReferencePipeline$2$1.accept(ReferencePipeline.java:179)
	at java.base/java.util.ArrayList$ArrayListSpliterator.forEachRemaining(ArrayList.java:1625)
	at java.base/java.util.stream.AbstractPipeline.copyInto(AbstractPipeline.java:509)
	at java.base/java.util.stream.AbstractPipeline.wrapAndCopyInto(AbstractPipeline.java:499)
	at java.base/java.util.stream.StreamSpliterators$WrappingSpliterator.forEachRemaining(StreamSpliterators.java:310)
	at java.base/java.util.stream.Streams$ConcatSpliterator.forEachRemaining(Streams.java:735)
	at java.base/java.util.stream.Streams$ConcatSpliterator.forEachRemaining(Streams.java:734)
	at java.base/java.util.stream.ReferencePipeline$Head.forEach(ReferencePipeline.java:762)
	at org.junit.jupiter.engine.descriptor.ClassBasedTestDescriptor.invokeTestInstancePostProcessors(ClassBasedTestDescriptor.java:377)
	at org.junit.jupiter.engine.descriptor.ClassBasedTestDescriptor.lambda$instantiateAndPostProcessTestInstance$6(ClassBasedTestDescriptor.java:290)
	at org.junit.platform.engine.support.hierarchical.ThrowableCollector.execute(ThrowableCollector.java:73)
	at org.junit.jupiter.engine.descriptor.ClassBasedTestDescriptor.instantiateAndPostProcessTestInstance(ClassBasedTestDescriptor.java:289)
	at org.junit.jupiter.engine.descriptor.ClassBasedTestDescriptor.lambda$testInstancesProvider$4(ClassBasedTestDescriptor.java:279)
	at java.base/java.util.Optional.orElseGet(Optional.java:364)
	at org.junit.jupiter.engine.descriptor.ClassBasedTestDescriptor.lambda$testInstancesProvider$5(ClassBasedTestDescriptor.java:278)
	at org.junit.jupiter.engine.execution.TestInstancesProvider.getTestInstances(TestInstancesProvider.java:31)
	at org.junit.jupiter.engine.descriptor.TestMethodTestDescriptor.lambda$prepare$0(TestMethodTestDescriptor.java:106)
	at org.junit.platform.engine.support.hierarchical.ThrowableCollector.execute(ThrowableCollector.java:73)
	at org.junit.jupiter.engine.descriptor.TestMethodTestDescriptor.prepare(TestMethodTestDescriptor.java:105)
	at org.junit.jupiter.engine.descriptor.TestMethodTestDescriptor.prepare(TestMethodTestDescriptor.java:69)
	at org.junit.platform.engine.support.hierarchical.NodeTestTask.lambda$prepare$2(NodeTestTask.java:128)
	at org.junit.platform.engine.support.hierarchical.ThrowableCollector.execute(ThrowableCollector.java:73)
	at org.junit.platform.engine.support.hierarchical.NodeTestTask.prepare(NodeTestTask.java:128)
	at org.junit.platform.engine.support.hierarchical.NodeTestTask.execute(NodeTestTask.java:95)
	at org.junit.platform.engine.support.hierarchical.ForkJoinPoolHierarchicalTestExecutorService$ExclusiveTask.exec(ForkJoinPoolHierarchicalTestExecutorService.java:274)
	at org.junit.platform.engine.support.hierarchical.ForkJoinPoolHierarchicalTestExecutorService$ExclusiveTask.execSync(ForkJoinPoolHierarchicalTestExecutorService.java:247)
	at org.junit.platform.engine.support.hierarchical.ForkJoinPoolHierarchicalTestExecutorService.invokeAll(ForkJoinPoolHierarchicalTestExecutorService.java:159)
	at org.junit.platform.engine.support.hierarchical.NodeTestTask.lambda$executeRecursively$6(NodeTestTask.java:160)
	at org.junit.platform.engine.support.hierarchical.ThrowableCollector.execute(ThrowableCollector.java:73)
	at org.junit.platform.engine.support.hierarchical.NodeTestTask.lambda$executeRecursively$8(NodeTestTask.java:146)
	at org.junit.platform.engine.support.hierarchical.Node.around(Node.java:137)
	at org.junit.platform.engine.support.hierarchical.NodeTestTask.lambda$executeRecursively$9(NodeTestTask.java:144)
	at org.junit.platform.engine.support.hierarchical.ThrowableCollector.execute(ThrowableCollector.java:73)
	at org.junit.platform.engine.support.hierarchical.NodeTestTask.executeRecursively(NodeTestTask.java:143)
	at org.junit.platform.engine.support.hierarchical.NodeTestTask.execute(NodeTestTask.java:100)
	at org.junit.platform.engine.support.hierarchical.ForkJoinPoolHierarchicalTestExecutorService$ExclusiveTask.exec(ForkJoinPoolHierarchicalTestExecutorService.java:274)
	at org.junit.platform.engine.support.hierarchical.ForkJoinPoolHierarchicalTestExecutorService$ExclusiveTask.execSync(ForkJoinPoolHierarchicalTestExecutorService.java:247)
	at org.junit.platform.engine.support.hierarchical.ForkJoinPoolHierarchicalTestExecutorService.executeSync(ForkJoinPoolHierarchicalTestExecutorService.java:194)
	at org.junit.platform.engine.support.hierarchical.ForkJoinPoolHierarchicalTestExecutorService.invokeAll(ForkJoinPoolHierarchicalTestExecutorService.java:166)
	at org.junit.platform.engine.support.hierarchical.NodeTestTask.lambda$executeRecursively$6(NodeTestTask.java:160)
	at org.junit.platform.engine.support.hierarchical.ThrowableCollector.execute(ThrowableCollector.java:73)
	at org.junit.platform.engine.support.hierarchical.NodeTestTask.lambda$executeRecursively$8(NodeTestTask.java:146)
	at org.junit.platform.engine.support.hierarchical.Node.around(Node.java:137)
	at org.junit.platform.engine.support.hierarchical.NodeTestTask.lambda$executeRecursively$9(NodeTestTask.java:144)
	at org.junit.platform.engine.support.hierarchical.ThrowableCollector.execute(ThrowableCollector.java:73)
	at org.junit.platform.engine.support.hierarchical.NodeTestTask.executeRecursively(NodeTestTask.java:143)
	at org.junit.platform.engine.support.hierarchical.NodeTestTask.execute(NodeTestTask.java:100)
	at org.junit.platform.engine.support.hierarchical.ForkJoinPoolHierarchicalTestExecutorService$ExclusiveTask.exec(ForkJoinPoolHierarchicalTestExecutorService.java:274)
	at java.base/java.util.concurrent.ForkJoinTask.doExec(ForkJoinTask.java:373)
	at java.base/java.util.concurrent.ForkJoinPool$WorkQueue.topLevelExec(ForkJoinPool.java:1182)
	at java.base/java.util.concurrent.ForkJoinPool.scan(ForkJoinPool.java:1655)
	at java.base/java.util.concurrent.ForkJoinPool.runWorker(ForkJoinPool.java:1622)
	at java.base/java.util.concurrent.ForkJoinWorkerThread.run(ForkJoinWorkerThread.java:165)
Caused by: org.h2.jdbc.JdbcSQLSyntaxErrorException: Index "IDX_CREATED_AT" already exists; SQL statement:

    create index idx_created_at 
       on friend_request (create [42111-224]
	at org.h2.message.DbException.getJdbcSQLException(DbException.java:514)
	at org.h2.message.DbException.getJdbcSQLException(DbException.java:489)
	at org.h2.message.DbException.get(DbException.java:223)
	at org.h2.message.DbException.get(DbException.java:199)
	at org.h2.command.ddl.CreateIndex.update(CreateIndex.java:76)
	at org.h2.command.CommandContainer.update(CommandContainer.java:169)
	at org.h2.command.Command.executeUpdate(Command.java:256)
	at org.h2.jdbc.JdbcStatement.executeInternal(JdbcStatement.java:262)
	at org.h2.jdbc.JdbcStatement.execute(JdbcStatement.java:231)
	at com.zaxxer.hikari.pool.ProxyStatement.execute(ProxyStatement.java:94)
	at com.zaxxer.hikari.pool.HikariProxyStatement.execute(HikariProxyStatement.java)
	at org.hibernate.tool.schema.internal.exec.GenerationTargetToDatabase.accept(GenerationTargetToDatabase.java:80)
	... 106 common frames omitted
17:29:01 DEBUG [org.hibernate.SQL:135] 
    create index idx_user_a_id 
       on friendship (user_a_id)
Hibernate: 
    create index idx_user_a_id 
       on friendship (user_a_id)
17:29:01 DEBUG [org.hibernate.SQL:135] 
    create index idx_user_b_id 
       on friendship (user_b_id)
Hibernate: 
    create index idx_user_b_id 
       on friendship (user_b_id)
17:29:01 DEBUG [org.hibernate.SQL:135] 
    create index idx_target_id_type 
       on share_link (target_id, type)
Hibernate: 
    create index idx_target_id_type 
       on share_link (target_id, type)
17:29:01 DEBUG [org.hibernate.SQL:135] 
    create index idx_expires_at 
       on share_link (expires_at)
Hibernate: 
    create index idx_expires_at 
       on share_link (expires_at)
17:29:01 DEBUG [org.hibernate.SQL:135] 
    create index idx_name 
       on "user" (name)
Hibernate: 
    create index idx_name 
       on "user" (name)
17:29:01 DEBUG [org.hibernate.SQL:135] 
    create index idx_email 
       on "user" (email)
Hibernate: 
    create index idx_email 
       on "user" (email)
17:29:01 DEBUG [org.hibernate.SQL:135] 
    create index idx_username 
       on "user" (username)
Hibernate: 
    create index idx_username 
       on "user" (username)
17:29:01 DEBUG [org.hibernate.SQL:135] 
    create index idx_phone_number 
       on "user" (phone_number)
Hibernate: 
    create index idx_phone_number 
       on "user" (phone_number)
17:29:01 DEBUG [org.hibernate.SQL:135] 
    alter table if exists "activity_type_associated_friends" 
       add constraint FK48m6vkmhfo618cr810pvm68fo 
       foreign key ("associated_friends_id") 
       references "user"
Hibernate: 
    alter table if exists "activity_type_associated_friends" 
       add constraint FK48m6vkmhfo618cr810pvm68fo 
       foreign key ("associated_friends_id") 
       references "user"
17:29:01 DEBUG [org.hibernate.SQL:135] 
    alter table if exists "activity_type_associated_friends" 
       add constraint FK2pwgc2d4hnjc0u138qkjmy2vf 
       foreign key (activity_type_id) 
       references activity_type
Hibernate: 
    alter table if exists "activity_type_associated_friends" 
       add constraint FK2pwgc2d4hnjc0u138qkjmy2vf 
       foreign key (activity_type_id) 
       references activity_type
17:29:01 DEBUG [org.hibernate.SQL:135] 
    alter table if exists activity 
       add constraint FKr3eyl6gtlxqo765x6p6xbhvnr 
       foreign key (activity_type_id) 
       references activity_type 
       on delete set null
Hibernate: 
    alter table if exists activity 
       add constraint FKr3eyl6gtlxqo765x6p6xbhvnr 
       foreign key (activity_type_id) 
       references activity_type 
       on delete set null
17:29:01 DEBUG [org.hibernate.SQL:135] 
    alter table if exists activity 
       add constraint FKhh2f4booy3m8l9yyi0liorpwd 
       foreign key (creator_id) 
       references "user" 
       on delete cascade
Hibernate: 
    alter table if exists activity 
       add constraint FKhh2f4booy3m8l9yyi0liorpwd 
       foreign key (creator_id) 
       references "user" 
       on delete cascade
17:29:01 DEBUG [org.hibernate.SQL:135] 
    alter table if exists activity 
       add constraint FK4jxx7nspbrtsuv77uqy6s97pt 
       foreign key (location_id) 
       references location
Hibernate: 
    alter table if exists activity 
       add constraint FK4jxx7nspbrtsuv77uqy6s97pt 
       foreign key (location_id) 
       references location
17:29:01 DEBUG [org.hibernate.SQL:135] 
    alter table if exists activity_user 
       add constraint FK612yr3asucd0397oqwe6kyydg 
       foreign key (activity_id) 
       references activity 
       on delete cascade
Hibernate: 
    alter table if exists activity_user 
       add constraint FK612yr3asucd0397oqwe6kyydg 
       foreign key (activity_id) 
       references activity 
       on delete cascade
17:29:01 DEBUG [org.hibernate.SQL:135] 
    alter table if exists activity_user 
       add constraint FKi1xr76codnonocubu3heslrd2 
       foreign key (user_id) 
       references "user" 
       on delete cascade
Hibernate: 
    alter table if exists activity_user 
       add constraint FKi1xr76codnonocubu3heslrd2 
       foreign key (user_id) 
       references "user" 
       on delete cascade
17:29:01 DEBUG [org.hibernate.SQL:135] 
    alter table if exists activity_type 
       add constraint FKfq2dahux4pv8phhnnj3fujq7r 
       foreign key (creator_id) 
       references "user" 
       on delete cascade
Hibernate: 
    alter table if exists activity_type 
       add constraint FKfq2dahux4pv8phhnnj3fujq7r 
       foreign key (creator_id) 
       references "user" 
       on delete cascade
17:29:01 DEBUG [org.hibernate.SQL:135] 
    alter table if exists blocked_user 
       add constraint FKncrir5i3l90wcoi1xw4c3r19t 
       foreign key (blocked_id) 
       references "user" 
       on delete cascade
Hibernate: 
    alter table if exists blocked_user 
       add constraint FKncrir5i3l90wcoi1xw4c3r19t 
       foreign key (blocked_id) 
       references "user" 
       on delete cascade
17:29:01 DEBUG [org.hibernate.SQL:135] 
    alter table if exists blocked_user 
       add constraint FK1nyh89grgtq6h6b5hrojtd0me 
       foreign key (blocker_id) 
       references "user" 
       on delete cascade
Hibernate: 
    alter table if exists blocked_user 
       add constraint FK1nyh89grgtq6h6b5hrojtd0me 
       foreign key (blocker_id) 
       references "user" 
       on delete cascade
17:29:01 DEBUG [org.hibernate.SQL:135] 
    alter table if exists chat_message_like 
       add constraint FKlhm3e22qoi3am52e148x1c313 
       foreign key (chat_message_id) 
       references chat_message 
       on delete cascade
Hibernate: 
    alter table if exists chat_message_like 
       add constraint FKlhm3e22qoi3am52e148x1c313 
       foreign key (chat_message_id) 
       references chat_message 
       on delete cascade
17:29:01 DEBUG [org.hibernate.SQL:135] 
    alter table if exists chat_message_like 
       add constraint FKcbf298sk2ffm60hq024c433hj 
       foreign key (user_id) 
       references "user" 
       on delete cascade
Hibernate: 
    alter table if exists chat_message_like 
       add constraint FKcbf298sk2ffm60hq024c433hj 
       foreign key (user_id) 
       references "user" 
       on delete cascade
17:29:01 DEBUG [org.hibernate.SQL:135] 
    alter table if exists chat_message 
       add constraint FKjq5d63233h859iwyjlnrlygbb 
       foreign key (activity_id) 
       references activity 
       on delete cascade
Hibernate: 
    alter table if exists chat_message 
       add constraint FKjq5d63233h859iwyjlnrlygbb 
       foreign key (activity_id) 
       references activity 
       on delete cascade
17:29:01 DEBUG [org.hibernate.SQL:135] 
    alter table if exists chat_message 
       add constraint FKegniv8mfyftpr16cgqdjek3kv 
       foreign key (user_id) 
       references "user" 
       on delete cascade
Hibernate: 
    alter table if exists chat_message 
       add constraint FKegniv8mfyftpr16cgqdjek3kv 
       foreign key (user_id) 
       references "user" 
       on delete cascade
17:29:01 DEBUG [org.hibernate.SQL:135] 
    alter table if exists device_token 
       add constraint FKnx0ky1nx6v67ep0s36bgdoa6y 
       foreign key (user_id) 
       references "user" 
       on delete cascade
Hibernate: 
    alter table if exists device_token 
       add constraint FKnx0ky1nx6v67ep0s36bgdoa6y 
       foreign key (user_id) 
       references "user" 
       on delete cascade
17:29:01 DEBUG [org.hibernate.SQL:135] 
    alter table if exists email_verification 
       add constraint FKc31pmch2574jshp5igf4vqmlj 
       foreign key ("user_id") 
       references "user"
Hibernate: 
    alter table if exists email_verification 
       add constraint FKc31pmch2574jshp5igf4vqmlj 
       foreign key ("user_id") 
       references "user"
17:29:01 DEBUG [org.hibernate.SQL:135] 
    alter table if exists feedback_submission 
       add constraint FK5b4ghgu72xmrqbaee82gj0rup 
       foreign key (from_user_id) 
       references "user" 
       on delete set null
Hibernate: 
    alter table if exists feedback_submission 
       add constraint FK5b4ghgu72xmrqbaee82gj0rup 
       foreign key (from_user_id) 
       references "user" 
       on delete set null
17:29:01 DEBUG [org.hibernate.SQL:135] 
    alter table if exists friend_request 
       add constraint FKrkpikaso6mng7i0fqq33bed7n 
       foreign key (receiver_id) 
       references "user" 
       on delete cascade
Hibernate: 
    alter table if exists friend_request 
       add constraint FKrkpikaso6mng7i0fqq33bed7n 
       foreign key (receiver_id) 
       references "user" 
       on delete cascade
17:29:01 DEBUG [org.hibernate.SQL:135] 
    alter table if exists friend_request 
       add constraint FK5h1980g8l611wk0iy81cylm5e 
       foreign key (sender_id) 
       references "user" 
       on delete cascade
Hibernate: 
    alter table if exists friend_request 
       add constraint FK5h1980g8l611wk0iy81cylm5e 
       foreign key (sender_id) 
       references "user" 
       on delete cascade
17:29:01 DEBUG [org.hibernate.SQL:135] 
    alter table if exists friendship 
       add constraint FKjq4rs0jua8kv9lpijghy02a4c 
       foreign key (user_a_id) 
       references "user" 
       on delete cascade
Hibernate: 
    alter table if exists friendship 
       add constraint FKjq4rs0jua8kv9lpijghy02a4c 
       foreign key (user_a_id) 
       references "user" 
       on delete cascade
17:29:01 DEBUG [org.hibernate.SQL:135] 
    alter table if exists friendship 
       add constraint FK36walpakd25b73ykx6bgyl6kk 
       foreign key (user_b_id) 
       references "user" 
       on delete cascade
Hibernate: 
    alter table if exists friendship 
       add constraint FK36walpakd25b73ykx6bgyl6kk 
       foreign key (user_b_id) 
       references "user" 
       on delete cascade
17:29:01 DEBUG [org.hibernate.SQL:135] 
    alter table if exists notification_preferences 
       add constraint FKhudt91575r0hyqmk04nomxd8w 
       foreign key (user_id) 
       references "user"
Hibernate: 
    alter table if exists notification_preferences 
       add constraint FKhudt91575r0hyqmk04nomxd8w 
       foreign key (user_id) 
       references "user"
17:29:01 DEBUG [org.hibernate.SQL:135] 
    alter table if exists reported_content 
       add constraint FKhb87w4f13uj2gnf64vo9bf2yl 
       foreign key ("content_owner_id") 
       references "user" 
       on delete cascade
Hibernate: 
    alter table if exists reported_content 
       add constraint FKhb87w4f13uj2gnf64vo9bf2yl 
       foreign key ("content_owner_id") 
       references "user" 
       on delete cascade
17:29:01 DEBUG [org.hibernate.SQL:135] 
    alter table if exists reported_content 
       add constraint FKhtj674wdbjqblyevkpdy50nf3 
       foreign key ("reporter_id") 
       references "user" 
       on delete set null
Hibernate: 
    alter table if exists reported_content 
       add constraint FKhtj674wdbjqblyevkpdy50nf3 
       foreign key ("reporter_id") 
       references "user" 
       on delete set null
17:29:01 DEBUG [org.hibernate.SQL:135] 
    alter table if exists user_interests 
       add constraint FKshuih99iyvakcuspowm9rdegt 
       foreign key (user_id) 
       references "user" 
       on delete cascade
Hibernate: 
    alter table if exists user_interests 
       add constraint FKshuih99iyvakcuspowm9rdegt 
       foreign key (user_id) 
       references "user" 
       on delete cascade
17:29:01 DEBUG [org.hibernate.SQL:135] 
    alter table if exists user_social_media 
       add constraint FKlqnc6we65blep7y84p2f0jh4d 
       foreign key (user_id) 
       references "user" 
       on delete cascade
Hibernate: 
    alter table if exists user_social_media 
       add constraint FKlqnc6we65blep7y84p2f0jh4d 
       foreign key (user_id) 
       references "user" 
       on delete cascade
17:29:01 DEBUG [org.hibernate.SQL:135] 
    alter table if exists user_id_external_id_map 
       add constraint FKaa0463hw4fy90b23usprc7t3i 
       foreign key (user_id) 
       references "user" 
       on delete cascade
Hibernate: 
    alter table if exists user_id_external_id_map 
       add constraint FKaa0463hw4fy90b23usprc7t3i 
       foreign key (user_id) 
       references "user" 
       on delete cascade
17:29:01 INFO  [o.s.o.j.LocalContainerEntityManagerFactoryBean:437] Initialized JPA EntityManagerFactory for persistence unit 'default'
17:29:02 INFO  [o.s.d.j.r.query.QueryEnhancerFactory:49] Hibernate is in classpath; If applicable, HQL parser will be used.
17:29:04 INFO  [c.d.spawn.shared.exceptions.Logger:10] [NativeMethodAccessorImpl.java:-2] invoke0 - Retrieved Google client ID from application properties: dummy-goog...
17:29:04 INFO  [c.d.spawn.shared.exceptions.Logger:10] [NativeMethodAccessorImpl.java:-2] invoke0 - Initializing Google token verifier with client ID: dummy-google-client-id
17:29:04 INFO  [c.d.spawn.shared.exceptions.Logger:10] [NativeMethodAccessorImpl.java:-2] invoke0 - Google token verifier successfully initialized
17:29:04 INFO  [o.s.s.c.a.a.c.InitializeUserDetailsBeanManagerConfigurer$InitializeUserDetailsManagerConfigurer:113] Global AuthenticationManager configured with UserDetailsService bean with name userInfoService
17:29:04 ERROR [c.d.spawn.shared.exceptions.Logger:18] [APNSNotificationStrategy.java:92] initialize - Error initializing APNS service: Last unit does not have enough valid bits
17:29:04 ERROR [c.d.spawn.shared.exceptions.Logger:18] [FCMInitializer.java:35] initialize - GOOGLE_APPLICATION_CREDENTIALS environment variable is not set or empty
17:29:04 DEBUG [o.s.w.s.m.m.a.RequestMappingHandlerMapping:366] 99 mappings in 'requestMappingHandlerMapping'
17:29:04 DEBUG [o.s.w.s.h.SimpleUrlHandlerMapping:187] Patterns [/webjars/**, /**] in 'resourceHandlerMapping'
17:29:05 DEBUG [o.s.w.s.m.m.a.RequestMappingHandlerAdapter:634] ControllerAdvice beans: 0 @ModelAttribute, 0 @InitBinder, 1 RequestBodyAdvice, 1 ResponseBodyAdvice
17:29:05 DEBUG [o.s.w.s.m.m.a.ExceptionHandlerExceptionResolver:305] ControllerAdvice beans: 1 @ExceptionHandler, 1 ResponseBodyAdvice
17:29:05 INFO  [o.s.b.a.h.H2ConsoleAutoConfiguration:88] H2 console available at '/h2-console'. Database available at 'jdbc:h2:mem:testdb'
17:29:05 INFO  [c.d.spawn.RepositoryValidationTest:56] Started RepositoryValidationTest in 15.916 seconds (process running for 17.966)
17:29:05 INFO  [c.d.s.a.i.s.ActivityCacheCleanupService:34] 🧹 Starting scheduled activity cache cleanup
17:29:05 DEBUG [c.d.s.a.i.s.ActivityCacheCleanupService:57] ✅ Cleared cache: feedActivities
17:29:05 DEBUG [c.d.s.a.i.s.ActivityCacheCleanupService:57] ✅ Cleared cache: fullActivityById
17:29:05 DEBUG [c.d.s.a.i.s.ActivityCacheCleanupService:57] ✅ Cleared cache: ActivityById
17:29:05 DEBUG [c.d.s.a.i.s.ActivityCacheCleanupService:57] ✅ Cleared cache: ActivityInviteById
17:29:05 DEBUG [c.d.s.a.i.s.ActivityCacheCleanupService:57] ✅ Cleared cache: ActivitiesByOwnerId
17:29:05 DEBUG [c.d.s.a.i.s.ActivityCacheCleanupService:57] ✅ Cleared cache: ActivitiesInvitedTo
17:29:05 INFO  [c.d.s.a.i.s.ActivityCacheCleanupService:61] ✅ Completed activity cache cleanup - cleared 7 caches
17:29:05 INFO  [c.d.spawn.shared.exceptions.Logger:10] [ActivityTypeInitializer.java:33] lambda$initializeActivityTypes$0 - Starting activity type initialization for existing users
17:29:05 DEBUG [org.hibernate.SQL:135] 
    /* DELETE 
    FROM
        ShareLink s 
    WHERE
        s.expiresAt IS NOT NULL 
        AND s.expiresAt < :now */ delete 
    from
        share_link sl1_0 
    where
        sl1_0.expires_at is not null 
        and sl1_0.expires_at<?
Hibernate: 
    /* DELETE 
    FROM
        ShareLink s 
    WHERE
        s.expiresAt IS NOT NULL 
        AND s.expiresAt < :now */ delete 
    from
        share_link sl1_0 
    where
        sl1_0.expires_at is not null 
        and sl1_0.expires_at<?
17:29:05 DEBUG [org.hibernate.SQL:135] 
    /* <criteria> */ select
        u1_0.id,
        u1_0.bio,
        u1_0.date_created,
        u1_0.email,
        u1_0.has_completed_onboarding,
        u1_0.last_updated,
        u1_0.name,
        u1_0.password,
        u1_0.phone_number,
        u1_0.profile_picture_url_string,
        u1_0.status,
        u1_0.username 
    from
        "user" u1_0
Hibernate: 
    /* <criteria> */ select
        u1_0.id,
        u1_0.bio,
        u1_0.date_created,
        u1_0.email,
        u1_0.has_completed_onboarding,
        u1_0.last_updated,
        u1_0.name,
        u1_0.password,
        u1_0.phone_number,
        u1_0.profile_picture_url_string,
        u1_0.status,
        u1_0.username 
    from
        "user" u1_0
17:29:05 DEBUG [c.d.s.a.i.s.ShareLinkCleanupService:48] Orphaned share link cleanup completed
17:29:05 INFO  [c.d.spawn.shared.exceptions.Logger:10] [ActivityTypeInitializer.java:37] lambda$initializeActivityTypes$0 - Found 0 users in the database
17:29:05 INFO  [c.d.spawn.shared.exceptions.Logger:10] [ActivityTypeInitializer.java:144] lambda$initializeActivityTypes$0 - Activity type initialization completed: 0 users initialized, 0 users skipped, 0 users with errors
17:29:05 INFO  [c.d.spawn.shared.exceptions.Logger:10] [ProfilePictureInitializer.java:29] lambda$initializeProfilePictures$0 - Starting profile picture initialization for users with NULL profile picture URLs
17:29:05 DEBUG [org.hibernate.SQL:135] 
    /* <criteria> */ select
        u1_0.id,
        u1_0.bio,
        u1_0.date_created,
        u1_0.email,
        u1_0.has_completed_onboarding,
        u1_0.last_updated,
        u1_0.name,
        u1_0.password,
        u1_0.phone_number,
        u1_0.profile_picture_url_string,
        u1_0.status,
        u1_0.username 
    from
        "user" u1_0
Hibernate: 
    /* <criteria> */ select
        u1_0.id,
        u1_0.bio,
        u1_0.date_created,
        u1_0.email,
        u1_0.has_completed_onboarding,
        u1_0.last_updated,
        u1_0.name,
        u1_0.password,
        u1_0.phone_number,
        u1_0.profile_picture_url_string,
        u1_0.status,
        u1_0.username 
    from
        "user" u1_0
17:29:05 INFO  [c.d.spawn.shared.exceptions.Logger:10] [ProfilePictureInitializer.java:33] lambda$initializeProfilePictures$0 - Found 0 users in the database
17:29:05 INFO  [c.d.spawn.shared.exceptions.Logger:10] [ProfilePictureInitializer.java:47] lambda$initializeProfilePictures$0 - Using default profile picture URL: https://mock-cdn.com/default.jpg
17:29:05 INFO  [c.d.spawn.shared.exceptions.Logger:10] [ProfilePictureInitializer.java:75] lambda$initializeProfilePictures$0 - Profile picture initialization completed: 0 users updated, 0 users skipped, 0 users with errors
17:29:05 DEBUG [org.hibernate.SQL:135] 
    /* <criteria> */ select
        u1_0.id 
    from
        "user" u1_0 
    where
        u1_0.username=? 
    fetch
        first ? rows only
Hibernate: 
    /* <criteria> */ select
        u1_0.id 
    from
        "user" u1_0 
    where
        u1_0.username=? 
    fetch
        first ? rows only
17:29:05 INFO  [c.d.spawn.shared.exceptions.Logger:10] [AdminUserInitializer.java:42] lambda$initializeAdminUser$0 - Creating admin user
17:29:05 DEBUG [org.hibernate.SQL:135] 
    select
        u1_0.id,
        u1_0.bio,
        u1_0.date_created,
        u1_0.email,
        u1_0.has_completed_onboarding,
        u1_0.last_updated,
        u1_0.name,
        np1_0.id,
        np1_0.activity_invites_enabled,
        np1_0.activity_updates_enabled,
        np1_0.chat_messages_enabled,
        np1_0.friend_requests_enabled,
        np1_0.user_id,
        u1_0.password,
        u1_0.phone_number,
        u1_0.profile_picture_url_string,
        u1_0.status,
        u1_0.username 
    from
        "user" u1_0 
    left join
        notification_preferences np1_0 
            on u1_0.id=np1_0.user_id 
    where
        u1_0.id=?
Hibernate: 
    select
        u1_0.id,
        u1_0.bio,
        u1_0.date_created,
        u1_0.email,
        u1_0.has_completed_onboarding,
        u1_0.last_updated,
        u1_0.name,
        np1_0.id,
        np1_0.activity_invites_enabled,
        np1_0.activity_updates_enabled,
        np1_0.chat_messages_enabled,
        np1_0.friend_requests_enabled,
        np1_0.user_id,
        u1_0.password,
        u1_0.phone_number,
        u1_0.profile_picture_url_string,
        u1_0.status,
        u1_0.username 
    from
        "user" u1_0 
    left join
        notification_preferences np1_0 
            on u1_0.id=np1_0.user_id 
    where
        u1_0.id=?
17:29:06 DEBUG [org.hibernate.SQL:135] 
    /* insert for
        com.danielagapov.spawn.user.internal.domain.User */insert 
    into
        "user" (bio, date_created, email, has_completed_onboarding, last_updated, name, password, phone_number, profile_picture_url_string, status, username, id) 
    values
        (?, ?, ?, ?, ?, ?, ?, ?, ?, ?, ?, ?)
Hibernate: 
    /* insert for
        com.danielagapov.spawn.user.internal.domain.User */insert 
    into
        "user" (bio, date_created, email, has_completed_onboarding, last_updated, name, password, phone_number, profile_picture_url_string, status, username, id) 
    values
        (?, ?, ?, ?, ?, ?, ?, ?, ?, ?, ?, ?)
17:29:06 INFO  [c.d.spawn.shared.exceptions.Logger:10] [AdminUserInitializer.java:63] lambda$initializeAdminUser$0 - Admin user created successfully
17:29:06 INFO  [c.d.s.s.c.ShareLinkConfiguration:30] Initializing Share Link system...
17:29:06 INFO  [c.d.s.s.c.ShareLinkConfiguration:34] ✅ Share Link system initialized successfully
17:29:06 INFO  [c.d.s.s.c.ShareLinkConfiguration:35]    - Database table: share_link (auto-created by Hibernate)
17:29:06 INFO  [c.d.s.s.c.ShareLinkConfiguration:36]    - Share code format: adjective-noun (e.g., 'happy-dolphin')
17:29:06 INFO  [c.d.s.s.c.ShareLinkConfiguration:37]    - Activity links: expire after activity ends or 2 days from start
17:29:06 INFO  [c.d.s.s.c.ShareLinkConfiguration:38]    - Profile links: permanent (until profile is deleted)
17:29:06 INFO  [c.d.s.s.c.ShareLinkConfiguration:39]    - Cleanup: scheduled every hour for expired links

  .   ____          _            __ _ _
 /\\ / ___'_ __ _ _(_)_ __  __ _ \ \ \ \
( ( )\___ | '_ | '_| | '_ \/ _` | \ \ \ \
 \\/  ___)| |_)| | | | | || (_| |  ) ) ) )
  '  |____| .__|_| |_|_| |_\__, | / / / /
 =========|_|==============|___/=/_/_/_/

 :: Spring Boot ::                (v3.3.5)

17:29:06 INFO  [c.d.s.I.FriendshipIntegrationTests:50] Starting FriendshipIntegrationTests using Java 17.0.10 with PID 17675 (started by daggerpov in /Users/daggerpov/Documents/GitHub/Spawn-App-Back-End)
17:29:06 DEBUG [c.d.s.I.FriendshipIntegrationTests:51] Running with Spring Boot v3.3.5, Spring v6.1.14
17:29:06 INFO  [c.d.s.I.FriendshipIntegrationTests:660] The following 1 profile is active: "test"
17:29:06 DEBUG [o.s.w.c.s.GenericWebApplicationContext:672] Refreshing org.springframework.web.context.support.GenericWebApplicationContext@3c00b309
17:29:06 INFO  [o.s.d.r.c.RepositoryConfigurationDelegate:295] Multiple Spring Data modules found, entering strict repository configuration mode
17:29:06 INFO  [o.s.d.r.c.RepositoryConfigurationDelegate:143] Bootstrapping Spring Data JPA repositories in DEFAULT mode.
17:29:06 INFO  [o.s.d.r.c.RepositoryConfigurationDelegate:211] Finished Spring Data repository scanning in 50 ms. Found 20 JPA repository interfaces.
17:29:07 INFO  [o.s.o.j.p.SpringPersistenceUnitInfo:87] No LoadTimeWeaver setup: ignoring JPA class transformer
17:29:07 INFO  [com.zaxxer.hikari.HikariDataSource:109] HikariPool-2 - Starting...
17:29:07 INFO  [com.zaxxer.hikari.pool.HikariPool:554] HikariPool-2 - Added connection conn2: url=jdbc:h2:mem:testdb user=SA
17:29:07 INFO  [com.zaxxer.hikari.HikariDataSource:122] HikariPool-2 - Start completed.
17:29:07 WARN  [org.hibernate.orm.deprecation:153] HHH90000025: H2Dialect does not need to be specified explicitly using 'hibernate.dialect' (remove the property setting and it will be selected by default)
17:29:07 DEBUG [org.hibernate.SQL:135] 
    drop table if exists "activity_type_associated_friends" cascade 
Hibernate: 
    drop table if exists "activity_type_associated_friends" cascade 
17:29:07 DEBUG [org.hibernate.SQL:135] 
    drop table if exists activity cascade 
Hibernate: 
    drop table if exists activity cascade 
17:29:07 DEBUG [org.hibernate.SQL:135] 
    drop table if exists activity_user cascade 
Hibernate: 
    drop table if exists activity_user cascade 
17:29:07 DEBUG [org.hibernate.SQL:135] 
    drop table if exists activity_type cascade 
Hibernate: 
    drop table if exists activity_type cascade 
17:29:07 DEBUG [org.hibernate.SQL:135] 
    drop table if exists beta_access_sign_up cascade 
Hibernate: 
    drop table if exists beta_access_sign_up cascade 
17:29:07 DEBUG [org.hibernate.SQL:135] 
    drop table if exists blocked_user cascade 
Hibernate: 
    drop table if exists blocked_user cascade 
17:29:07 DEBUG [org.hibernate.SQL:135] 
    drop table if exists chat_message_like cascade 
Hibernate: 
    drop table if exists chat_message_like cascade 
17:29:07 DEBUG [org.hibernate.SQL:135] 
    drop table if exists chat_message cascade 
Hibernate: 
    drop table if exists chat_message cascade 
17:29:07 DEBUG [org.hibernate.SQL:135] 
    drop table if exists device_token cascade 
Hibernate: 
    drop table if exists device_token cascade 
17:29:07 DEBUG [org.hibernate.SQL:135] 
    drop table if exists email_verification cascade 
Hibernate: 
    drop table if exists email_verification cascade 
17:29:07 DEBUG [org.hibernate.SQL:135] 
    drop table if exists feedback_submission cascade 
Hibernate: 
    drop table if exists feedback_submission cascade 
17:29:07 DEBUG [org.hibernate.SQL:135] 
    drop table if exists friend_request cascade 
Hibernate: 
    drop table if exists friend_request cascade 
17:29:07 DEBUG [org.hibernate.SQL:135] 
    drop table if exists friendship cascade 
Hibernate: 
    drop table if exists friendship cascade 
17:29:07 DEBUG [org.hibernate.SQL:135] 
    drop table if exists location cascade 
Hibernate: 
    drop table if exists location cascade 
17:29:07 DEBUG [org.hibernate.SQL:135] 
    drop table if exists notification_preferences cascade 
Hibernate: 
    drop table if exists notification_preferences cascade 
17:29:07 DEBUG [org.hibernate.SQL:135] 
    drop table if exists reported_content cascade 
Hibernate: 
    drop table if exists reported_content cascade 
17:29:07 DEBUG [org.hibernate.SQL:135] 
    drop table if exists share_link cascade 
Hibernate: 
    drop table if exists share_link cascade 
17:29:07 DEBUG [org.hibernate.SQL:135] 
    drop table if exists "user" cascade 
Hibernate: 
    drop table if exists "user" cascade 
17:29:07 DEBUG [org.hibernate.SQL:135] 
    drop table if exists user_interests cascade 
Hibernate: 
    drop table if exists user_interests cascade 
17:29:07 DEBUG [org.hibernate.SQL:135] 
    drop table if exists user_social_media cascade 
Hibernate: 
    drop table if exists user_social_media cascade 
17:29:07 DEBUG [org.hibernate.SQL:135] 
    drop table if exists user_id_external_id_map cascade 
Hibernate: 
    drop table if exists user_id_external_id_map cascade 
17:29:07 DEBUG [org.hibernate.SQL:135] 
    drop sequence if exists notification_preferences_seq
Hibernate: 
    drop sequence if exists notification_preferences_seq
17:29:07 DEBUG [org.hibernate.SQL:135] 
    create sequence notification_preferences_seq start with 1 increment by 50
Hibernate: 
    create sequence notification_preferences_seq start with 1 increment by 50
17:29:07 DEBUG [org.hibernate.SQL:135] 
    create table "activity_type_associated_friends" (
        activity_type_id uuid not null,
        "associated_friends_id" uuid not null
    )
Hibernate: 
    create table "activity_type_associated_friends" (
        activity_type_id uuid not null,
        "associated_friends_id" uuid not null
    )
17:29:07 DEBUG [org.hibernate.SQL:135] 
    create table activity (
        participant_limit integer,
        created_at timestamp(6) with time zone,
        end_time timestamp(6) with time zone,
        last_updated timestamp(6) with time zone,
        start_time timestamp(6) with time zone,
        activity_type_id uuid,
        creator_id uuid not null,
        id uuid not null,
        location_id uuid not null,
        client_timezone varchar(255),
        color_hex_code varchar(255),
        icon varchar(255),
        note varchar(255),
        title varchar(255),
        primary key (id)
    )
Hibernate: 
    create table activity (
        participant_limit integer,
        created_at timestamp(6) with time zone,
        end_time timestamp(6) with time zone,
        last_updated timestamp(6) with time zone,
        start_time timestamp(6) with time zone,
        activity_type_id uuid,
        creator_id uuid not null,
        id uuid not null,
        location_id uuid not null,
        client_timezone varchar(255),
        color_hex_code varchar(255),
        icon varchar(255),
        note varchar(255),
        title varchar(255),
        primary key (id)
    )
17:29:07 DEBUG [org.hibernate.SQL:135] 
    create table activity_user (
        activity_id uuid not null,
        user_id uuid not null,
        status enum ('invited','notInvited','participating'),
        primary key (activity_id, user_id)
    )
Hibernate: 
    create table activity_user (
        activity_id uuid not null,
        user_id uuid not null,
        status enum ('invited','notInvited','participating'),
        primary key (activity_id, user_id)
    )
17:29:07 DEBUG [org.hibernate.SQL:135] 
    create table activity_type (
        is_pinned boolean not null,
        order_num integer,
        creator_id uuid not null,
        id uuid not null,
        icon VARCHAR(100) CHARACTER SET utf8mb4 COLLATE utf8mb4_unicode_ci,
        title varchar(255),
        primary key (id),
        constraint UK_activity_type_creator_order unique (creator_id, order_num)
    )
Hibernate: 
    create table activity_type (
        is_pinned boolean not null,
        order_num integer,
        creator_id uuid not null,
        id uuid not null,
        icon VARCHAR(100) CHARACTER SET utf8mb4 COLLATE utf8mb4_unicode_ci,
        title varchar(255),
        primary key (id),
        constraint UK_activity_type_creator_order unique (creator_id, order_num)
    )
17:29:07 DEBUG [org.hibernate.SQL:135] 
    create table beta_access_sign_up (
        has_been_emailed boolean,
        has_subscribed_to_newsletter boolean,
        signed_up_at timestamp(6) with time zone,
        id uuid not null,
        email varchar(255) not null unique,
        primary key (id)
    )
Hibernate: 
    create table beta_access_sign_up (
        has_been_emailed boolean,
        has_subscribed_to_newsletter boolean,
        signed_up_at timestamp(6) with time zone,
        id uuid not null,
        email varchar(255) not null unique,
        primary key (id)
    )
17:29:07 DEBUG [org.hibernate.SQL:135] 
    create table blocked_user (
        blocked_id uuid not null,
        blocker_id uuid not null,
        id uuid not null,
        reason varchar(500),
        primary key (id),
        unique (blocker_id, blocked_id)
    )
Hibernate: 
    create table blocked_user (
        blocked_id uuid not null,
        blocker_id uuid not null,
        id uuid not null,
        reason varchar(500),
        primary key (id),
        unique (blocker_id, blocked_id)
    )
17:29:07 DEBUG [org.hibernate.SQL:135] 
    create table chat_message_like (
        chat_message_id uuid not null,
        user_id uuid not null,
        primary key (chat_message_id, user_id)
    )
Hibernate: 
    create table chat_message_like (
        chat_message_id uuid not null,
        user_id uuid not null,
        primary key (chat_message_id, user_id)
    )
17:29:07 DEBUG [org.hibernate.SQL:135] 
    create table chat_message (
        timestamp timestamp(6) with time zone,
        activity_id uuid not null,
        id uuid not null,
        user_id uuid not null,
        content varchar(1000),
        primary key (id)
    )
Hibernate: 
    create table chat_message (
        timestamp timestamp(6) with time zone,
        activity_id uuid not null,
        id uuid not null,
        user_id uuid not null,
        content varchar(1000),
        primary key (id)
    )
17:29:07 DEBUG [org.hibernate.SQL:135] 
    create table device_token (
        id uuid not null,
        user_id uuid not null,
        token varchar(255) not null unique,
        device_type enum ('ANDROID','IOS'),
        primary key (id)
    )
Hibernate: 
    create table device_token (
        id uuid not null,
        user_id uuid not null,
        token varchar(255) not null unique,
        device_type enum ('ANDROID','IOS'),
        primary key (id)
    )
17:29:07 DEBUG [org.hibernate.SQL:135] 
    create table email_verification (
        check_attempts integer not null,
        send_attempts integer not null,
        code_expires_at timestamp(6) with time zone,
        last_check_attempt_at timestamp(6) with time zone,
        last_send_attempt_at timestamp(6) with time zone,
        next_check_attempt_at timestamp(6) with time zone,
        next_send_attempt_at timestamp(6) with time zone,
        id uuid not null,
        "user_id" uuid unique,
        email varchar(255) unique,
        verification_code varchar(255) not null unique,
        primary key (id)
    )
Hibernate: 
    create table email_verification (
        check_attempts integer not null,
        send_attempts integer not null,
        code_expires_at timestamp(6) with time zone,
        last_check_attempt_at timestamp(6) with time zone,
        last_send_attempt_at timestamp(6) with time zone,
        next_check_attempt_at timestamp(6) with time zone,
        next_send_attempt_at timestamp(6) with time zone,
        id uuid not null,
        "user_id" uuid unique,
        email varchar(255) unique,
        verification_code varchar(255) not null unique,
        primary key (id)
    )
17:29:07 DEBUG [org.hibernate.SQL:135] 
    create table feedback_submission (
        submitted_at timestamp(6) with time zone,
        from_user_id uuid,
        id uuid not null,
        from_user_email varchar(255),
        image_url varchar(255),
        message TEXT,
        resolution_comment TEXT,
        status enum ('IN_PROGRESS','PENDING','RESOLVED'),
        type enum ('BUG','FEATURE_REQUEST','GENERAL_FEEDBACK'),
        primary key (id)
    )
Hibernate: 
    create table feedback_submission (
        submitted_at timestamp(6) with time zone,
        from_user_id uuid,
        id uuid not null,
        from_user_email varchar(255),
        image_url varchar(255),
        message TEXT,
        resolution_comment TEXT,
        status enum ('IN_PROGRESS','PENDING','RESOLVED'),
        type enum ('BUG','FEATURE_REQUEST','GENERAL_FEEDBACK'),
        primary key (id)
    )
17:29:07 DEBUG [org.hibernate.SQL:135] 
    create table friend_request (
        created_at TIMESTAMP DEFAULT CURRENT_TIMESTAMP not null,
        id uuid not null,
        receiver_id uuid not null,
        sender_id uuid not null,
        primary key (id),
        unique (sender_id, receiver_id)
    )
Hibernate: 
    create table friend_request (
        created_at TIMESTAMP DEFAULT CURRENT_TIMESTAMP not null,
        id uuid not null,
        receiver_id uuid not null,
        sender_id uuid not null,
        primary key (id),
        unique (sender_id, receiver_id)
    )
17:29:07 DEBUG [org.hibernate.SQL:135] 
    create table friendship (
        created_at timestamp(6) with time zone not null,
        id uuid not null,
        user_a_id uuid not null,
        user_b_id uuid not null,
        primary key (id),
        unique (user_a_id, user_b_id)
    )
Hibernate: 
    create table friendship (
        created_at timestamp(6) with time zone not null,
        id uuid not null,
        user_a_id uuid not null,
        user_b_id uuid not null,
        primary key (id),
        unique (user_a_id, user_b_id)
    )
17:29:07 DEBUG [org.hibernate.SQL:135] 
    create table location (
        latitude float(53) not null,
        longitude float(53) not null,
        id uuid not null,
        name varchar(200),
        primary key (id)
    )
Hibernate: 
    create table location (
        latitude float(53) not null,
        longitude float(53) not null,
        id uuid not null,
        name varchar(200),
        primary key (id)
    )
17:29:07 DEBUG [org.hibernate.SQL:135] 
    create table notification_preferences (
        activity_invites_enabled boolean not null,
        activity_updates_enabled boolean not null,
        chat_messages_enabled boolean not null,
        friend_requests_enabled boolean not null,
        id bigint not null,
        user_id uuid not null unique,
        primary key (id)
    )
Hibernate: 
    create table notification_preferences (
        activity_invites_enabled boolean not null,
        activity_updates_enabled boolean not null,
        chat_messages_enabled boolean not null,
        friend_requests_enabled boolean not null,
        id bigint not null,
        user_id uuid not null unique,
        primary key (id)
    )
17:29:07 DEBUG [org.hibernate.SQL:135] 
    create table reported_content (
        content_type tinyint not null check (content_type between 0 and 11),
        report_type tinyint not null check (report_type between 0 and 3),
        resolution tinyint not null check (resolution between 0 and 4),
        time_reported timestamp(6) with time zone not null,
        content_id uuid not null,
        "content_owner_id" uuid not null,
        id uuid not null,
        "reporter_id" uuid,
        description varchar(255),
        primary key (id)
    )
Hibernate: 
    create table reported_content (
        content_type tinyint not null check (content_type between 0 and 11),
        report_type tinyint not null check (report_type between 0 and 3),
        resolution tinyint not null check (resolution between 0 and 4),
        time_reported timestamp(6) with time zone not null,
        content_id uuid not null,
        "content_owner_id" uuid not null,
        id uuid not null,
        "reporter_id" uuid,
        description varchar(255),
        primary key (id)
    )
17:29:07 DEBUG [org.hibernate.SQL:135] 
    create table share_link (
        created_at timestamp(6) with time zone not null,
        expires_at timestamp(6) with time zone,
        id uuid not null,
        target_id uuid not null,
        share_code varchar(50) not null unique,
        type enum ('ACTIVITY','PROFILE') not null,
        primary key (id)
    )
Hibernate: 
    create table share_link (
        created_at timestamp(6) with time zone not null,
        expires_at timestamp(6) with time zone,
        id uuid not null,
        target_id uuid not null,
        share_code varchar(50) not null unique,
        type enum ('ACTIVITY','PROFILE') not null,
        primary key (id)
    )
17:29:07 DEBUG [org.hibernate.SQL:135] 
    create table "user" (
        has_completed_onboarding BOOLEAN DEFAULT FALSE not null,
        status tinyint not null check (status between 0 and 4),
        date_created timestamp(6),
        last_updated timestamp(6) with time zone,
        id uuid not null,
        bio varchar(255),
        email varchar(255) unique,
        name varchar(255),
        password varchar(255),
        phone_number varchar(255) unique,
        profile_picture_url_string varchar(255),
        username varchar(255) unique,
        primary key (id)
    )
Hibernate: 
    create table "user" (
        has_completed_onboarding BOOLEAN DEFAULT FALSE not null,
        status tinyint not null check (status between 0 and 4),
        date_created timestamp(6),
        last_updated timestamp(6) with time zone,
        id uuid not null,
        bio varchar(255),
        email varchar(255) unique,
        name varchar(255),
        password varchar(255),
        phone_number varchar(255) unique,
        profile_picture_url_string varchar(255),
        username varchar(255) unique,
        primary key (id)
    )
17:29:07 DEBUG [org.hibernate.SQL:135] 
    create table user_interests (
        created_at timestamp(6) with time zone,
        id uuid not null,
        user_id uuid not null,
        interest varchar(255) not null,
        primary key (id)
    )
Hibernate: 
    create table user_interests (
        created_at timestamp(6) with time zone,
        id uuid not null,
        user_id uuid not null,
        interest varchar(255) not null,
        primary key (id)
    )
17:29:07 DEBUG [org.hibernate.SQL:135] 
    create table user_social_media (
        last_updated timestamp(6) with time zone,
        id uuid not null,
        user_id uuid not null unique,
        instagram_username varchar(255),
        whatsapp_number varchar(255),
        primary key (id)
    )
Hibernate: 
    create table user_social_media (
        last_updated timestamp(6) with time zone,
        id uuid not null,
        user_id uuid not null unique,
        instagram_username varchar(255),
        whatsapp_number varchar(255),
        primary key (id)
    )
17:29:07 DEBUG [org.hibernate.SQL:135] 
    create table user_id_external_id_map (
        user_id uuid not null unique,
        id varchar(255) not null,
        provider enum ('apple','google'),
        primary key (id)
    )
Hibernate: 
    create table user_id_external_id_map (
        user_id uuid not null unique,
        id varchar(255) not null,
        provider enum ('apple','google'),
        primary key (id)
    )
17:29:07 DEBUG [org.hibernate.SQL:135] 
    create index idx_creator_id 
       on activity (creator_id)
Hibernate: 
    create index idx_creator_id 
       on activity (creator_id)
17:29:07 DEBUG [org.hibernate.SQL:135] 
    create index idx_start_time 
       on activity (start_time)
Hibernate: 
    create index idx_start_time 
       on activity (start_time)
17:29:07 DEBUG [org.hibernate.SQL:135] 
    create index idx_end_time 
       on activity (end_time)
Hibernate: 
    create index idx_end_time 
       on activity (end_time)
17:29:07 DEBUG [org.hibernate.SQL:135] 
    create index idx_last_updated 
       on activity (last_updated)
Hibernate: 
    create index idx_last_updated 
       on activity (last_updated)
17:29:07 DEBUG [org.hibernate.SQL:135] 
    create index idx_created_at 
       on activity (created_at)
Hibernate: 
    create index idx_created_at 
       on activity (created_at)
17:29:07 DEBUG [org.hibernate.SQL:135] 
    create index idx_activity_id 
       on activity_user (activity_id)
Hibernate: 
    create index idx_activity_id 
       on activity_user (activity_id)
17:29:07 DEBUG [org.hibernate.SQL:135] 
    create index idx_user_id 
       on activity_user (user_id)
Hibernate: 
    create index idx_user_id 
       on activity_user (user_id)
17:29:07 DEBUG [org.hibernate.SQL:135] 
    create index idx_status 
       on activity_user (status)
Hibernate: 
    create index idx_status 
       on activity_user (status)
17:29:07 DEBUG [org.hibernate.SQL:135] 
    create index idx_user_status 
       on activity_user (user_id, status)
Hibernate: 
    create index idx_user_status 
       on activity_user (user_id, status)
17:29:07 DEBUG [org.hibernate.SQL:135] 
    create index idx_activity_status 
       on activity_user (activity_id, status)
Hibernate: 
    create index idx_activity_status 
       on activity_user (activity_id, status)
17:29:07 DEBUG [org.hibernate.SQL:135] 
    create index idx_sender_id 
       on friend_request (sender_id)
Hibernate: 
    create index idx_sender_id 
       on friend_request (sender_id)
17:29:07 DEBUG [org.hibernate.SQL:135] 
    create index idx_receiver_id 
       on friend_request (receiver_id)
Hibernate: 
    create index idx_receiver_id 
       on friend_request (receiver_id)
17:29:07 DEBUG [org.hibernate.SQL:135] 
    create index idx_created_at 
       on friend_request (created_at)
Hibernate: 
    create index idx_created_at 
       on friend_request (created_at)
17:29:07 WARN  [o.h.t.s.i.ExceptionHandlerLoggedImpl:27] GenerationTarget encountered exception accepting command : Error executing DDL "
    create index idx_created_at 
       on friend_request (created_at)" via JDBC [Index "IDX_CREATED_AT" already exists;]
org.hibernate.tool.schema.spi.CommandAcceptanceException: Error executing DDL "
    create index idx_created_at 
       on friend_request (created_at)" via JDBC [Index "IDX_CREATED_AT" already exists;]
	at org.hibernate.tool.schema.internal.exec.GenerationTargetToDatabase.accept(GenerationTargetToDatabase.java:94)
	at org.hibernate.tool.schema.internal.Helper.applySqlString(Helper.java:233)
	at org.hibernate.tool.schema.internal.Helper.applySqlStrings(Helper.java:217)
	at org.hibernate.tool.schema.internal.SchemaCreatorImpl.createTableConstraints(SchemaCreatorImpl.java:390)
	at org.hibernate.tool.schema.internal.SchemaCreatorImpl.createSequencesTablesConstraints(SchemaCreatorImpl.java:356)
	at org.hibernate.tool.schema.internal.SchemaCreatorImpl.createFromMetadata(SchemaCreatorImpl.java:239)
	at org.hibernate.tool.schema.internal.SchemaCreatorImpl.performCreation(SchemaCreatorImpl.java:172)
	at org.hibernate.tool.schema.internal.SchemaCreatorImpl.doCreation(SchemaCreatorImpl.java:142)
	at org.hibernate.tool.schema.internal.SchemaCreatorImpl.doCreation(SchemaCreatorImpl.java:118)
	at org.hibernate.tool.schema.spi.SchemaManagementToolCoordinator.performDatabaseAction(SchemaManagementToolCoordinator.java:250)
	at org.hibernate.tool.schema.spi.SchemaManagementToolCoordinator.lambda$process$5(SchemaManagementToolCoordinator.java:144)
	at java.base/java.util.HashMap.forEach(HashMap.java:1421)
	at org.hibernate.tool.schema.spi.SchemaManagementToolCoordinator.process(SchemaManagementToolCoordinator.java:141)
	at org.hibernate.boot.internal.SessionFactoryObserverForSchemaExport.sessionFactoryCreated(SessionFactoryObserverForSchemaExport.java:37)
	at org.hibernate.internal.SessionFactoryObserverChain.sessionFactoryCreated(SessionFactoryObserverChain.java:35)
	at org.hibernate.internal.SessionFactoryImpl.<init>(SessionFactoryImpl.java:322)
	at org.hibernate.boot.internal.SessionFactoryBuilderImpl.build(SessionFactoryBuilderImpl.java:457)
	at org.hibernate.jpa.boot.internal.EntityManagerFactoryBuilderImpl.build(EntityManagerFactoryBuilderImpl.java:1506)
	at org.springframework.orm.jpa.vendor.SpringHibernateJpaPersistenceProvider.createContainerEntityManagerFactory(SpringHibernateJpaPersistenceProvider.java:75)
	at org.springframework.orm.jpa.LocalContainerEntityManagerFactoryBean.createNativeEntityManagerFactory(LocalContainerEntityManagerFactoryBean.java:390)
	at org.springframework.orm.jpa.AbstractEntityManagerFactoryBean.buildNativeEntityManagerFactory(AbstractEntityManagerFactoryBean.java:409)
	at org.springframework.orm.jpa.AbstractEntityManagerFactoryBean.afterPropertiesSet(AbstractEntityManagerFactoryBean.java:396)
	at org.springframework.orm.jpa.LocalContainerEntityManagerFactoryBean.afterPropertiesSet(LocalContainerEntityManagerFactoryBean.java:366)
	at org.springframework.beans.factory.support.AbstractAutowireCapableBeanFactory.invokeInitMethods(AbstractAutowireCapableBeanFactory.java:1853)
	at org.springframework.beans.factory.support.AbstractAutowireCapableBeanFactory.initializeBean(AbstractAutowireCapableBeanFactory.java:1802)
	at org.springframework.beans.factory.support.AbstractAutowireCapableBeanFactory.doCreateBean(AbstractAutowireCapableBeanFactory.java:600)
	at org.springframework.beans.factory.support.AbstractAutowireCapableBeanFactory.createBean(AbstractAutowireCapableBeanFactory.java:522)
	at org.springframework.beans.factory.support.AbstractBeanFactory.lambda$doGetBean$0(AbstractBeanFactory.java:337)
	at org.springframework.beans.factory.support.DefaultSingletonBeanRegistry.getSingleton(DefaultSingletonBeanRegistry.java:234)
	at org.springframework.beans.factory.support.AbstractBeanFactory.doGetBean(AbstractBeanFactory.java:335)
	at org.springframework.beans.factory.support.AbstractBeanFactory.getBean(AbstractBeanFactory.java:205)
	at org.springframework.context.support.AbstractApplicationContext.finishBeanFactoryInitialization(AbstractApplicationContext.java:954)
	at org.springframework.context.support.AbstractApplicationContext.refresh(AbstractApplicationContext.java:625)
	at org.springframework.boot.SpringApplication.refresh(SpringApplication.java:754)
	at org.springframework.boot.SpringApplication.refreshContext(SpringApplication.java:456)
	at org.springframework.boot.SpringApplication.run(SpringApplication.java:335)
	at org.springframework.boot.test.context.SpringBootContextLoader.lambda$loadContext$3(SpringBootContextLoader.java:137)
	at org.springframework.util.function.ThrowingSupplier.get(ThrowingSupplier.java:58)
	at org.springframework.util.function.ThrowingSupplier.get(ThrowingSupplier.java:46)
	at org.springframework.boot.SpringApplication.withHook(SpringApplication.java:1463)
	at org.springframework.boot.test.context.SpringBootContextLoader$ContextLoaderHook.run(SpringBootContextLoader.java:553)
	at org.springframework.boot.test.context.SpringBootContextLoader.loadContext(SpringBootContextLoader.java:137)
	at org.springframework.boot.test.context.SpringBootContextLoader.loadContext(SpringBootContextLoader.java:108)
	at org.springframework.test.context.cache.DefaultCacheAwareContextLoaderDelegate.loadContextInternal(DefaultCacheAwareContextLoaderDelegate.java:225)
	at org.springframework.test.context.cache.DefaultCacheAwareContextLoaderDelegate.loadContext(DefaultCacheAwareContextLoaderDelegate.java:152)
	at org.springframework.test.context.support.DefaultTestContext.getApplicationContext(DefaultTestContext.java:130)
	at org.springframework.test.context.web.ServletTestExecutionListener.setUpRequestContextIfNecessary(ServletTestExecutionListener.java:191)
	at org.springframework.test.context.web.ServletTestExecutionListener.prepareTestInstance(ServletTestExecutionListener.java:130)
	at org.springframework.test.context.TestContextManager.prepareTestInstance(TestContextManager.java:260)
	at org.springframework.test.context.junit.jupiter.SpringExtension.postProcessTestInstance(SpringExtension.java:163)
	at org.junit.jupiter.engine.descriptor.ClassBasedTestDescriptor.lambda$invokeTestInstancePostProcessors$10(ClassBasedTestDescriptor.java:378)
	at org.junit.jupiter.engine.descriptor.ClassBasedTestDescriptor.executeAndMaskThrowable(ClassBasedTestDescriptor.java:383)
	at org.junit.jupiter.engine.descriptor.ClassBasedTestDescriptor.lambda$invokeTestInstancePostProcessors$11(ClassBasedTestDescriptor.java:378)
	at java.base/java.util.stream.ReferencePipeline$3$1.accept(ReferencePipeline.java:197)
	at java.base/java.util.stream.ReferencePipeline$2$1.accept(ReferencePipeline.java:179)
	at java.base/java.util.ArrayList$ArrayListSpliterator.forEachRemaining(ArrayList.java:1625)
	at java.base/java.util.stream.AbstractPipeline.copyInto(AbstractPipeline.java:509)
	at java.base/java.util.stream.AbstractPipeline.wrapAndCopyInto(AbstractPipeline.java:499)
	at java.base/java.util.stream.StreamSpliterators$WrappingSpliterator.forEachRemaining(StreamSpliterators.java:310)
	at java.base/java.util.stream.Streams$ConcatSpliterator.forEachRemaining(Streams.java:735)
	at java.base/java.util.stream.Streams$ConcatSpliterator.forEachRemaining(Streams.java:734)
	at java.base/java.util.stream.ReferencePipeline$Head.forEach(ReferencePipeline.java:762)
	at org.junit.jupiter.engine.descriptor.ClassBasedTestDescriptor.invokeTestInstancePostProcessors(ClassBasedTestDescriptor.java:377)
	at org.junit.jupiter.engine.descriptor.ClassBasedTestDescriptor.lambda$instantiateAndPostProcessTestInstance$6(ClassBasedTestDescriptor.java:290)
	at org.junit.platform.engine.support.hierarchical.ThrowableCollector.execute(ThrowableCollector.java:73)
	at org.junit.jupiter.engine.descriptor.ClassBasedTestDescriptor.instantiateAndPostProcessTestInstance(ClassBasedTestDescriptor.java:289)
	at org.junit.jupiter.engine.descriptor.ClassBasedTestDescriptor.lambda$testInstancesProvider$4(ClassBasedTestDescriptor.java:279)
	at java.base/java.util.Optional.orElseGet(Optional.java:364)
	at org.junit.jupiter.engine.descriptor.ClassBasedTestDescriptor.lambda$testInstancesProvider$5(ClassBasedTestDescriptor.java:278)
	at org.junit.jupiter.engine.execution.TestInstancesProvider.getTestInstances(TestInstancesProvider.java:31)
	at org.junit.jupiter.engine.descriptor.TestMethodTestDescriptor.lambda$prepare$0(TestMethodTestDescriptor.java:106)
	at org.junit.platform.engine.support.hierarchical.ThrowableCollector.execute(ThrowableCollector.java:73)
	at org.junit.jupiter.engine.descriptor.TestMethodTestDescriptor.prepare(TestMethodTestDescriptor.java:105)
	at org.junit.jupiter.engine.descriptor.TestMethodTestDescriptor.prepare(TestMethodTestDescriptor.java:69)
	at org.junit.platform.engine.support.hierarchical.NodeTestTask.lambda$prepare$2(NodeTestTask.java:128)
	at org.junit.platform.engine.support.hierarchical.ThrowableCollector.execute(ThrowableCollector.java:73)
	at org.junit.platform.engine.support.hierarchical.NodeTestTask.prepare(NodeTestTask.java:128)
	at org.junit.platform.engine.support.hierarchical.NodeTestTask.execute(NodeTestTask.java:95)
	at org.junit.platform.engine.support.hierarchical.ForkJoinPoolHierarchicalTestExecutorService$ExclusiveTask.exec(ForkJoinPoolHierarchicalTestExecutorService.java:274)
	at java.base/java.util.concurrent.ForkJoinTask.doExec(ForkJoinTask.java:373)
	at java.base/java.util.concurrent.ForkJoinPool$WorkQueue.topLevelExec(ForkJoinPool.java:1182)
	at java.base/java.util.concurrent.ForkJoinPool.scan(ForkJoinPool.java:1655)
	at java.base/java.util.concurrent.ForkJoinPool.runWorker(ForkJoinPool.java:1622)
	at java.base/java.util.concurrent.ForkJoinWorkerThread.run(ForkJoinWorkerThread.java:165)
Caused by: org.h2.jdbc.JdbcSQLSyntaxErrorException: Index "IDX_CREATED_AT" already exists; SQL statement:

    create index idx_created_at 
       on friend_request (create [42111-224]
	at org.h2.message.DbException.getJdbcSQLException(DbException.java:514)
	at org.h2.message.DbException.getJdbcSQLException(DbException.java:489)
	at org.h2.message.DbException.get(DbException.java:223)
	at org.h2.message.DbException.get(DbException.java:199)
	at org.h2.command.ddl.CreateIndex.update(CreateIndex.java:76)
	at org.h2.command.CommandContainer.update(CommandContainer.java:169)
	at org.h2.command.Command.executeUpdate(Command.java:256)
	at org.h2.jdbc.JdbcStatement.executeInternal(JdbcStatement.java:262)
	at org.h2.jdbc.JdbcStatement.execute(JdbcStatement.java:231)
	at com.zaxxer.hikari.pool.ProxyStatement.execute(ProxyStatement.java:94)
	at com.zaxxer.hikari.pool.HikariProxyStatement.execute(HikariProxyStatement.java)
	at org.hibernate.tool.schema.internal.exec.GenerationTargetToDatabase.accept(GenerationTargetToDatabase.java:80)
	... 83 common frames omitted
17:29:07 DEBUG [org.hibernate.SQL:135] 
    create index idx_user_a_id 
       on friendship (user_a_id)
Hibernate: 
    create index idx_user_a_id 
       on friendship (user_a_id)
17:29:07 DEBUG [org.hibernate.SQL:135] 
    create index idx_user_b_id 
       on friendship (user_b_id)
Hibernate: 
    create index idx_user_b_id 
       on friendship (user_b_id)
17:29:07 DEBUG [org.hibernate.SQL:135] 
    create index idx_target_id_type 
       on share_link (target_id, type)
Hibernate: 
    create index idx_target_id_type 
       on share_link (target_id, type)
17:29:07 DEBUG [org.hibernate.SQL:135] 
    create index idx_expires_at 
       on share_link (expires_at)
Hibernate: 
    create index idx_expires_at 
       on share_link (expires_at)
17:29:07 DEBUG [org.hibernate.SQL:135] 
    create index idx_name 
       on "user" (name)
Hibernate: 
    create index idx_name 
       on "user" (name)
17:29:07 DEBUG [org.hibernate.SQL:135] 
    create index idx_email 
       on "user" (email)
Hibernate: 
    create index idx_email 
       on "user" (email)
17:29:07 DEBUG [org.hibernate.SQL:135] 
    create index idx_username 
       on "user" (username)
Hibernate: 
    create index idx_username 
       on "user" (username)
17:29:07 DEBUG [org.hibernate.SQL:135] 
    create index idx_phone_number 
       on "user" (phone_number)
Hibernate: 
    create index idx_phone_number 
       on "user" (phone_number)
17:29:07 DEBUG [org.hibernate.SQL:135] 
    alter table if exists "activity_type_associated_friends" 
       add constraint FK48m6vkmhfo618cr810pvm68fo 
       foreign key ("associated_friends_id") 
       references "user"
Hibernate: 
    alter table if exists "activity_type_associated_friends" 
       add constraint FK48m6vkmhfo618cr810pvm68fo 
       foreign key ("associated_friends_id") 
       references "user"
17:29:07 DEBUG [org.hibernate.SQL:135] 
    alter table if exists "activity_type_associated_friends" 
       add constraint FK2pwgc2d4hnjc0u138qkjmy2vf 
       foreign key (activity_type_id) 
       references activity_type
Hibernate: 
    alter table if exists "activity_type_associated_friends" 
       add constraint FK2pwgc2d4hnjc0u138qkjmy2vf 
       foreign key (activity_type_id) 
       references activity_type
17:29:07 DEBUG [org.hibernate.SQL:135] 
    alter table if exists activity 
       add constraint FKr3eyl6gtlxqo765x6p6xbhvnr 
       foreign key (activity_type_id) 
       references activity_type 
       on delete set null
Hibernate: 
    alter table if exists activity 
       add constraint FKr3eyl6gtlxqo765x6p6xbhvnr 
       foreign key (activity_type_id) 
       references activity_type 
       on delete set null
17:29:07 DEBUG [org.hibernate.SQL:135] 
    alter table if exists activity 
       add constraint FKhh2f4booy3m8l9yyi0liorpwd 
       foreign key (creator_id) 
       references "user" 
       on delete cascade
Hibernate: 
    alter table if exists activity 
       add constraint FKhh2f4booy3m8l9yyi0liorpwd 
       foreign key (creator_id) 
       references "user" 
       on delete cascade
17:29:07 DEBUG [org.hibernate.SQL:135] 
    alter table if exists activity 
       add constraint FK4jxx7nspbrtsuv77uqy6s97pt 
       foreign key (location_id) 
       references location
Hibernate: 
    alter table if exists activity 
       add constraint FK4jxx7nspbrtsuv77uqy6s97pt 
       foreign key (location_id) 
       references location
17:29:07 DEBUG [org.hibernate.SQL:135] 
    alter table if exists activity_user 
       add constraint FK612yr3asucd0397oqwe6kyydg 
       foreign key (activity_id) 
       references activity 
       on delete cascade
Hibernate: 
    alter table if exists activity_user 
       add constraint FK612yr3asucd0397oqwe6kyydg 
       foreign key (activity_id) 
       references activity 
       on delete cascade
17:29:07 DEBUG [org.hibernate.SQL:135] 
    alter table if exists activity_user 
       add constraint FKi1xr76codnonocubu3heslrd2 
       foreign key (user_id) 
       references "user" 
       on delete cascade
Hibernate: 
    alter table if exists activity_user 
       add constraint FKi1xr76codnonocubu3heslrd2 
       foreign key (user_id) 
       references "user" 
       on delete cascade
17:29:07 DEBUG [org.hibernate.SQL:135] 
    alter table if exists activity_type 
       add constraint FKfq2dahux4pv8phhnnj3fujq7r 
       foreign key (creator_id) 
       references "user" 
       on delete cascade
Hibernate: 
    alter table if exists activity_type 
       add constraint FKfq2dahux4pv8phhnnj3fujq7r 
       foreign key (creator_id) 
       references "user" 
       on delete cascade
17:29:07 DEBUG [org.hibernate.SQL:135] 
    alter table if exists blocked_user 
       add constraint FKncrir5i3l90wcoi1xw4c3r19t 
       foreign key (blocked_id) 
       references "user" 
       on delete cascade
Hibernate: 
    alter table if exists blocked_user 
       add constraint FKncrir5i3l90wcoi1xw4c3r19t 
       foreign key (blocked_id) 
       references "user" 
       on delete cascade
17:29:07 DEBUG [org.hibernate.SQL:135] 
    alter table if exists blocked_user 
       add constraint FK1nyh89grgtq6h6b5hrojtd0me 
       foreign key (blocker_id) 
       references "user" 
       on delete cascade
Hibernate: 
    alter table if exists blocked_user 
       add constraint FK1nyh89grgtq6h6b5hrojtd0me 
       foreign key (blocker_id) 
       references "user" 
       on delete cascade
17:29:07 DEBUG [org.hibernate.SQL:135] 
    alter table if exists chat_message_like 
       add constraint FKlhm3e22qoi3am52e148x1c313 
       foreign key (chat_message_id) 
       references chat_message 
       on delete cascade
Hibernate: 
    alter table if exists chat_message_like 
       add constraint FKlhm3e22qoi3am52e148x1c313 
       foreign key (chat_message_id) 
       references chat_message 
       on delete cascade
17:29:07 DEBUG [org.hibernate.SQL:135] 
    alter table if exists chat_message_like 
       add constraint FKcbf298sk2ffm60hq024c433hj 
       foreign key (user_id) 
       references "user" 
       on delete cascade
Hibernate: 
    alter table if exists chat_message_like 
       add constraint FKcbf298sk2ffm60hq024c433hj 
       foreign key (user_id) 
       references "user" 
       on delete cascade
17:29:07 DEBUG [org.hibernate.SQL:135] 
    alter table if exists chat_message 
       add constraint FKjq5d63233h859iwyjlnrlygbb 
       foreign key (activity_id) 
       references activity 
       on delete cascade
Hibernate: 
    alter table if exists chat_message 
       add constraint FKjq5d63233h859iwyjlnrlygbb 
       foreign key (activity_id) 
       references activity 
       on delete cascade
17:29:07 DEBUG [org.hibernate.SQL:135] 
    alter table if exists chat_message 
       add constraint FKegniv8mfyftpr16cgqdjek3kv 
       foreign key (user_id) 
       references "user" 
       on delete cascade
Hibernate: 
    alter table if exists chat_message 
       add constraint FKegniv8mfyftpr16cgqdjek3kv 
       foreign key (user_id) 
       references "user" 
       on delete cascade
17:29:07 DEBUG [org.hibernate.SQL:135] 
    alter table if exists device_token 
       add constraint FKnx0ky1nx6v67ep0s36bgdoa6y 
       foreign key (user_id) 
       references "user" 
       on delete cascade
Hibernate: 
    alter table if exists device_token 
       add constraint FKnx0ky1nx6v67ep0s36bgdoa6y 
       foreign key (user_id) 
       references "user" 
       on delete cascade
17:29:07 DEBUG [org.hibernate.SQL:135] 
    alter table if exists email_verification 
       add constraint FKc31pmch2574jshp5igf4vqmlj 
       foreign key ("user_id") 
       references "user"
Hibernate: 
    alter table if exists email_verification 
       add constraint FKc31pmch2574jshp5igf4vqmlj 
       foreign key ("user_id") 
       references "user"
17:29:07 DEBUG [org.hibernate.SQL:135] 
    alter table if exists feedback_submission 
       add constraint FK5b4ghgu72xmrqbaee82gj0rup 
       foreign key (from_user_id) 
       references "user" 
       on delete set null
Hibernate: 
    alter table if exists feedback_submission 
       add constraint FK5b4ghgu72xmrqbaee82gj0rup 
       foreign key (from_user_id) 
       references "user" 
       on delete set null
17:29:07 DEBUG [org.hibernate.SQL:135] 
    alter table if exists friend_request 
       add constraint FKrkpikaso6mng7i0fqq33bed7n 
       foreign key (receiver_id) 
       references "user" 
       on delete cascade
Hibernate: 
    alter table if exists friend_request 
       add constraint FKrkpikaso6mng7i0fqq33bed7n 
       foreign key (receiver_id) 
       references "user" 
       on delete cascade
17:29:07 DEBUG [org.hibernate.SQL:135] 
    alter table if exists friend_request 
       add constraint FK5h1980g8l611wk0iy81cylm5e 
       foreign key (sender_id) 
       references "user" 
       on delete cascade
Hibernate: 
    alter table if exists friend_request 
       add constraint FK5h1980g8l611wk0iy81cylm5e 
       foreign key (sender_id) 
       references "user" 
       on delete cascade
17:29:07 DEBUG [org.hibernate.SQL:135] 
    alter table if exists friendship 
       add constraint FKjq4rs0jua8kv9lpijghy02a4c 
       foreign key (user_a_id) 
       references "user" 
       on delete cascade
Hibernate: 
    alter table if exists friendship 
       add constraint FKjq4rs0jua8kv9lpijghy02a4c 
       foreign key (user_a_id) 
       references "user" 
       on delete cascade
17:29:07 DEBUG [org.hibernate.SQL:135] 
    alter table if exists friendship 
       add constraint FK36walpakd25b73ykx6bgyl6kk 
       foreign key (user_b_id) 
       references "user" 
       on delete cascade
Hibernate: 
    alter table if exists friendship 
       add constraint FK36walpakd25b73ykx6bgyl6kk 
       foreign key (user_b_id) 
       references "user" 
       on delete cascade
17:29:07 DEBUG [org.hibernate.SQL:135] 
    alter table if exists notification_preferences 
       add constraint FKhudt91575r0hyqmk04nomxd8w 
       foreign key (user_id) 
       references "user"
Hibernate: 
    alter table if exists notification_preferences 
       add constraint FKhudt91575r0hyqmk04nomxd8w 
       foreign key (user_id) 
       references "user"
17:29:07 DEBUG [org.hibernate.SQL:135] 
    alter table if exists reported_content 
       add constraint FKhb87w4f13uj2gnf64vo9bf2yl 
       foreign key ("content_owner_id") 
       references "user" 
       on delete cascade
Hibernate: 
    alter table if exists reported_content 
       add constraint FKhb87w4f13uj2gnf64vo9bf2yl 
       foreign key ("content_owner_id") 
       references "user" 
       on delete cascade
17:29:07 DEBUG [org.hibernate.SQL:135] 
    alter table if exists reported_content 
       add constraint FKhtj674wdbjqblyevkpdy50nf3 
       foreign key ("reporter_id") 
       references "user" 
       on delete set null
Hibernate: 
    alter table if exists reported_content 
       add constraint FKhtj674wdbjqblyevkpdy50nf3 
       foreign key ("reporter_id") 
       references "user" 
       on delete set null
17:29:07 DEBUG [org.hibernate.SQL:135] 
    alter table if exists user_interests 
       add constraint FKshuih99iyvakcuspowm9rdegt 
       foreign key (user_id) 
       references "user" 
       on delete cascade
Hibernate: 
    alter table if exists user_interests 
       add constraint FKshuih99iyvakcuspowm9rdegt 
       foreign key (user_id) 
       references "user" 
       on delete cascade
17:29:07 DEBUG [org.hibernate.SQL:135] 
    alter table if exists user_social_media 
       add constraint FKlqnc6we65blep7y84p2f0jh4d 
       foreign key (user_id) 
       references "user" 
       on delete cascade
Hibernate: 
    alter table if exists user_social_media 
       add constraint FKlqnc6we65blep7y84p2f0jh4d 
       foreign key (user_id) 
       references "user" 
       on delete cascade
17:29:07 DEBUG [org.hibernate.SQL:135] 
    alter table if exists user_id_external_id_map 
       add constraint FKaa0463hw4fy90b23usprc7t3i 
       foreign key (user_id) 
       references "user" 
       on delete cascade
Hibernate: 
    alter table if exists user_id_external_id_map 
       add constraint FKaa0463hw4fy90b23usprc7t3i 
       foreign key (user_id) 
       references "user" 
       on delete cascade
17:29:07 INFO  [o.s.o.j.LocalContainerEntityManagerFactoryBean:437] Initialized JPA EntityManagerFactory for persistence unit 'default'
17:29:08 INFO  [c.d.spawn.shared.exceptions.Logger:10] [NativeMethodAccessorImpl.java:-2] invoke0 - Retrieved Google client ID from application properties: dummy-goog...
17:29:08 INFO  [c.d.spawn.shared.exceptions.Logger:10] [NativeMethodAccessorImpl.java:-2] invoke0 - Initializing Google token verifier with client ID: dummy-google-client-id
17:29:08 INFO  [c.d.spawn.shared.exceptions.Logger:10] [NativeMethodAccessorImpl.java:-2] invoke0 - Google token verifier successfully initialized
17:29:08 INFO  [o.s.s.c.a.a.c.InitializeUserDetailsBeanManagerConfigurer$InitializeUserDetailsManagerConfigurer:113] Global AuthenticationManager configured with UserDetailsService bean with name userInfoService
17:29:08 ERROR [c.d.spawn.shared.exceptions.Logger:18] [APNSNotificationStrategy.java:92] initialize - Error initializing APNS service: Last unit does not have enough valid bits
17:29:08 ERROR [c.d.spawn.shared.exceptions.Logger:18] [FCMInitializer.java:35] initialize - GOOGLE_APPLICATION_CREDENTIALS environment variable is not set or empty
17:29:09 DEBUG [o.s.w.s.m.m.a.RequestMappingHandlerMapping:366] 99 mappings in 'requestMappingHandlerMapping'
17:29:09 DEBUG [o.s.w.s.h.SimpleUrlHandlerMapping:187] Patterns [/webjars/**, /**] in 'resourceHandlerMapping'
17:29:09 DEBUG [o.s.w.s.m.m.a.RequestMappingHandlerAdapter:634] ControllerAdvice beans: 0 @ModelAttribute, 0 @InitBinder, 1 RequestBodyAdvice, 1 ResponseBodyAdvice
17:29:09 DEBUG [o.s.w.s.m.m.a.ExceptionHandlerExceptionResolver:305] ControllerAdvice beans: 1 @ExceptionHandler, 1 ResponseBodyAdvice
17:29:09 INFO  [o.s.b.a.h.H2ConsoleAutoConfiguration:88] H2 console available at '/h2-console'. Database available at 'jdbc:h2:mem:testdb'
17:29:09 INFO  [c.d.s.a.i.s.ActivityCacheCleanupService:34] 🧹 Starting scheduled activity cache cleanup
17:29:09 DEBUG [c.d.s.a.i.s.ActivityCacheCleanupService:57] ✅ Cleared cache: feedActivities
17:29:09 DEBUG [c.d.s.a.i.s.ActivityCacheCleanupService:57] ✅ Cleared cache: fullActivityById
17:29:09 INFO  [c.d.s.I.FriendshipIntegrationTests:56] Started FriendshipIntegrationTests in 3.479 seconds (process running for 21.797)
17:29:09 DEBUG [c.d.s.a.i.s.ActivityCacheCleanupService:57] ✅ Cleared cache: ActivityById
17:29:09 DEBUG [c.d.s.a.i.s.ActivityCacheCleanupService:57] ✅ Cleared cache: ActivityInviteById
17:29:09 DEBUG [c.d.s.a.i.s.ActivityCacheCleanupService:57] ✅ Cleared cache: ActivitiesByOwnerId
17:29:09 DEBUG [c.d.s.a.i.s.ActivityCacheCleanupService:57] ✅ Cleared cache: ActivitiesInvitedTo
17:29:09 INFO  [c.d.s.a.i.s.ActivityCacheCleanupService:61] ✅ Completed activity cache cleanup - cleared 7 caches
17:29:09 INFO  [c.d.spawn.shared.exceptions.Logger:10] [ActivityTypeInitializer.java:33] lambda$initializeActivityTypes$0 - Starting activity type initialization for existing users
17:29:09 DEBUG [org.hibernate.SQL:135] 
    /* DELETE 
    FROM
        ShareLink s 
    WHERE
        s.expiresAt IS NOT NULL 
        AND s.expiresAt < :now */ delete 
    from
        share_link sl1_0 
    where
        sl1_0.expires_at is not null 
        and sl1_0.expires_at<?
Hibernate: 
    /* DELETE 
    FROM
        ShareLink s 
    WHERE
        s.expiresAt IS NOT NULL 
        AND s.expiresAt < :now */ delete 
    from
        share_link sl1_0 
    where
        sl1_0.expires_at is not null 
        and sl1_0.expires_at<?
17:29:09 DEBUG [org.hibernate.SQL:135] 
    /* <criteria> */ select
        u1_0.id,
        u1_0.bio,
        u1_0.date_created,
        u1_0.email,
        u1_0.has_completed_onboarding,
        u1_0.last_updated,
        u1_0.name,
        u1_0.password,
        u1_0.phone_number,
        u1_0.profile_picture_url_string,
        u1_0.status,
        u1_0.username 
    from
        "user" u1_0
Hibernate: 
    /* <criteria> */ select
        u1_0.id,
        u1_0.bio,
        u1_0.date_created,
        u1_0.email,
        u1_0.has_completed_onboarding,
        u1_0.last_updated,
        u1_0.name,
        u1_0.password,
        u1_0.phone_number,
        u1_0.profile_picture_url_string,
        u1_0.status,
        u1_0.username 
    from
        "user" u1_0
17:29:09 INFO  [c.d.spawn.shared.exceptions.Logger:10] [ActivityTypeInitializer.java:37] lambda$initializeActivityTypes$0 - Found 0 users in the database
17:29:09 DEBUG [c.d.s.a.i.s.ShareLinkCleanupService:48] Orphaned share link cleanup completed
17:29:09 INFO  [c.d.spawn.shared.exceptions.Logger:10] [ActivityTypeInitializer.java:144] lambda$initializeActivityTypes$0 - Activity type initialization completed: 0 users initialized, 0 users skipped, 0 users with errors
17:29:09 DEBUG [org.hibernate.SQL:135] 
    /* <criteria> */ select
        u1_0.id 
    from
        "user" u1_0 
    where
        u1_0.username=? 
    fetch
        first ? rows only
Hibernate: 
    /* <criteria> */ select
        u1_0.id 
    from
        "user" u1_0 
    where
        u1_0.username=? 
    fetch
        first ? rows only
17:29:09 INFO  [c.d.spawn.shared.exceptions.Logger:10] [AdminUserInitializer.java:42] lambda$initializeAdminUser$0 - Creating admin user
17:29:09 DEBUG [org.hibernate.SQL:135] 
    select
        u1_0.id,
        u1_0.bio,
        u1_0.date_created,
        u1_0.email,
        u1_0.has_completed_onboarding,
        u1_0.last_updated,
        u1_0.name,
        np1_0.id,
        np1_0.activity_invites_enabled,
        np1_0.activity_updates_enabled,
        np1_0.chat_messages_enabled,
        np1_0.friend_requests_enabled,
        np1_0.user_id,
        u1_0.password,
        u1_0.phone_number,
        u1_0.profile_picture_url_string,
        u1_0.status,
        u1_0.username 
    from
        "user" u1_0 
    left join
        notification_preferences np1_0 
            on u1_0.id=np1_0.user_id 
    where
        u1_0.id=?
Hibernate: 
    select
        u1_0.id,
        u1_0.bio,
        u1_0.date_created,
        u1_0.email,
        u1_0.has_completed_onboarding,
        u1_0.last_updated,
        u1_0.name,
        np1_0.id,
        np1_0.activity_invites_enabled,
        np1_0.activity_updates_enabled,
        np1_0.chat_messages_enabled,
        np1_0.friend_requests_enabled,
        np1_0.user_id,
        u1_0.password,
        u1_0.phone_number,
        u1_0.profile_picture_url_string,
        u1_0.status,
        u1_0.username 
    from
        "user" u1_0 
    left join
        notification_preferences np1_0 
            on u1_0.id=np1_0.user_id 
    where
        u1_0.id=?
17:29:09 DEBUG [org.hibernate.SQL:135] 
    /* insert for
        com.danielagapov.spawn.user.internal.domain.User */insert 
    into
        "user" (bio, date_created, email, has_completed_onboarding, last_updated, name, password, phone_number, profile_picture_url_string, status, username, id) 
    values
        (?, ?, ?, ?, ?, ?, ?, ?, ?, ?, ?, ?)
Hibernate: 
    /* insert for
        com.danielagapov.spawn.user.internal.domain.User */insert 
    into
        "user" (bio, date_created, email, has_completed_onboarding, last_updated, name, password, phone_number, profile_picture_url_string, status, username, id) 
    values
        (?, ?, ?, ?, ?, ?, ?, ?, ?, ?, ?, ?)
17:29:09 INFO  [c.d.spawn.shared.exceptions.Logger:10] [AdminUserInitializer.java:63] lambda$initializeAdminUser$0 - Admin user created successfully
17:29:09 INFO  [c.d.s.s.c.ShareLinkConfiguration:30] Initializing Share Link system...
17:29:09 INFO  [c.d.s.s.c.ShareLinkConfiguration:34] ✅ Share Link system initialized successfully
17:29:09 INFO  [c.d.s.s.c.ShareLinkConfiguration:35]    - Database table: share_link (auto-created by Hibernate)
17:29:09 INFO  [c.d.s.s.c.ShareLinkConfiguration:36]    - Share code format: adjective-noun (e.g., 'happy-dolphin')
17:29:09 INFO  [c.d.s.s.c.ShareLinkConfiguration:37]    - Activity links: expire after activity ends or 2 days from start
17:29:09 INFO  [c.d.s.s.c.ShareLinkConfiguration:38]    - Profile links: permanent (until profile is deleted)
17:29:09 INFO  [c.d.s.s.c.ShareLinkConfiguration:39]    - Cleanup: scheduled every hour for expired links
17:29:09 INFO  [c.d.spawn.shared.exceptions.Logger:10] [ProfilePictureInitializer.java:29] lambda$initializeProfilePictures$0 - Starting profile picture initialization for users with NULL profile picture URLs
17:29:09 DEBUG [org.hibernate.SQL:135] 
    /* <criteria> */ select
        u1_0.id,
        u1_0.bio,
        u1_0.date_created,
        u1_0.email,
        u1_0.has_completed_onboarding,
        u1_0.last_updated,
        u1_0.name,
        u1_0.password,
        u1_0.phone_number,
        u1_0.profile_picture_url_string,
        u1_0.status,
        u1_0.username 
    from
        "user" u1_0
Hibernate: 
    /* <criteria> */ select
        u1_0.id,
        u1_0.bio,
        u1_0.date_created,
        u1_0.email,
        u1_0.has_completed_onboarding,
        u1_0.last_updated,
        u1_0.name,
        u1_0.password,
        u1_0.phone_number,
        u1_0.profile_picture_url_string,
        u1_0.status,
        u1_0.username 
    from
        "user" u1_0
17:29:09 DEBUG [org.hibernate.SQL:135] 
    select
        np1_0.id,
        np1_0.activity_invites_enabled,
        np1_0.activity_updates_enabled,
        np1_0.chat_messages_enabled,
        np1_0.friend_requests_enabled,
        np1_0.user_id,
        u1_0.id,
        u1_0.bio,
        u1_0.date_created,
        u1_0.email,
        u1_0.has_completed_onboarding,
        u1_0.last_updated,
        u1_0.name,
        u1_0.password,
        u1_0.phone_number,
        u1_0.profile_picture_url_string,
        u1_0.status,
        u1_0.username 
    from
        notification_preferences np1_0 
    join
        "user" u1_0 
            on u1_0.id=np1_0.user_id 
    where
        np1_0.user_id=?
Hibernate: 
    select
        np1_0.id,
        np1_0.activity_invites_enabled,
        np1_0.activity_updates_enabled,
        np1_0.chat_messages_enabled,
        np1_0.friend_requests_enabled,
        np1_0.user_id,
        u1_0.id,
        u1_0.bio,
        u1_0.date_created,
        u1_0.email,
        u1_0.has_completed_onboarding,
        u1_0.last_updated,
        u1_0.name,
        u1_0.password,
        u1_0.phone_number,
        u1_0.profile_picture_url_string,
        u1_0.status,
        u1_0.username 
    from
        notification_preferences np1_0 
    join
        "user" u1_0 
            on u1_0.id=np1_0.user_id 
    where
        np1_0.user_id=?
17:29:09 INFO  [c.d.spawn.shared.exceptions.Logger:10] [ProfilePictureInitializer.java:33] lambda$initializeProfilePictures$0 - Found 1 users in the database
17:29:09 INFO  [c.d.spawn.shared.exceptions.Logger:10] [ProfilePictureInitializer.java:47] lambda$initializeProfilePictures$0 - Using default profile picture URL: https://mock-cdn.com/default.jpg
17:29:09 INFO  [c.d.spawn.shared.exceptions.Logger:10] [ProfilePictureInitializer.java:55] lambda$initializeProfilePictures$0 - Setting default profile picture for user: admin (ID: 2b9b18c5-ebbb-4948-a585-0c115fa187ce)
17:29:09 DEBUG [org.hibernate.SQL:135] 
    select
        u1_0.id,
        u1_0.bio,
        u1_0.date_created,
        u1_0.email,
        u1_0.has_completed_onboarding,
        u1_0.last_updated,
        u1_0.name,
        np1_0.id,
        np1_0.activity_invites_enabled,
        np1_0.activity_updates_enabled,
        np1_0.chat_messages_enabled,
        np1_0.friend_requests_enabled,
        np1_0.user_id,
        u1_0.password,
        u1_0.phone_number,
        u1_0.profile_picture_url_string,
        u1_0.status,
        u1_0.username 
    from
        "user" u1_0 
    left join
        notification_preferences np1_0 
            on u1_0.id=np1_0.user_id 
    where
        u1_0.id=?
Hibernate: 
    select
        u1_0.id,
        u1_0.bio,
        u1_0.date_created,
        u1_0.email,
        u1_0.has_completed_onboarding,
        u1_0.last_updated,
        u1_0.name,
        np1_0.id,
        np1_0.activity_invites_enabled,
        np1_0.activity_updates_enabled,
        np1_0.chat_messages_enabled,
        np1_0.friend_requests_enabled,
        np1_0.user_id,
        u1_0.password,
        u1_0.phone_number,
        u1_0.profile_picture_url_string,
        u1_0.status,
        u1_0.username 
    from
        "user" u1_0 
    left join
        notification_preferences np1_0 
            on u1_0.id=np1_0.user_id 
    where
        u1_0.id=?
17:29:09 DEBUG [org.hibernate.SQL:135] 
    /* update
        for com.danielagapov.spawn.user.internal.domain.User */update "user" 
    set
        bio=?,
        date_created=?,
        email=?,
        has_completed_onboarding=?,
        last_updated=?,
        name=?,
        password=?,
        phone_number=?,
        profile_picture_url_string=?,
        status=?,
        username=? 
    where
        id=?
Hibernate: 
    /* update
        for com.danielagapov.spawn.user.internal.domain.User */update "user" 
    set
        bio=?,
        date_created=?,
        email=?,
        has_completed_onboarding=?,
        last_updated=?,
        name=?,
        password=?,
        phone_number=?,
        profile_picture_url_string=?,
        status=?,
        username=? 
    where
        id=?
17:29:09 INFO  [c.d.spawn.shared.exceptions.Logger:10] [ProfilePictureInitializer.java:64] lambda$initializeProfilePictures$0 - Successfully set default profile picture for user: admin
17:29:09 INFO  [c.d.spawn.shared.exceptions.Logger:10] [ProfilePictureInitializer.java:75] lambda$initializeProfilePictures$0 - Profile picture initialization completed: 1 users updated, 0 users skipped, 0 users with errors

  .   ____          _            __ _ _
 /\\ / ___'_ __ _ _(_)_ __  __ _ \ \ \ \
( ( )\___ | '_ | '_| | '_ \/ _` | \ \ \ \
 \\/  ___)| |_)| | | | | || (_| |  ) ) ) )
  '  |____| .__|_| |_|_| |_\__, | / / / /
 =========|_|==============|___/=/_/_/_/

 :: Spring Boot ::                (v3.3.5)

17:29:09 INFO  [c.d.s.R.FriendshipRepositoryTests:50] Starting FriendshipRepositoryTests using Java 17.0.10 with PID 17675 (started by daggerpov in /Users/daggerpov/Documents/GitHub/Spawn-App-Back-End)
17:29:09 DEBUG [c.d.s.R.FriendshipRepositoryTests:51] Running with Spring Boot v3.3.5, Spring v6.1.14
17:29:09 INFO  [c.d.s.R.FriendshipRepositoryTests:660] The following 1 profile is active: "test"
17:29:10 INFO  [o.s.d.r.c.RepositoryConfigurationDelegate:295] Multiple Spring Data modules found, entering strict repository configuration mode
17:29:10 INFO  [o.s.d.r.c.RepositoryConfigurationDelegate:143] Bootstrapping Spring Data JPA repositories in DEFAULT mode.
17:29:10 INFO  [o.s.d.r.c.RepositoryConfigurationDelegate:211] Finished Spring Data repository scanning in 37 ms. Found 20 JPA repository interfaces.
17:29:10 INFO  [o.s.b.t.a.j.TestDatabaseAutoConfiguration$EmbeddedDataSourceBeanFactoryPostProcessor:104] Replacing 'dataSource' DataSource bean with embedded version
17:29:10 INFO  [o.s.j.d.e.EmbeddedDatabaseFactory:189] Starting embedded database: url='jdbc:h2:mem:c8cf82e9-12a3-4963-acf9-0ffd72751be3;DB_CLOSE_DELAY=-1;DB_CLOSE_ON_EXIT=false', username='sa'
17:29:10 INFO  [o.s.o.j.p.SpringPersistenceUnitInfo:87] No LoadTimeWeaver setup: ignoring JPA class transformer
17:29:10 WARN  [org.hibernate.orm.deprecation:153] HHH90000025: H2Dialect does not need to be specified explicitly using 'hibernate.dialect' (remove the property setting and it will be selected by default)
17:29:10 DEBUG [org.hibernate.SQL:135] 
    drop table if exists "activity_type_associated_friends" cascade 
Hibernate: 
    drop table if exists "activity_type_associated_friends" cascade 
17:29:10 DEBUG [org.hibernate.SQL:135] 
    drop table if exists activity cascade 
Hibernate: 
    drop table if exists activity cascade 
17:29:10 DEBUG [org.hibernate.SQL:135] 
    drop table if exists activity_user cascade 
Hibernate: 
    drop table if exists activity_user cascade 
17:29:10 DEBUG [org.hibernate.SQL:135] 
    drop table if exists activity_type cascade 
Hibernate: 
    drop table if exists activity_type cascade 
17:29:10 DEBUG [org.hibernate.SQL:135] 
    drop table if exists beta_access_sign_up cascade 
Hibernate: 
    drop table if exists beta_access_sign_up cascade 
17:29:10 DEBUG [org.hibernate.SQL:135] 
    drop table if exists blocked_user cascade 
Hibernate: 
    drop table if exists blocked_user cascade 
17:29:10 DEBUG [org.hibernate.SQL:135] 
    drop table if exists chat_message_like cascade 
Hibernate: 
    drop table if exists chat_message_like cascade 
17:29:10 DEBUG [org.hibernate.SQL:135] 
    drop table if exists chat_message cascade 
Hibernate: 
    drop table if exists chat_message cascade 
17:29:10 DEBUG [org.hibernate.SQL:135] 
    drop table if exists device_token cascade 
Hibernate: 
    drop table if exists device_token cascade 
17:29:10 DEBUG [org.hibernate.SQL:135] 
    drop table if exists email_verification cascade 
Hibernate: 
    drop table if exists email_verification cascade 
17:29:10 DEBUG [org.hibernate.SQL:135] 
    drop table if exists feedback_submission cascade 
Hibernate: 
    drop table if exists feedback_submission cascade 
17:29:10 DEBUG [org.hibernate.SQL:135] 
    drop table if exists friend_request cascade 
Hibernate: 
    drop table if exists friend_request cascade 
17:29:10 DEBUG [org.hibernate.SQL:135] 
    drop table if exists friendship cascade 
Hibernate: 
    drop table if exists friendship cascade 
17:29:10 DEBUG [org.hibernate.SQL:135] 
    drop table if exists location cascade 
Hibernate: 
    drop table if exists location cascade 
17:29:10 DEBUG [org.hibernate.SQL:135] 
    drop table if exists notification_preferences cascade 
Hibernate: 
    drop table if exists notification_preferences cascade 
17:29:10 DEBUG [org.hibernate.SQL:135] 
    drop table if exists reported_content cascade 
Hibernate: 
    drop table if exists reported_content cascade 
17:29:10 DEBUG [org.hibernate.SQL:135] 
    drop table if exists share_link cascade 
Hibernate: 
    drop table if exists share_link cascade 
17:29:10 DEBUG [org.hibernate.SQL:135] 
    drop table if exists "user" cascade 
Hibernate: 
    drop table if exists "user" cascade 
17:29:10 DEBUG [org.hibernate.SQL:135] 
    drop table if exists user_interests cascade 
Hibernate: 
    drop table if exists user_interests cascade 
17:29:10 DEBUG [org.hibernate.SQL:135] 
    drop table if exists user_social_media cascade 
Hibernate: 
    drop table if exists user_social_media cascade 
17:29:10 DEBUG [org.hibernate.SQL:135] 
    drop table if exists user_id_external_id_map cascade 
Hibernate: 
    drop table if exists user_id_external_id_map cascade 
17:29:10 DEBUG [org.hibernate.SQL:135] 
    drop sequence if exists notification_preferences_seq
Hibernate: 
    drop sequence if exists notification_preferences_seq
17:29:10 DEBUG [org.hibernate.SQL:135] 
    create sequence notification_preferences_seq start with 1 increment by 50
Hibernate: 
    create sequence notification_preferences_seq start with 1 increment by 50
17:29:10 DEBUG [org.hibernate.SQL:135] 
    create table "activity_type_associated_friends" (
        activity_type_id uuid not null,
        "associated_friends_id" uuid not null
    )
Hibernate: 
    create table "activity_type_associated_friends" (
        activity_type_id uuid not null,
        "associated_friends_id" uuid not null
    )
17:29:10 DEBUG [org.hibernate.SQL:135] 
    create table activity (
        participant_limit integer,
        created_at timestamp(6) with time zone,
        end_time timestamp(6) with time zone,
        last_updated timestamp(6) with time zone,
        start_time timestamp(6) with time zone,
        activity_type_id uuid,
        creator_id uuid not null,
        id uuid not null,
        location_id uuid not null,
        client_timezone varchar(255),
        color_hex_code varchar(255),
        icon varchar(255),
        note varchar(255),
        title varchar(255),
        primary key (id)
    )
Hibernate: 
    create table activity (
        participant_limit integer,
        created_at timestamp(6) with time zone,
        end_time timestamp(6) with time zone,
        last_updated timestamp(6) with time zone,
        start_time timestamp(6) with time zone,
        activity_type_id uuid,
        creator_id uuid not null,
        id uuid not null,
        location_id uuid not null,
        client_timezone varchar(255),
        color_hex_code varchar(255),
        icon varchar(255),
        note varchar(255),
        title varchar(255),
        primary key (id)
    )
17:29:10 DEBUG [org.hibernate.SQL:135] 
    create table activity_user (
        activity_id uuid not null,
        user_id uuid not null,
        status enum ('invited','notInvited','participating'),
        primary key (activity_id, user_id)
    )
Hibernate: 
    create table activity_user (
        activity_id uuid not null,
        user_id uuid not null,
        status enum ('invited','notInvited','participating'),
        primary key (activity_id, user_id)
    )
17:29:10 DEBUG [org.hibernate.SQL:135] 
    create table activity_type (
        is_pinned boolean not null,
        order_num integer,
        creator_id uuid not null,
        id uuid not null,
        icon VARCHAR(100) CHARACTER SET utf8mb4 COLLATE utf8mb4_unicode_ci,
        title varchar(255),
        primary key (id),
        constraint UK_activity_type_creator_order unique (creator_id, order_num)
    )
Hibernate: 
    create table activity_type (
        is_pinned boolean not null,
        order_num integer,
        creator_id uuid not null,
        id uuid not null,
        icon VARCHAR(100) CHARACTER SET utf8mb4 COLLATE utf8mb4_unicode_ci,
        title varchar(255),
        primary key (id),
        constraint UK_activity_type_creator_order unique (creator_id, order_num)
    )
17:29:10 WARN  [o.h.t.s.i.ExceptionHandlerLoggedImpl:27] GenerationTarget encountered exception accepting command : Error executing DDL "
    create table activity_type (
        is_pinned boolean not null,
        order_num integer,
        creator_id uuid not null,
        id uuid not null,
        icon VARCHAR(100) CHARACTER SET utf8mb4 COLLATE utf8mb4_unicode_ci,
        title varchar(255),
        primary key (id),
        constraint UK_activity_type_creator_order unique (creator_id, order_num)
    )" via JDBC [Syntax error in SQL statement "\000a    create table activity_type (\000a        is_pinned boolean not null,\000a        order_num integer,\000a        creator_id uuid not null,\000a        id uuid not null,\000a        icon VARCHAR(100) [*]CHARACTER SET utf8mb4 COLLATE utf8mb4_unicode_ci,\000a        title varchar(255),\000a        primary key (id),\000a        constraint UK_activity_type_creator_order unique (creator_id, order_num)\000a    )"; expected "ARRAY, INVISIBLE, VISIBLE, NOT NULL, DEFAULT, GENERATED, ON UPDATE, NOT NULL, DEFAULT ON NULL, SEQUENCE, SELECTIVITY, COMMENT, CONSTRAINT, COMMENT, PRIMARY KEY, UNIQUE, NOT NULL, CHECK, REFERENCES, ,, )";]
org.hibernate.tool.schema.spi.CommandAcceptanceException: Error executing DDL "
    create table activity_type (
        is_pinned boolean not null,
        order_num integer,
        creator_id uuid not null,
        id uuid not null,
        icon VARCHAR(100) CHARACTER SET utf8mb4 COLLATE utf8mb4_unicode_ci,
        title varchar(255),
        primary key (id),
        constraint UK_activity_type_creator_order unique (creator_id, order_num)
    )" via JDBC [Syntax error in SQL statement "\000a    create table activity_type (\000a        is_pinned boolean not null,\000a        order_num integer,\000a        creator_id uuid not null,\000a        id uuid not null,\000a        icon VARCHAR(100) [*]CHARACTER SET utf8mb4 COLLATE utf8mb4_unicode_ci,\000a        title varchar(255),\000a        primary key (id),\000a        constraint UK_activity_type_creator_order unique (creator_id, order_num)\000a    )"; expected "ARRAY, INVISIBLE, VISIBLE, NOT NULL, DEFAULT, GENERATED, ON UPDATE, NOT NULL, DEFAULT ON NULL, SEQUENCE, SELECTIVITY, COMMENT, CONSTRAINT, COMMENT, PRIMARY KEY, UNIQUE, NOT NULL, CHECK, REFERENCES, ,, )";]
	at org.hibernate.tool.schema.internal.exec.GenerationTargetToDatabase.accept(GenerationTargetToDatabase.java:94)
	at org.hibernate.tool.schema.internal.Helper.applySqlString(Helper.java:233)
	at org.hibernate.tool.schema.internal.Helper.applySqlStrings(Helper.java:217)
	at org.hibernate.tool.schema.internal.SchemaCreatorImpl.createTables(SchemaCreatorImpl.java:428)
	at org.hibernate.tool.schema.internal.SchemaCreatorImpl.createSequencesTablesConstraints(SchemaCreatorImpl.java:344)
	at org.hibernate.tool.schema.internal.SchemaCreatorImpl.createFromMetadata(SchemaCreatorImpl.java:239)
	at org.hibernate.tool.schema.internal.SchemaCreatorImpl.performCreation(SchemaCreatorImpl.java:172)
	at org.hibernate.tool.schema.internal.SchemaCreatorImpl.doCreation(SchemaCreatorImpl.java:142)
	at org.hibernate.tool.schema.internal.SchemaCreatorImpl.doCreation(SchemaCreatorImpl.java:118)
	at org.hibernate.tool.schema.spi.SchemaManagementToolCoordinator.performDatabaseAction(SchemaManagementToolCoordinator.java:250)
	at org.hibernate.tool.schema.spi.SchemaManagementToolCoordinator.lambda$process$5(SchemaManagementToolCoordinator.java:144)
	at java.base/java.util.HashMap.forEach(HashMap.java:1421)
	at org.hibernate.tool.schema.spi.SchemaManagementToolCoordinator.process(SchemaManagementToolCoordinator.java:141)
	at org.hibernate.boot.internal.SessionFactoryObserverForSchemaExport.sessionFactoryCreated(SessionFactoryObserverForSchemaExport.java:37)
	at org.hibernate.internal.SessionFactoryObserverChain.sessionFactoryCreated(SessionFactoryObserverChain.java:35)
	at org.hibernate.internal.SessionFactoryImpl.<init>(SessionFactoryImpl.java:322)
	at org.hibernate.boot.internal.SessionFactoryBuilderImpl.build(SessionFactoryBuilderImpl.java:457)
	at org.hibernate.jpa.boot.internal.EntityManagerFactoryBuilderImpl.build(EntityManagerFactoryBuilderImpl.java:1506)
	at org.springframework.orm.jpa.vendor.SpringHibernateJpaPersistenceProvider.createContainerEntityManagerFactory(SpringHibernateJpaPersistenceProvider.java:75)
	at org.springframework.orm.jpa.LocalContainerEntityManagerFactoryBean.createNativeEntityManagerFactory(LocalContainerEntityManagerFactoryBean.java:390)
	at org.springframework.orm.jpa.AbstractEntityManagerFactoryBean.buildNativeEntityManagerFactory(AbstractEntityManagerFactoryBean.java:409)
	at org.springframework.orm.jpa.AbstractEntityManagerFactoryBean.afterPropertiesSet(AbstractEntityManagerFactoryBean.java:396)
	at org.springframework.orm.jpa.LocalContainerEntityManagerFactoryBean.afterPropertiesSet(LocalContainerEntityManagerFactoryBean.java:366)
	at org.springframework.beans.factory.support.AbstractAutowireCapableBeanFactory.invokeInitMethods(AbstractAutowireCapableBeanFactory.java:1853)
	at org.springframework.beans.factory.support.AbstractAutowireCapableBeanFactory.initializeBean(AbstractAutowireCapableBeanFactory.java:1802)
	at org.springframework.beans.factory.support.AbstractAutowireCapableBeanFactory.doCreateBean(AbstractAutowireCapableBeanFactory.java:600)
	at org.springframework.beans.factory.support.AbstractAutowireCapableBeanFactory.createBean(AbstractAutowireCapableBeanFactory.java:522)
	at org.springframework.beans.factory.support.AbstractBeanFactory.lambda$doGetBean$0(AbstractBeanFactory.java:337)
	at org.springframework.beans.factory.support.DefaultSingletonBeanRegistry.getSingleton(DefaultSingletonBeanRegistry.java:234)
	at org.springframework.beans.factory.support.AbstractBeanFactory.doGetBean(AbstractBeanFactory.java:335)
	at org.springframework.beans.factory.support.AbstractBeanFactory.getBean(AbstractBeanFactory.java:205)
	at org.springframework.context.support.AbstractApplicationContext.finishBeanFactoryInitialization(AbstractApplicationContext.java:954)
	at org.springframework.context.support.AbstractApplicationContext.refresh(AbstractApplicationContext.java:625)
	at org.springframework.boot.SpringApplication.refresh(SpringApplication.java:754)
	at org.springframework.boot.SpringApplication.refreshContext(SpringApplication.java:456)
	at org.springframework.boot.SpringApplication.run(SpringApplication.java:335)
	at org.springframework.boot.test.context.SpringBootContextLoader.lambda$loadContext$3(SpringBootContextLoader.java:137)
	at org.springframework.util.function.ThrowingSupplier.get(ThrowingSupplier.java:58)
	at org.springframework.util.function.ThrowingSupplier.get(ThrowingSupplier.java:46)
	at org.springframework.boot.SpringApplication.withHook(SpringApplication.java:1463)
	at org.springframework.boot.test.context.SpringBootContextLoader$ContextLoaderHook.run(SpringBootContextLoader.java:553)
	at org.springframework.boot.test.context.SpringBootContextLoader.loadContext(SpringBootContextLoader.java:137)
	at org.springframework.boot.test.context.SpringBootContextLoader.loadContext(SpringBootContextLoader.java:108)
	at org.springframework.test.context.cache.DefaultCacheAwareContextLoaderDelegate.loadContextInternal(DefaultCacheAwareContextLoaderDelegate.java:225)
	at org.springframework.test.context.cache.DefaultCacheAwareContextLoaderDelegate.loadContext(DefaultCacheAwareContextLoaderDelegate.java:152)
	at org.springframework.test.context.support.DefaultTestContext.getApplicationContext(DefaultTestContext.java:130)
	at org.springframework.test.context.support.DependencyInjectionTestExecutionListener.injectDependencies(DependencyInjectionTestExecutionListener.java:142)
	at org.springframework.test.context.support.DependencyInjectionTestExecutionListener.prepareTestInstance(DependencyInjectionTestExecutionListener.java:98)
	at org.springframework.test.context.TestContextManager.prepareTestInstance(TestContextManager.java:260)
	at org.springframework.test.context.junit.jupiter.SpringExtension.postProcessTestInstance(SpringExtension.java:163)
	at org.junit.jupiter.engine.descriptor.ClassBasedTestDescriptor.lambda$invokeTestInstancePostProcessors$10(ClassBasedTestDescriptor.java:378)
	at org.junit.jupiter.engine.descriptor.ClassBasedTestDescriptor.executeAndMaskThrowable(ClassBasedTestDescriptor.java:383)
	at org.junit.jupiter.engine.descriptor.ClassBasedTestDescriptor.lambda$invokeTestInstancePostProcessors$11(ClassBasedTestDescriptor.java:378)
	at java.base/java.util.stream.ReferencePipeline$3$1.accept(ReferencePipeline.java:197)
	at java.base/java.util.stream.ReferencePipeline$2$1.accept(ReferencePipeline.java:179)
	at java.base/java.util.ArrayList$ArrayListSpliterator.forEachRemaining(ArrayList.java:1625)
	at java.base/java.util.stream.AbstractPipeline.copyInto(AbstractPipeline.java:509)
	at java.base/java.util.stream.AbstractPipeline.wrapAndCopyInto(AbstractPipeline.java:499)
	at java.base/java.util.stream.StreamSpliterators$WrappingSpliterator.forEachRemaining(StreamSpliterators.java:310)
	at java.base/java.util.stream.Streams$ConcatSpliterator.forEachRemaining(Streams.java:735)
	at java.base/java.util.stream.Streams$ConcatSpliterator.forEachRemaining(Streams.java:734)
	at java.base/java.util.stream.ReferencePipeline$Head.forEach(ReferencePipeline.java:762)
	at org.junit.jupiter.engine.descriptor.ClassBasedTestDescriptor.invokeTestInstancePostProcessors(ClassBasedTestDescriptor.java:377)
	at org.junit.jupiter.engine.descriptor.ClassBasedTestDescriptor.lambda$instantiateAndPostProcessTestInstance$6(ClassBasedTestDescriptor.java:290)
	at org.junit.platform.engine.support.hierarchical.ThrowableCollector.execute(ThrowableCollector.java:73)
	at org.junit.jupiter.engine.descriptor.ClassBasedTestDescriptor.instantiateAndPostProcessTestInstance(ClassBasedTestDescriptor.java:289)
	at org.junit.jupiter.engine.descriptor.ClassBasedTestDescriptor.lambda$testInstancesProvider$4(ClassBasedTestDescriptor.java:279)
	at java.base/java.util.Optional.orElseGet(Optional.java:364)
	at org.junit.jupiter.engine.descriptor.ClassBasedTestDescriptor.lambda$testInstancesProvider$5(ClassBasedTestDescriptor.java:278)
	at org.junit.jupiter.engine.execution.TestInstancesProvider.getTestInstances(TestInstancesProvider.java:31)
	at org.junit.jupiter.engine.descriptor.TestMethodTestDescriptor.lambda$prepare$0(TestMethodTestDescriptor.java:106)
	at org.junit.platform.engine.support.hierarchical.ThrowableCollector.execute(ThrowableCollector.java:73)
	at org.junit.jupiter.engine.descriptor.TestMethodTestDescriptor.prepare(TestMethodTestDescriptor.java:105)
	at org.junit.jupiter.engine.descriptor.TestMethodTestDescriptor.prepare(TestMethodTestDescriptor.java:69)
	at org.junit.platform.engine.support.hierarchical.NodeTestTask.lambda$prepare$2(NodeTestTask.java:128)
	at org.junit.platform.engine.support.hierarchical.ThrowableCollector.execute(ThrowableCollector.java:73)
	at org.junit.platform.engine.support.hierarchical.NodeTestTask.prepare(NodeTestTask.java:128)
	at org.junit.platform.engine.support.hierarchical.NodeTestTask.execute(NodeTestTask.java:95)
	at org.junit.platform.engine.support.hierarchical.ForkJoinPoolHierarchicalTestExecutorService$ExclusiveTask.exec(ForkJoinPoolHierarchicalTestExecutorService.java:274)
	at java.base/java.util.concurrent.ForkJoinTask.doExec(ForkJoinTask.java:373)
	at java.base/java.util.concurrent.ForkJoinTask.awaitDone(ForkJoinTask.java:436)
	at java.base/java.util.concurrent.ForkJoinTask.join(ForkJoinTask.java:670)
	at org.junit.platform.engine.support.hierarchical.ForkJoinPoolHierarchicalTestExecutorService.joinConcurrentTasksInReverseOrderToEnableWorkStealing(ForkJoinPoolHierarchicalTestExecutorService.java:201)
	at org.junit.platform.engine.support.hierarchical.ForkJoinPoolHierarchicalTestExecutorService.invokeAll(ForkJoinPoolHierarchicalTestExecutorService.java:167)
	at org.junit.platform.engine.support.hierarchical.NodeTestTask.lambda$executeRecursively$6(NodeTestTask.java:160)
	at org.junit.platform.engine.support.hierarchical.ThrowableCollector.execute(ThrowableCollector.java:73)
	at org.junit.platform.engine.support.hierarchical.NodeTestTask.lambda$executeRecursively$8(NodeTestTask.java:146)
	at org.junit.platform.engine.support.hierarchical.Node.around(Node.java:137)
	at org.junit.platform.engine.support.hierarchical.NodeTestTask.lambda$executeRecursively$9(NodeTestTask.java:144)
	at org.junit.platform.engine.support.hierarchical.ThrowableCollector.execute(ThrowableCollector.java:73)
	at org.junit.platform.engine.support.hierarchical.NodeTestTask.executeRecursively(NodeTestTask.java:143)
	at org.junit.platform.engine.support.hierarchical.NodeTestTask.execute(NodeTestTask.java:100)
	at org.junit.platform.engine.support.hierarchical.ForkJoinPoolHierarchicalTestExecutorService$ExclusiveTask.exec(ForkJoinPoolHierarchicalTestExecutorService.java:274)
	at java.base/java.util.concurrent.ForkJoinTask.doExec(ForkJoinTask.java:373)
	at java.base/java.util.concurrent.ForkJoinPool$WorkQueue.topLevelExec(ForkJoinPool.java:1182)
	at java.base/java.util.concurrent.ForkJoinPool.scan(ForkJoinPool.java:1655)
	at java.base/java.util.concurrent.ForkJoinPool.runWorker(ForkJoinPool.java:1622)
	at java.base/java.util.concurrent.ForkJoinWorkerThread.run(ForkJoinWorkerThread.java:165)
Caused by: org.h2.jdbc.JdbcSQLSyntaxErrorException: Syntax error in SQL statement "\000a    create table activity_type (\000a        is_pinned boolean not null,\000a        order_num integer,\000a        creator_id uuid not null,\000a        id uuid not null,\000a        icon VARCHAR(100) [*]CHARACTER SET utf8mb4 COLLATE utf8mb4_unicode_ci,\000a        title varchar(255),\000a        primary key (id),\000a        constraint UK_activity_type_creator_order unique (creator_id, order_num)\000a    )"; expected "ARRAY, INVISIBLE, VISIBLE, NOT NULL, DEFAULT, GENERATED, ON UPDATE, NOT NULL, DEFAULT ON NULL, SEQUENCE, SELECTIVITY, COMMENT, CONSTRAINT, COMMENT, PRIMARY KEY, UNIQUE, NOT NULL, CHECK, REFERENCES, ,, )"; SQL statement:

    create table activity_type (
        is_pinned boolean not null,
        order_num integer,
        creator_id uuid not null,
        id uuid not null,
        icon VARCHAR(100) CHARACTER SET utf8mb4 COLLATE utf8mb4_unicode_ci,
        title varchar(255),
        primary key (id),
        constraint UK_activity_type_creator_order unique (creator_id, order_num)
    ) [42001-224]
	at org.h2.message.DbException.getJdbcSQLException(DbException.java:514)
	at org.h2.message.DbException.getJdbcSQLException(DbException.java:489)
	at org.h2.message.DbException.getSyntaxError(DbException.java:261)
	at org.h2.command.ParserBase.getSyntaxError(ParserBase.java:750)
	at org.h2.command.ParserBase.read(ParserBase.java:357)
	at org.h2.command.ParserBase.readIfMore(ParserBase.java:625)
	at org.h2.command.Parser.parseCreateTable(Parser.java:8940)
	at org.h2.command.Parser.parseCreate(Parser.java:6404)
	at org.h2.command.Parser.parsePrepared(Parser.java:666)
	at org.h2.command.Parser.parse(Parser.java:592)
	at org.h2.command.Parser.parse(Parser.java:569)
	at org.h2.command.Parser.prepareCommand(Parser.java:483)
	at org.h2.engine.SessionLocal.prepareLocal(SessionLocal.java:639)
	at org.h2.engine.SessionLocal.prepareCommand(SessionLocal.java:559)
	at org.h2.jdbc.JdbcConnection.prepareCommand(JdbcConnection.java:1166)
	at org.h2.jdbc.JdbcStatement.executeInternal(JdbcStatement.java:245)
	at org.h2.jdbc.JdbcStatement.execute(JdbcStatement.java:231)
	at org.hibernate.tool.schema.internal.exec.GenerationTargetToDatabase.accept(GenerationTargetToDatabase.java:80)
	... 97 common frames omitted
17:29:10 DEBUG [org.hibernate.SQL:135] 
    create table beta_access_sign_up (
        has_been_emailed boolean,
        has_subscribed_to_newsletter boolean,
        signed_up_at timestamp(6) with time zone,
        id uuid not null,
        email varchar(255) not null unique,
        primary key (id)
    )
Hibernate: 
    create table beta_access_sign_up (
        has_been_emailed boolean,
        has_subscribed_to_newsletter boolean,
        signed_up_at timestamp(6) with time zone,
        id uuid not null,
        email varchar(255) not null unique,
        primary key (id)
    )
17:29:10 DEBUG [org.hibernate.SQL:135] 
    create table blocked_user (
        blocked_id uuid not null,
        blocker_id uuid not null,
        id uuid not null,
        reason varchar(500),
        primary key (id),
        unique (blocker_id, blocked_id)
    )
Hibernate: 
    create table blocked_user (
        blocked_id uuid not null,
        blocker_id uuid not null,
        id uuid not null,
        reason varchar(500),
        primary key (id),
        unique (blocker_id, blocked_id)
    )
17:29:10 DEBUG [org.hibernate.SQL:135] 
    create table chat_message_like (
        chat_message_id uuid not null,
        user_id uuid not null,
        primary key (chat_message_id, user_id)
    )
Hibernate: 
    create table chat_message_like (
        chat_message_id uuid not null,
        user_id uuid not null,
        primary key (chat_message_id, user_id)
    )
17:29:10 DEBUG [org.hibernate.SQL:135] 
    create table chat_message (
        timestamp timestamp(6) with time zone,
        activity_id uuid not null,
        id uuid not null,
        user_id uuid not null,
        content varchar(1000),
        primary key (id)
    )
Hibernate: 
    create table chat_message (
        timestamp timestamp(6) with time zone,
        activity_id uuid not null,
        id uuid not null,
        user_id uuid not null,
        content varchar(1000),
        primary key (id)
    )
17:29:10 DEBUG [org.hibernate.SQL:135] 
    create table device_token (
        id uuid not null,
        user_id uuid not null,
        token varchar(255) not null unique,
        device_type enum ('ANDROID','IOS'),
        primary key (id)
    )
Hibernate: 
    create table device_token (
        id uuid not null,
        user_id uuid not null,
        token varchar(255) not null unique,
        device_type enum ('ANDROID','IOS'),
        primary key (id)
    )
17:29:10 DEBUG [org.hibernate.SQL:135] 
    create table email_verification (
        check_attempts integer not null,
        send_attempts integer not null,
        code_expires_at timestamp(6) with time zone,
        last_check_attempt_at timestamp(6) with time zone,
        last_send_attempt_at timestamp(6) with time zone,
        next_check_attempt_at timestamp(6) with time zone,
        next_send_attempt_at timestamp(6) with time zone,
        id uuid not null,
        "user_id" uuid unique,
        email varchar(255) unique,
        verification_code varchar(255) not null unique,
        primary key (id)
    )
Hibernate: 
    create table email_verification (
        check_attempts integer not null,
        send_attempts integer not null,
        code_expires_at timestamp(6) with time zone,
        last_check_attempt_at timestamp(6) with time zone,
        last_send_attempt_at timestamp(6) with time zone,
        next_check_attempt_at timestamp(6) with time zone,
        next_send_attempt_at timestamp(6) with time zone,
        id uuid not null,
        "user_id" uuid unique,
        email varchar(255) unique,
        verification_code varchar(255) not null unique,
        primary key (id)
    )
17:29:10 DEBUG [org.hibernate.SQL:135] 
    create table feedback_submission (
        submitted_at timestamp(6) with time zone,
        from_user_id uuid,
        id uuid not null,
        from_user_email varchar(255),
        image_url varchar(255),
        message TEXT,
        resolution_comment TEXT,
        status enum ('IN_PROGRESS','PENDING','RESOLVED'),
        type enum ('BUG','FEATURE_REQUEST','GENERAL_FEEDBACK'),
        primary key (id)
    )
Hibernate: 
    create table feedback_submission (
        submitted_at timestamp(6) with time zone,
        from_user_id uuid,
        id uuid not null,
        from_user_email varchar(255),
        image_url varchar(255),
        message TEXT,
        resolution_comment TEXT,
        status enum ('IN_PROGRESS','PENDING','RESOLVED'),
        type enum ('BUG','FEATURE_REQUEST','GENERAL_FEEDBACK'),
        primary key (id)
    )
17:29:10 DEBUG [org.hibernate.SQL:135] 
    create table friend_request (
        created_at TIMESTAMP DEFAULT CURRENT_TIMESTAMP not null,
        id uuid not null,
        receiver_id uuid not null,
        sender_id uuid not null,
        primary key (id),
        unique (sender_id, receiver_id)
    )
Hibernate: 
    create table friend_request (
        created_at TIMESTAMP DEFAULT CURRENT_TIMESTAMP not null,
        id uuid not null,
        receiver_id uuid not null,
        sender_id uuid not null,
        primary key (id),
        unique (sender_id, receiver_id)
    )
17:29:10 DEBUG [org.hibernate.SQL:135] 
    create table friendship (
        created_at timestamp(6) with time zone not null,
        id uuid not null,
        user_a_id uuid not null,
        user_b_id uuid not null,
        primary key (id),
        unique (user_a_id, user_b_id)
    )
Hibernate: 
    create table friendship (
        created_at timestamp(6) with time zone not null,
        id uuid not null,
        user_a_id uuid not null,
        user_b_id uuid not null,
        primary key (id),
        unique (user_a_id, user_b_id)
    )
17:29:10 DEBUG [org.hibernate.SQL:135] 
    create table location (
        latitude float(53) not null,
        longitude float(53) not null,
        id uuid not null,
        name varchar(200),
        primary key (id)
    )
Hibernate: 
    create table location (
        latitude float(53) not null,
        longitude float(53) not null,
        id uuid not null,
        name varchar(200),
        primary key (id)
    )
17:29:10 DEBUG [org.hibernate.SQL:135] 
    create table notification_preferences (
        activity_invites_enabled boolean not null,
        activity_updates_enabled boolean not null,
        chat_messages_enabled boolean not null,
        friend_requests_enabled boolean not null,
        id bigint not null,
        user_id uuid not null unique,
        primary key (id)
    )
Hibernate: 
    create table notification_preferences (
        activity_invites_enabled boolean not null,
        activity_updates_enabled boolean not null,
        chat_messages_enabled boolean not null,
        friend_requests_enabled boolean not null,
        id bigint not null,
        user_id uuid not null unique,
        primary key (id)
    )
17:29:10 DEBUG [org.hibernate.SQL:135] 
    create table reported_content (
        content_type tinyint not null check (content_type between 0 and 11),
        report_type tinyint not null check (report_type between 0 and 3),
        resolution tinyint not null check (resolution between 0 and 4),
        time_reported timestamp(6) with time zone not null,
        content_id uuid not null,
        "content_owner_id" uuid not null,
        id uuid not null,
        "reporter_id" uuid,
        description varchar(255),
        primary key (id)
    )
Hibernate: 
    create table reported_content (
        content_type tinyint not null check (content_type between 0 and 11),
        report_type tinyint not null check (report_type between 0 and 3),
        resolution tinyint not null check (resolution between 0 and 4),
        time_reported timestamp(6) with time zone not null,
        content_id uuid not null,
        "content_owner_id" uuid not null,
        id uuid not null,
        "reporter_id" uuid,
        description varchar(255),
        primary key (id)
    )
17:29:10 DEBUG [org.hibernate.SQL:135] 
    create table share_link (
        created_at timestamp(6) with time zone not null,
        expires_at timestamp(6) with time zone,
        id uuid not null,
        target_id uuid not null,
        share_code varchar(50) not null unique,
        type enum ('ACTIVITY','PROFILE') not null,
        primary key (id)
    )
Hibernate: 
    create table share_link (
        created_at timestamp(6) with time zone not null,
        expires_at timestamp(6) with time zone,
        id uuid not null,
        target_id uuid not null,
        share_code varchar(50) not null unique,
        type enum ('ACTIVITY','PROFILE') not null,
        primary key (id)
    )
17:29:10 DEBUG [org.hibernate.SQL:135] 
    create table "user" (
        has_completed_onboarding BOOLEAN DEFAULT FALSE not null,
        status tinyint not null check (status between 0 and 4),
        date_created timestamp(6),
        last_updated timestamp(6) with time zone,
        id uuid not null,
        bio varchar(255),
        email varchar(255) unique,
        name varchar(255),
        password varchar(255),
        phone_number varchar(255) unique,
        profile_picture_url_string varchar(255),
        username varchar(255) unique,
        primary key (id)
    )
Hibernate: 
    create table "user" (
        has_completed_onboarding BOOLEAN DEFAULT FALSE not null,
        status tinyint not null check (status between 0 and 4),
        date_created timestamp(6),
        last_updated timestamp(6) with time zone,
        id uuid not null,
        bio varchar(255),
        email varchar(255) unique,
        name varchar(255),
        password varchar(255),
        phone_number varchar(255) unique,
        profile_picture_url_string varchar(255),
        username varchar(255) unique,
        primary key (id)
    )
17:29:10 DEBUG [org.hibernate.SQL:135] 
    create table user_interests (
        created_at timestamp(6) with time zone,
        id uuid not null,
        user_id uuid not null,
        interest varchar(255) not null,
        primary key (id)
    )
Hibernate: 
    create table user_interests (
        created_at timestamp(6) with time zone,
        id uuid not null,
        user_id uuid not null,
        interest varchar(255) not null,
        primary key (id)
    )
17:29:10 DEBUG [org.hibernate.SQL:135] 
    create table user_social_media (
        last_updated timestamp(6) with time zone,
        id uuid not null,
        user_id uuid not null unique,
        instagram_username varchar(255),
        whatsapp_number varchar(255),
        primary key (id)
    )
Hibernate: 
    create table user_social_media (
        last_updated timestamp(6) with time zone,
        id uuid not null,
        user_id uuid not null unique,
        instagram_username varchar(255),
        whatsapp_number varchar(255),
        primary key (id)
    )
17:29:10 DEBUG [org.hibernate.SQL:135] 
    create table user_id_external_id_map (
        user_id uuid not null unique,
        id varchar(255) not null,
        provider enum ('apple','google'),
        primary key (id)
    )
Hibernate: 
    create table user_id_external_id_map (
        user_id uuid not null unique,
        id varchar(255) not null,
        provider enum ('apple','google'),
        primary key (id)
    )
17:29:10 DEBUG [org.hibernate.SQL:135] 
    create index idx_creator_id 
       on activity (creator_id)
Hibernate: 
    create index idx_creator_id 
       on activity (creator_id)
17:29:10 DEBUG [org.hibernate.SQL:135] 
    create index idx_start_time 
       on activity (start_time)
Hibernate: 
    create index idx_start_time 
       on activity (start_time)
17:29:10 DEBUG [org.hibernate.SQL:135] 
    create index idx_end_time 
       on activity (end_time)
Hibernate: 
    create index idx_end_time 
       on activity (end_time)
17:29:10 DEBUG [org.hibernate.SQL:135] 
    create index idx_last_updated 
       on activity (last_updated)
Hibernate: 
    create index idx_last_updated 
       on activity (last_updated)
17:29:10 DEBUG [org.hibernate.SQL:135] 
    create index idx_created_at 
       on activity (created_at)
Hibernate: 
    create index idx_created_at 
       on activity (created_at)
17:29:10 DEBUG [org.hibernate.SQL:135] 
    create index idx_activity_id 
       on activity_user (activity_id)
Hibernate: 
    create index idx_activity_id 
       on activity_user (activity_id)
17:29:10 DEBUG [org.hibernate.SQL:135] 
    create index idx_user_id 
       on activity_user (user_id)
Hibernate: 
    create index idx_user_id 
       on activity_user (user_id)
17:29:10 DEBUG [org.hibernate.SQL:135] 
    create index idx_status 
       on activity_user (status)
Hibernate: 
    create index idx_status 
       on activity_user (status)
17:29:10 DEBUG [org.hibernate.SQL:135] 
    create index idx_user_status 
       on activity_user (user_id, status)
Hibernate: 
    create index idx_user_status 
       on activity_user (user_id, status)
17:29:10 DEBUG [org.hibernate.SQL:135] 
    create index idx_activity_status 
       on activity_user (activity_id, status)
Hibernate: 
    create index idx_activity_status 
       on activity_user (activity_id, status)
17:29:10 DEBUG [org.hibernate.SQL:135] 
    create index idx_sender_id 
       on friend_request (sender_id)
Hibernate: 
    create index idx_sender_id 
       on friend_request (sender_id)
17:29:10 DEBUG [org.hibernate.SQL:135] 
    create index idx_receiver_id 
       on friend_request (receiver_id)
Hibernate: 
    create index idx_receiver_id 
       on friend_request (receiver_id)
17:29:10 DEBUG [org.hibernate.SQL:135] 
    create index idx_created_at 
       on friend_request (created_at)
Hibernate: 
    create index idx_created_at 
       on friend_request (created_at)
17:29:10 WARN  [o.h.t.s.i.ExceptionHandlerLoggedImpl:27] GenerationTarget encountered exception accepting command : Error executing DDL "
    create index idx_created_at 
       on friend_request (created_at)" via JDBC [Index "IDX_CREATED_AT" already exists;]
org.hibernate.tool.schema.spi.CommandAcceptanceException: Error executing DDL "
    create index idx_created_at 
       on friend_request (created_at)" via JDBC [Index "IDX_CREATED_AT" already exists;]
	at org.hibernate.tool.schema.internal.exec.GenerationTargetToDatabase.accept(GenerationTargetToDatabase.java:94)
	at org.hibernate.tool.schema.internal.Helper.applySqlString(Helper.java:233)
	at org.hibernate.tool.schema.internal.Helper.applySqlStrings(Helper.java:217)
	at org.hibernate.tool.schema.internal.SchemaCreatorImpl.createTableConstraints(SchemaCreatorImpl.java:390)
	at org.hibernate.tool.schema.internal.SchemaCreatorImpl.createSequencesTablesConstraints(SchemaCreatorImpl.java:356)
	at org.hibernate.tool.schema.internal.SchemaCreatorImpl.createFromMetadata(SchemaCreatorImpl.java:239)
	at org.hibernate.tool.schema.internal.SchemaCreatorImpl.performCreation(SchemaCreatorImpl.java:172)
	at org.hibernate.tool.schema.internal.SchemaCreatorImpl.doCreation(SchemaCreatorImpl.java:142)
	at org.hibernate.tool.schema.internal.SchemaCreatorImpl.doCreation(SchemaCreatorImpl.java:118)
	at org.hibernate.tool.schema.spi.SchemaManagementToolCoordinator.performDatabaseAction(SchemaManagementToolCoordinator.java:250)
	at org.hibernate.tool.schema.spi.SchemaManagementToolCoordinator.lambda$process$5(SchemaManagementToolCoordinator.java:144)
	at java.base/java.util.HashMap.forEach(HashMap.java:1421)
	at org.hibernate.tool.schema.spi.SchemaManagementToolCoordinator.process(SchemaManagementToolCoordinator.java:141)
	at org.hibernate.boot.internal.SessionFactoryObserverForSchemaExport.sessionFactoryCreated(SessionFactoryObserverForSchemaExport.java:37)
	at org.hibernate.internal.SessionFactoryObserverChain.sessionFactoryCreated(SessionFactoryObserverChain.java:35)
	at org.hibernate.internal.SessionFactoryImpl.<init>(SessionFactoryImpl.java:322)
	at org.hibernate.boot.internal.SessionFactoryBuilderImpl.build(SessionFactoryBuilderImpl.java:457)
	at org.hibernate.jpa.boot.internal.EntityManagerFactoryBuilderImpl.build(EntityManagerFactoryBuilderImpl.java:1506)
	at org.springframework.orm.jpa.vendor.SpringHibernateJpaPersistenceProvider.createContainerEntityManagerFactory(SpringHibernateJpaPersistenceProvider.java:75)
	at org.springframework.orm.jpa.LocalContainerEntityManagerFactoryBean.createNativeEntityManagerFactory(LocalContainerEntityManagerFactoryBean.java:390)
	at org.springframework.orm.jpa.AbstractEntityManagerFactoryBean.buildNativeEntityManagerFactory(AbstractEntityManagerFactoryBean.java:409)
	at org.springframework.orm.jpa.AbstractEntityManagerFactoryBean.afterPropertiesSet(AbstractEntityManagerFactoryBean.java:396)
	at org.springframework.orm.jpa.LocalContainerEntityManagerFactoryBean.afterPropertiesSet(LocalContainerEntityManagerFactoryBean.java:366)
	at org.springframework.beans.factory.support.AbstractAutowireCapableBeanFactory.invokeInitMethods(AbstractAutowireCapableBeanFactory.java:1853)
	at org.springframework.beans.factory.support.AbstractAutowireCapableBeanFactory.initializeBean(AbstractAutowireCapableBeanFactory.java:1802)
	at org.springframework.beans.factory.support.AbstractAutowireCapableBeanFactory.doCreateBean(AbstractAutowireCapableBeanFactory.java:600)
	at org.springframework.beans.factory.support.AbstractAutowireCapableBeanFactory.createBean(AbstractAutowireCapableBeanFactory.java:522)
	at org.springframework.beans.factory.support.AbstractBeanFactory.lambda$doGetBean$0(AbstractBeanFactory.java:337)
	at org.springframework.beans.factory.support.DefaultSingletonBeanRegistry.getSingleton(DefaultSingletonBeanRegistry.java:234)
	at org.springframework.beans.factory.support.AbstractBeanFactory.doGetBean(AbstractBeanFactory.java:335)
	at org.springframework.beans.factory.support.AbstractBeanFactory.getBean(AbstractBeanFactory.java:205)
	at org.springframework.context.support.AbstractApplicationContext.finishBeanFactoryInitialization(AbstractApplicationContext.java:954)
	at org.springframework.context.support.AbstractApplicationContext.refresh(AbstractApplicationContext.java:625)
	at org.springframework.boot.SpringApplication.refresh(SpringApplication.java:754)
	at org.springframework.boot.SpringApplication.refreshContext(SpringApplication.java:456)
	at org.springframework.boot.SpringApplication.run(SpringApplication.java:335)
	at org.springframework.boot.test.context.SpringBootContextLoader.lambda$loadContext$3(SpringBootContextLoader.java:137)
	at org.springframework.util.function.ThrowingSupplier.get(ThrowingSupplier.java:58)
	at org.springframework.util.function.ThrowingSupplier.get(ThrowingSupplier.java:46)
	at org.springframework.boot.SpringApplication.withHook(SpringApplication.java:1463)
	at org.springframework.boot.test.context.SpringBootContextLoader$ContextLoaderHook.run(SpringBootContextLoader.java:553)
	at org.springframework.boot.test.context.SpringBootContextLoader.loadContext(SpringBootContextLoader.java:137)
	at org.springframework.boot.test.context.SpringBootContextLoader.loadContext(SpringBootContextLoader.java:108)
	at org.springframework.test.context.cache.DefaultCacheAwareContextLoaderDelegate.loadContextInternal(DefaultCacheAwareContextLoaderDelegate.java:225)
	at org.springframework.test.context.cache.DefaultCacheAwareContextLoaderDelegate.loadContext(DefaultCacheAwareContextLoaderDelegate.java:152)
	at org.springframework.test.context.support.DefaultTestContext.getApplicationContext(DefaultTestContext.java:130)
	at org.springframework.test.context.support.DependencyInjectionTestExecutionListener.injectDependencies(DependencyInjectionTestExecutionListener.java:142)
	at org.springframework.test.context.support.DependencyInjectionTestExecutionListener.prepareTestInstance(DependencyInjectionTestExecutionListener.java:98)
	at org.springframework.test.context.TestContextManager.prepareTestInstance(TestContextManager.java:260)
	at org.springframework.test.context.junit.jupiter.SpringExtension.postProcessTestInstance(SpringExtension.java:163)
	at org.junit.jupiter.engine.descriptor.ClassBasedTestDescriptor.lambda$invokeTestInstancePostProcessors$10(ClassBasedTestDescriptor.java:378)
	at org.junit.jupiter.engine.descriptor.ClassBasedTestDescriptor.executeAndMaskThrowable(ClassBasedTestDescriptor.java:383)
	at org.junit.jupiter.engine.descriptor.ClassBasedTestDescriptor.lambda$invokeTestInstancePostProcessors$11(ClassBasedTestDescriptor.java:378)
	at java.base/java.util.stream.ReferencePipeline$3$1.accept(ReferencePipeline.java:197)
	at java.base/java.util.stream.ReferencePipeline$2$1.accept(ReferencePipeline.java:179)
	at java.base/java.util.ArrayList$ArrayListSpliterator.forEachRemaining(ArrayList.java:1625)
	at java.base/java.util.stream.AbstractPipeline.copyInto(AbstractPipeline.java:509)
	at java.base/java.util.stream.AbstractPipeline.wrapAndCopyInto(AbstractPipeline.java:499)
	at java.base/java.util.stream.StreamSpliterators$WrappingSpliterator.forEachRemaining(StreamSpliterators.java:310)
	at java.base/java.util.stream.Streams$ConcatSpliterator.forEachRemaining(Streams.java:735)
	at java.base/java.util.stream.Streams$ConcatSpliterator.forEachRemaining(Streams.java:734)
	at java.base/java.util.stream.ReferencePipeline$Head.forEach(ReferencePipeline.java:762)
	at org.junit.jupiter.engine.descriptor.ClassBasedTestDescriptor.invokeTestInstancePostProcessors(ClassBasedTestDescriptor.java:377)
	at org.junit.jupiter.engine.descriptor.ClassBasedTestDescriptor.lambda$instantiateAndPostProcessTestInstance$6(ClassBasedTestDescriptor.java:290)
	at org.junit.platform.engine.support.hierarchical.ThrowableCollector.execute(ThrowableCollector.java:73)
	at org.junit.jupiter.engine.descriptor.ClassBasedTestDescriptor.instantiateAndPostProcessTestInstance(ClassBasedTestDescriptor.java:289)
	at org.junit.jupiter.engine.descriptor.ClassBasedTestDescriptor.lambda$testInstancesProvider$4(ClassBasedTestDescriptor.java:279)
	at java.base/java.util.Optional.orElseGet(Optional.java:364)
	at org.junit.jupiter.engine.descriptor.ClassBasedTestDescriptor.lambda$testInstancesProvider$5(ClassBasedTestDescriptor.java:278)
	at org.junit.jupiter.engine.execution.TestInstancesProvider.getTestInstances(TestInstancesProvider.java:31)
	at org.junit.jupiter.engine.descriptor.TestMethodTestDescriptor.lambda$prepare$0(TestMethodTestDescriptor.java:106)
	at org.junit.platform.engine.support.hierarchical.ThrowableCollector.execute(ThrowableCollector.java:73)
	at org.junit.jupiter.engine.descriptor.TestMethodTestDescriptor.prepare(TestMethodTestDescriptor.java:105)
	at org.junit.jupiter.engine.descriptor.TestMethodTestDescriptor.prepare(TestMethodTestDescriptor.java:69)
	at org.junit.platform.engine.support.hierarchical.NodeTestTask.lambda$prepare$2(NodeTestTask.java:128)
	at org.junit.platform.engine.support.hierarchical.ThrowableCollector.execute(ThrowableCollector.java:73)
	at org.junit.platform.engine.support.hierarchical.NodeTestTask.prepare(NodeTestTask.java:128)
	at org.junit.platform.engine.support.hierarchical.NodeTestTask.execute(NodeTestTask.java:95)
	at org.junit.platform.engine.support.hierarchical.ForkJoinPoolHierarchicalTestExecutorService$ExclusiveTask.exec(ForkJoinPoolHierarchicalTestExecutorService.java:274)
	at java.base/java.util.concurrent.ForkJoinTask.doExec(ForkJoinTask.java:373)
	at java.base/java.util.concurrent.ForkJoinTask.awaitDone(ForkJoinTask.java:436)
	at java.base/java.util.concurrent.ForkJoinTask.join(ForkJoinTask.java:670)
	at org.junit.platform.engine.support.hierarchical.ForkJoinPoolHierarchicalTestExecutorService.joinConcurrentTasksInReverseOrderToEnableWorkStealing(ForkJoinPoolHierarchicalTestExecutorService.java:201)
	at org.junit.platform.engine.support.hierarchical.ForkJoinPoolHierarchicalTestExecutorService.invokeAll(ForkJoinPoolHierarchicalTestExecutorService.java:167)
	at org.junit.platform.engine.support.hierarchical.NodeTestTask.lambda$executeRecursively$6(NodeTestTask.java:160)
	at org.junit.platform.engine.support.hierarchical.ThrowableCollector.execute(ThrowableCollector.java:73)
	at org.junit.platform.engine.support.hierarchical.NodeTestTask.lambda$executeRecursively$8(NodeTestTask.java:146)
	at org.junit.platform.engine.support.hierarchical.Node.around(Node.java:137)
	at org.junit.platform.engine.support.hierarchical.NodeTestTask.lambda$executeRecursively$9(NodeTestTask.java:144)
	at org.junit.platform.engine.support.hierarchical.ThrowableCollector.execute(ThrowableCollector.java:73)
	at org.junit.platform.engine.support.hierarchical.NodeTestTask.executeRecursively(NodeTestTask.java:143)
	at org.junit.platform.engine.support.hierarchical.NodeTestTask.execute(NodeTestTask.java:100)
	at org.junit.platform.engine.support.hierarchical.ForkJoinPoolHierarchicalTestExecutorService$ExclusiveTask.exec(ForkJoinPoolHierarchicalTestExecutorService.java:274)
	at java.base/java.util.concurrent.ForkJoinTask.doExec(ForkJoinTask.java:373)
	at java.base/java.util.concurrent.ForkJoinPool$WorkQueue.topLevelExec(ForkJoinPool.java:1182)
	at java.base/java.util.concurrent.ForkJoinPool.scan(ForkJoinPool.java:1655)
	at java.base/java.util.concurrent.ForkJoinPool.runWorker(ForkJoinPool.java:1622)
	at java.base/java.util.concurrent.ForkJoinWorkerThread.run(ForkJoinWorkerThread.java:165)
Caused by: org.h2.jdbc.JdbcSQLSyntaxErrorException: Index "IDX_CREATED_AT" already exists; SQL statement:

    create index idx_created_at 
       on friend_request (create [42111-224]
	at org.h2.message.DbException.getJdbcSQLException(DbException.java:514)
	at org.h2.message.DbException.getJdbcSQLException(DbException.java:489)
	at org.h2.message.DbException.get(DbException.java:223)
	at org.h2.message.DbException.get(DbException.java:199)
	at org.h2.command.ddl.CreateIndex.update(CreateIndex.java:76)
	at org.h2.command.CommandContainer.update(CommandContainer.java:169)
	at org.h2.command.Command.executeUpdate(Command.java:256)
	at org.h2.jdbc.JdbcStatement.executeInternal(JdbcStatement.java:262)
	at org.h2.jdbc.JdbcStatement.execute(JdbcStatement.java:231)
	at org.hibernate.tool.schema.internal.exec.GenerationTargetToDatabase.accept(GenerationTargetToDatabase.java:80)
	... 97 common frames omitted
17:29:10 DEBUG [org.hibernate.SQL:135] 
    create index idx_user_a_id 
       on friendship (user_a_id)
Hibernate: 
    create index idx_user_a_id 
       on friendship (user_a_id)
17:29:10 DEBUG [org.hibernate.SQL:135] 
    create index idx_user_b_id 
       on friendship (user_b_id)
Hibernate: 
    create index idx_user_b_id 
       on friendship (user_b_id)
17:29:10 DEBUG [org.hibernate.SQL:135] 
    create index idx_target_id_type 
       on share_link (target_id, type)
Hibernate: 
    create index idx_target_id_type 
       on share_link (target_id, type)
17:29:10 DEBUG [org.hibernate.SQL:135] 
    create index idx_expires_at 
       on share_link (expires_at)
Hibernate: 
    create index idx_expires_at 
       on share_link (expires_at)
17:29:10 DEBUG [org.hibernate.SQL:135] 
    create index idx_name 
       on "user" (name)
Hibernate: 
    create index idx_name 
       on "user" (name)
17:29:10 DEBUG [org.hibernate.SQL:135] 
    create index idx_email 
       on "user" (email)
Hibernate: 
    create index idx_email 
       on "user" (email)
17:29:10 DEBUG [org.hibernate.SQL:135] 
    create index idx_username 
       on "user" (username)
Hibernate: 
    create index idx_username 
       on "user" (username)
17:29:10 DEBUG [org.hibernate.SQL:135] 
    create index idx_phone_number 
       on "user" (phone_number)
Hibernate: 
    create index idx_phone_number 
       on "user" (phone_number)
17:29:10 DEBUG [org.hibernate.SQL:135] 
    alter table if exists "activity_type_associated_friends" 
       add constraint FK48m6vkmhfo618cr810pvm68fo 
       foreign key ("associated_friends_id") 
       references "user"
Hibernate: 
    alter table if exists "activity_type_associated_friends" 
       add constraint FK48m6vkmhfo618cr810pvm68fo 
       foreign key ("associated_friends_id") 
       references "user"
17:29:10 DEBUG [org.hibernate.SQL:135] 
    alter table if exists "activity_type_associated_friends" 
       add constraint FK2pwgc2d4hnjc0u138qkjmy2vf 
       foreign key (activity_type_id) 
       references activity_type
Hibernate: 
    alter table if exists "activity_type_associated_friends" 
       add constraint FK2pwgc2d4hnjc0u138qkjmy2vf 
       foreign key (activity_type_id) 
       references activity_type
17:29:10 WARN  [o.h.t.s.i.ExceptionHandlerLoggedImpl:27] GenerationTarget encountered exception accepting command : Error executing DDL "
    alter table if exists "activity_type_associated_friends" 
       add constraint FK2pwgc2d4hnjc0u138qkjmy2vf 
       foreign key (activity_type_id) 
       references activity_type" via JDBC [Table "ACTIVITY_TYPE" not found;]
org.hibernate.tool.schema.spi.CommandAcceptanceException: Error executing DDL "
    alter table if exists "activity_type_associated_friends" 
       add constraint FK2pwgc2d4hnjc0u138qkjmy2vf 
       foreign key (activity_type_id) 
       references activity_type" via JDBC [Table "ACTIVITY_TYPE" not found;]
	at org.hibernate.tool.schema.internal.exec.GenerationTargetToDatabase.accept(GenerationTargetToDatabase.java:94)
	at org.hibernate.tool.schema.internal.Helper.applySqlString(Helper.java:233)
	at org.hibernate.tool.schema.internal.Helper.applySqlStrings(Helper.java:217)
	at org.hibernate.tool.schema.internal.SchemaCreatorImpl.createForeignKeys(SchemaCreatorImpl.java:305)
	at org.hibernate.tool.schema.internal.SchemaCreatorImpl.createFromMetadata(SchemaCreatorImpl.java:251)
	at org.hibernate.tool.schema.internal.SchemaCreatorImpl.performCreation(SchemaCreatorImpl.java:172)
	at org.hibernate.tool.schema.internal.SchemaCreatorImpl.doCreation(SchemaCreatorImpl.java:142)
	at org.hibernate.tool.schema.internal.SchemaCreatorImpl.doCreation(SchemaCreatorImpl.java:118)
	at org.hibernate.tool.schema.spi.SchemaManagementToolCoordinator.performDatabaseAction(SchemaManagementToolCoordinator.java:250)
	at org.hibernate.tool.schema.spi.SchemaManagementToolCoordinator.lambda$process$5(SchemaManagementToolCoordinator.java:144)
	at java.base/java.util.HashMap.forEach(HashMap.java:1421)
	at org.hibernate.tool.schema.spi.SchemaManagementToolCoordinator.process(SchemaManagementToolCoordinator.java:141)
	at org.hibernate.boot.internal.SessionFactoryObserverForSchemaExport.sessionFactoryCreated(SessionFactoryObserverForSchemaExport.java:37)
	at org.hibernate.internal.SessionFactoryObserverChain.sessionFactoryCreated(SessionFactoryObserverChain.java:35)
	at org.hibernate.internal.SessionFactoryImpl.<init>(SessionFactoryImpl.java:322)
	at org.hibernate.boot.internal.SessionFactoryBuilderImpl.build(SessionFactoryBuilderImpl.java:457)
	at org.hibernate.jpa.boot.internal.EntityManagerFactoryBuilderImpl.build(EntityManagerFactoryBuilderImpl.java:1506)
	at org.springframework.orm.jpa.vendor.SpringHibernateJpaPersistenceProvider.createContainerEntityManagerFactory(SpringHibernateJpaPersistenceProvider.java:75)
	at org.springframework.orm.jpa.LocalContainerEntityManagerFactoryBean.createNativeEntityManagerFactory(LocalContainerEntityManagerFactoryBean.java:390)
	at org.springframework.orm.jpa.AbstractEntityManagerFactoryBean.buildNativeEntityManagerFactory(AbstractEntityManagerFactoryBean.java:409)
	at org.springframework.orm.jpa.AbstractEntityManagerFactoryBean.afterPropertiesSet(AbstractEntityManagerFactoryBean.java:396)
	at org.springframework.orm.jpa.LocalContainerEntityManagerFactoryBean.afterPropertiesSet(LocalContainerEntityManagerFactoryBean.java:366)
	at org.springframework.beans.factory.support.AbstractAutowireCapableBeanFactory.invokeInitMethods(AbstractAutowireCapableBeanFactory.java:1853)
	at org.springframework.beans.factory.support.AbstractAutowireCapableBeanFactory.initializeBean(AbstractAutowireCapableBeanFactory.java:1802)
	at org.springframework.beans.factory.support.AbstractAutowireCapableBeanFactory.doCreateBean(AbstractAutowireCapableBeanFactory.java:600)
	at org.springframework.beans.factory.support.AbstractAutowireCapableBeanFactory.createBean(AbstractAutowireCapableBeanFactory.java:522)
	at org.springframework.beans.factory.support.AbstractBeanFactory.lambda$doGetBean$0(AbstractBeanFactory.java:337)
	at org.springframework.beans.factory.support.DefaultSingletonBeanRegistry.getSingleton(DefaultSingletonBeanRegistry.java:234)
	at org.springframework.beans.factory.support.AbstractBeanFactory.doGetBean(AbstractBeanFactory.java:335)
	at org.springframework.beans.factory.support.AbstractBeanFactory.getBean(AbstractBeanFactory.java:205)
	at org.springframework.context.support.AbstractApplicationContext.finishBeanFactoryInitialization(AbstractApplicationContext.java:954)
	at org.springframework.context.support.AbstractApplicationContext.refresh(AbstractApplicationContext.java:625)
	at org.springframework.boot.SpringApplication.refresh(SpringApplication.java:754)
	at org.springframework.boot.SpringApplication.refreshContext(SpringApplication.java:456)
	at org.springframework.boot.SpringApplication.run(SpringApplication.java:335)
	at org.springframework.boot.test.context.SpringBootContextLoader.lambda$loadContext$3(SpringBootContextLoader.java:137)
	at org.springframework.util.function.ThrowingSupplier.get(ThrowingSupplier.java:58)
	at org.springframework.util.function.ThrowingSupplier.get(ThrowingSupplier.java:46)
	at org.springframework.boot.SpringApplication.withHook(SpringApplication.java:1463)
	at org.springframework.boot.test.context.SpringBootContextLoader$ContextLoaderHook.run(SpringBootContextLoader.java:553)
	at org.springframework.boot.test.context.SpringBootContextLoader.loadContext(SpringBootContextLoader.java:137)
	at org.springframework.boot.test.context.SpringBootContextLoader.loadContext(SpringBootContextLoader.java:108)
	at org.springframework.test.context.cache.DefaultCacheAwareContextLoaderDelegate.loadContextInternal(DefaultCacheAwareContextLoaderDelegate.java:225)
	at org.springframework.test.context.cache.DefaultCacheAwareContextLoaderDelegate.loadContext(DefaultCacheAwareContextLoaderDelegate.java:152)
	at org.springframework.test.context.support.DefaultTestContext.getApplicationContext(DefaultTestContext.java:130)
	at org.springframework.test.context.support.DependencyInjectionTestExecutionListener.injectDependencies(DependencyInjectionTestExecutionListener.java:142)
	at org.springframework.test.context.support.DependencyInjectionTestExecutionListener.prepareTestInstance(DependencyInjectionTestExecutionListener.java:98)
	at org.springframework.test.context.TestContextManager.prepareTestInstance(TestContextManager.java:260)
	at org.springframework.test.context.junit.jupiter.SpringExtension.postProcessTestInstance(SpringExtension.java:163)
	at org.junit.jupiter.engine.descriptor.ClassBasedTestDescriptor.lambda$invokeTestInstancePostProcessors$10(ClassBasedTestDescriptor.java:378)
	at org.junit.jupiter.engine.descriptor.ClassBasedTestDescriptor.executeAndMaskThrowable(ClassBasedTestDescriptor.java:383)
	at org.junit.jupiter.engine.descriptor.ClassBasedTestDescriptor.lambda$invokeTestInstancePostProcessors$11(ClassBasedTestDescriptor.java:378)
	at java.base/java.util.stream.ReferencePipeline$3$1.accept(ReferencePipeline.java:197)
	at java.base/java.util.stream.ReferencePipeline$2$1.accept(ReferencePipeline.java:179)
	at java.base/java.util.ArrayList$ArrayListSpliterator.forEachRemaining(ArrayList.java:1625)
	at java.base/java.util.stream.AbstractPipeline.copyInto(AbstractPipeline.java:509)
	at java.base/java.util.stream.AbstractPipeline.wrapAndCopyInto(AbstractPipeline.java:499)
	at java.base/java.util.stream.StreamSpliterators$WrappingSpliterator.forEachRemaining(StreamSpliterators.java:310)
	at java.base/java.util.stream.Streams$ConcatSpliterator.forEachRemaining(Streams.java:735)
	at java.base/java.util.stream.Streams$ConcatSpliterator.forEachRemaining(Streams.java:734)
	at java.base/java.util.stream.ReferencePipeline$Head.forEach(ReferencePipeline.java:762)
	at org.junit.jupiter.engine.descriptor.ClassBasedTestDescriptor.invokeTestInstancePostProcessors(ClassBasedTestDescriptor.java:377)
	at org.junit.jupiter.engine.descriptor.ClassBasedTestDescriptor.lambda$instantiateAndPostProcessTestInstance$6(ClassBasedTestDescriptor.java:290)
	at org.junit.platform.engine.support.hierarchical.ThrowableCollector.execute(ThrowableCollector.java:73)
	at org.junit.jupiter.engine.descriptor.ClassBasedTestDescriptor.instantiateAndPostProcessTestInstance(ClassBasedTestDescriptor.java:289)
	at org.junit.jupiter.engine.descriptor.ClassBasedTestDescriptor.lambda$testInstancesProvider$4(ClassBasedTestDescriptor.java:279)
	at java.base/java.util.Optional.orElseGet(Optional.java:364)
	at org.junit.jupiter.engine.descriptor.ClassBasedTestDescriptor.lambda$testInstancesProvider$5(ClassBasedTestDescriptor.java:278)
	at org.junit.jupiter.engine.execution.TestInstancesProvider.getTestInstances(TestInstancesProvider.java:31)
	at org.junit.jupiter.engine.descriptor.TestMethodTestDescriptor.lambda$prepare$0(TestMethodTestDescriptor.java:106)
	at org.junit.platform.engine.support.hierarchical.ThrowableCollector.execute(ThrowableCollector.java:73)
	at org.junit.jupiter.engine.descriptor.TestMethodTestDescriptor.prepare(TestMethodTestDescriptor.java:105)
	at org.junit.jupiter.engine.descriptor.TestMethodTestDescriptor.prepare(TestMethodTestDescriptor.java:69)
	at org.junit.platform.engine.support.hierarchical.NodeTestTask.lambda$prepare$2(NodeTestTask.java:128)
	at org.junit.platform.engine.support.hierarchical.ThrowableCollector.execute(ThrowableCollector.java:73)
	at org.junit.platform.engine.support.hierarchical.NodeTestTask.prepare(NodeTestTask.java:128)
	at org.junit.platform.engine.support.hierarchical.NodeTestTask.execute(NodeTestTask.java:95)
	at org.junit.platform.engine.support.hierarchical.ForkJoinPoolHierarchicalTestExecutorService$ExclusiveTask.exec(ForkJoinPoolHierarchicalTestExecutorService.java:274)
	at java.base/java.util.concurrent.ForkJoinTask.doExec(ForkJoinTask.java:373)
	at java.base/java.util.concurrent.ForkJoinTask.awaitDone(ForkJoinTask.java:436)
	at java.base/java.util.concurrent.ForkJoinTask.join(ForkJoinTask.java:670)
	at org.junit.platform.engine.support.hierarchical.ForkJoinPoolHierarchicalTestExecutorService.joinConcurrentTasksInReverseOrderToEnableWorkStealing(ForkJoinPoolHierarchicalTestExecutorService.java:201)
	at org.junit.platform.engine.support.hierarchical.ForkJoinPoolHierarchicalTestExecutorService.invokeAll(ForkJoinPoolHierarchicalTestExecutorService.java:167)
	at org.junit.platform.engine.support.hierarchical.NodeTestTask.lambda$executeRecursively$6(NodeTestTask.java:160)
	at org.junit.platform.engine.support.hierarchical.ThrowableCollector.execute(ThrowableCollector.java:73)
	at org.junit.platform.engine.support.hierarchical.NodeTestTask.lambda$executeRecursively$8(NodeTestTask.java:146)
	at org.junit.platform.engine.support.hierarchical.Node.around(Node.java:137)
	at org.junit.platform.engine.support.hierarchical.NodeTestTask.lambda$executeRecursively$9(NodeTestTask.java:144)
	at org.junit.platform.engine.support.hierarchical.ThrowableCollector.execute(ThrowableCollector.java:73)
	at org.junit.platform.engine.support.hierarchical.NodeTestTask.executeRecursively(NodeTestTask.java:143)
	at org.junit.platform.engine.support.hierarchical.NodeTestTask.execute(NodeTestTask.java:100)
	at org.junit.platform.engine.support.hierarchical.ForkJoinPoolHierarchicalTestExecutorService$ExclusiveTask.exec(ForkJoinPoolHierarchicalTestExecutorService.java:274)
	at java.base/java.util.concurrent.ForkJoinTask.doExec(ForkJoinTask.java:373)
	at java.base/java.util.concurrent.ForkJoinPool$WorkQueue.topLevelExec(ForkJoinPool.java:1182)
	at java.base/java.util.concurrent.ForkJoinPool.scan(ForkJoinPool.java:1655)
	at java.base/java.util.concurrent.ForkJoinPool.runWorker(ForkJoinPool.java:1622)
	at java.base/java.util.concurrent.ForkJoinWorkerThread.run(ForkJoinWorkerThread.java:165)
Caused by: org.h2.jdbc.JdbcSQLSyntaxErrorException: Table "ACTIVITY_TYPE" not found; SQL statement:

    alter table if exists "activity_type_associated_friends" 
       add constraint FK2pwgc2d4hnjc0u138qkjmy2vf 
       foreign key (activity_type_id) 
       references activity [42102-224]
	at org.h2.message.DbException.getJdbcSQLException(DbException.java:514)
	at org.h2.message.DbException.getJdbcSQLException(DbException.java:489)
	at org.h2.message.DbException.get(DbException.java:223)
	at org.h2.message.DbException.get(DbException.java:199)
	at org.h2.command.ddl.AlterTableAddConstraint.tryUpdate(AlterTableAddConstraint.java:204)
	at org.h2.command.ddl.AlterTableAddConstraint.update(AlterTableAddConstraint.java:74)
	at org.h2.command.ddl.AlterTable.update(AlterTable.java:46)
	at org.h2.command.CommandContainer.update(CommandContainer.java:169)
	at org.h2.command.Command.executeUpdate(Command.java:256)
	at org.h2.jdbc.JdbcStatement.executeInternal(JdbcStatement.java:262)
	at org.h2.jdbc.JdbcStatement.execute(JdbcStatement.java:231)
	at org.hibernate.tool.schema.internal.exec.GenerationTargetToDatabase.accept(GenerationTargetToDatabase.java:80)
	... 96 common frames omitted
17:29:10 DEBUG [org.hibernate.SQL:135] 
    alter table if exists activity 
       add constraint FKr3eyl6gtlxqo765x6p6xbhvnr 
       foreign key (activity_type_id) 
       references activity_type 
       on delete set null
Hibernate: 
    alter table if exists activity 
       add constraint FKr3eyl6gtlxqo765x6p6xbhvnr 
       foreign key (activity_type_id) 
       references activity_type 
       on delete set null
17:29:10 WARN  [o.h.t.s.i.ExceptionHandlerLoggedImpl:27] GenerationTarget encountered exception accepting command : Error executing DDL "
    alter table if exists activity 
       add constraint FKr3eyl6gtlxqo765x6p6xbhvnr 
       foreign key (activity_type_id) 
       references activity_type 
       on delete set null" via JDBC [Table "ACTIVITY_TYPE" not found;]
org.hibernate.tool.schema.spi.CommandAcceptanceException: Error executing DDL "
    alter table if exists activity 
       add constraint FKr3eyl6gtlxqo765x6p6xbhvnr 
       foreign key (activity_type_id) 
       references activity_type 
       on delete set null" via JDBC [Table "ACTIVITY_TYPE" not found;]
	at org.hibernate.tool.schema.internal.exec.GenerationTargetToDatabase.accept(GenerationTargetToDatabase.java:94)
	at org.hibernate.tool.schema.internal.Helper.applySqlString(Helper.java:233)
	at org.hibernate.tool.schema.internal.Helper.applySqlStrings(Helper.java:217)
	at org.hibernate.tool.schema.internal.SchemaCreatorImpl.createForeignKeys(SchemaCreatorImpl.java:305)
	at org.hibernate.tool.schema.internal.SchemaCreatorImpl.createFromMetadata(SchemaCreatorImpl.java:251)
	at org.hibernate.tool.schema.internal.SchemaCreatorImpl.performCreation(SchemaCreatorImpl.java:172)
	at org.hibernate.tool.schema.internal.SchemaCreatorImpl.doCreation(SchemaCreatorImpl.java:142)
	at org.hibernate.tool.schema.internal.SchemaCreatorImpl.doCreation(SchemaCreatorImpl.java:118)
	at org.hibernate.tool.schema.spi.SchemaManagementToolCoordinator.performDatabaseAction(SchemaManagementToolCoordinator.java:250)
	at org.hibernate.tool.schema.spi.SchemaManagementToolCoordinator.lambda$process$5(SchemaManagementToolCoordinator.java:144)
	at java.base/java.util.HashMap.forEach(HashMap.java:1421)
	at org.hibernate.tool.schema.spi.SchemaManagementToolCoordinator.process(SchemaManagementToolCoordinator.java:141)
	at org.hibernate.boot.internal.SessionFactoryObserverForSchemaExport.sessionFactoryCreated(SessionFactoryObserverForSchemaExport.java:37)
	at org.hibernate.internal.SessionFactoryObserverChain.sessionFactoryCreated(SessionFactoryObserverChain.java:35)
	at org.hibernate.internal.SessionFactoryImpl.<init>(SessionFactoryImpl.java:322)
	at org.hibernate.boot.internal.SessionFactoryBuilderImpl.build(SessionFactoryBuilderImpl.java:457)
	at org.hibernate.jpa.boot.internal.EntityManagerFactoryBuilderImpl.build(EntityManagerFactoryBuilderImpl.java:1506)
	at org.springframework.orm.jpa.vendor.SpringHibernateJpaPersistenceProvider.createContainerEntityManagerFactory(SpringHibernateJpaPersistenceProvider.java:75)
	at org.springframework.orm.jpa.LocalContainerEntityManagerFactoryBean.createNativeEntityManagerFactory(LocalContainerEntityManagerFactoryBean.java:390)
	at org.springframework.orm.jpa.AbstractEntityManagerFactoryBean.buildNativeEntityManagerFactory(AbstractEntityManagerFactoryBean.java:409)
	at org.springframework.orm.jpa.AbstractEntityManagerFactoryBean.afterPropertiesSet(AbstractEntityManagerFactoryBean.java:396)
	at org.springframework.orm.jpa.LocalContainerEntityManagerFactoryBean.afterPropertiesSet(LocalContainerEntityManagerFactoryBean.java:366)
	at org.springframework.beans.factory.support.AbstractAutowireCapableBeanFactory.invokeInitMethods(AbstractAutowireCapableBeanFactory.java:1853)
	at org.springframework.beans.factory.support.AbstractAutowireCapableBeanFactory.initializeBean(AbstractAutowireCapableBeanFactory.java:1802)
	at org.springframework.beans.factory.support.AbstractAutowireCapableBeanFactory.doCreateBean(AbstractAutowireCapableBeanFactory.java:600)
	at org.springframework.beans.factory.support.AbstractAutowireCapableBeanFactory.createBean(AbstractAutowireCapableBeanFactory.java:522)
	at org.springframework.beans.factory.support.AbstractBeanFactory.lambda$doGetBean$0(AbstractBeanFactory.java:337)
	at org.springframework.beans.factory.support.DefaultSingletonBeanRegistry.getSingleton(DefaultSingletonBeanRegistry.java:234)
	at org.springframework.beans.factory.support.AbstractBeanFactory.doGetBean(AbstractBeanFactory.java:335)
	at org.springframework.beans.factory.support.AbstractBeanFactory.getBean(AbstractBeanFactory.java:205)
	at org.springframework.context.support.AbstractApplicationContext.finishBeanFactoryInitialization(AbstractApplicationContext.java:954)
	at org.springframework.context.support.AbstractApplicationContext.refresh(AbstractApplicationContext.java:625)
	at org.springframework.boot.SpringApplication.refresh(SpringApplication.java:754)
	at org.springframework.boot.SpringApplication.refreshContext(SpringApplication.java:456)
	at org.springframework.boot.SpringApplication.run(SpringApplication.java:335)
	at org.springframework.boot.test.context.SpringBootContextLoader.lambda$loadContext$3(SpringBootContextLoader.java:137)
	at org.springframework.util.function.ThrowingSupplier.get(ThrowingSupplier.java:58)
	at org.springframework.util.function.ThrowingSupplier.get(ThrowingSupplier.java:46)
	at org.springframework.boot.SpringApplication.withHook(SpringApplication.java:1463)
	at org.springframework.boot.test.context.SpringBootContextLoader$ContextLoaderHook.run(SpringBootContextLoader.java:553)
	at org.springframework.boot.test.context.SpringBootContextLoader.loadContext(SpringBootContextLoader.java:137)
	at org.springframework.boot.test.context.SpringBootContextLoader.loadContext(SpringBootContextLoader.java:108)
	at org.springframework.test.context.cache.DefaultCacheAwareContextLoaderDelegate.loadContextInternal(DefaultCacheAwareContextLoaderDelegate.java:225)
	at org.springframework.test.context.cache.DefaultCacheAwareContextLoaderDelegate.loadContext(DefaultCacheAwareContextLoaderDelegate.java:152)
	at org.springframework.test.context.support.DefaultTestContext.getApplicationContext(DefaultTestContext.java:130)
	at org.springframework.test.context.support.DependencyInjectionTestExecutionListener.injectDependencies(DependencyInjectionTestExecutionListener.java:142)
	at org.springframework.test.context.support.DependencyInjectionTestExecutionListener.prepareTestInstance(DependencyInjectionTestExecutionListener.java:98)
	at org.springframework.test.context.TestContextManager.prepareTestInstance(TestContextManager.java:260)
	at org.springframework.test.context.junit.jupiter.SpringExtension.postProcessTestInstance(SpringExtension.java:163)
	at org.junit.jupiter.engine.descriptor.ClassBasedTestDescriptor.lambda$invokeTestInstancePostProcessors$10(ClassBasedTestDescriptor.java:378)
	at org.junit.jupiter.engine.descriptor.ClassBasedTestDescriptor.executeAndMaskThrowable(ClassBasedTestDescriptor.java:383)
	at org.junit.jupiter.engine.descriptor.ClassBasedTestDescriptor.lambda$invokeTestInstancePostProcessors$11(ClassBasedTestDescriptor.java:378)
	at java.base/java.util.stream.ReferencePipeline$3$1.accept(ReferencePipeline.java:197)
	at java.base/java.util.stream.ReferencePipeline$2$1.accept(ReferencePipeline.java:179)
	at java.base/java.util.ArrayList$ArrayListSpliterator.forEachRemaining(ArrayList.java:1625)
	at java.base/java.util.stream.AbstractPipeline.copyInto(AbstractPipeline.java:509)
	at java.base/java.util.stream.AbstractPipeline.wrapAndCopyInto(AbstractPipeline.java:499)
	at java.base/java.util.stream.StreamSpliterators$WrappingSpliterator.forEachRemaining(StreamSpliterators.java:310)
	at java.base/java.util.stream.Streams$ConcatSpliterator.forEachRemaining(Streams.java:735)
	at java.base/java.util.stream.Streams$ConcatSpliterator.forEachRemaining(Streams.java:734)
	at java.base/java.util.stream.ReferencePipeline$Head.forEach(ReferencePipeline.java:762)
	at org.junit.jupiter.engine.descriptor.ClassBasedTestDescriptor.invokeTestInstancePostProcessors(ClassBasedTestDescriptor.java:377)
	at org.junit.jupiter.engine.descriptor.ClassBasedTestDescriptor.lambda$instantiateAndPostProcessTestInstance$6(ClassBasedTestDescriptor.java:290)
	at org.junit.platform.engine.support.hierarchical.ThrowableCollector.execute(ThrowableCollector.java:73)
	at org.junit.jupiter.engine.descriptor.ClassBasedTestDescriptor.instantiateAndPostProcessTestInstance(ClassBasedTestDescriptor.java:289)
	at org.junit.jupiter.engine.descriptor.ClassBasedTestDescriptor.lambda$testInstancesProvider$4(ClassBasedTestDescriptor.java:279)
	at java.base/java.util.Optional.orElseGet(Optional.java:364)
	at org.junit.jupiter.engine.descriptor.ClassBasedTestDescriptor.lambda$testInstancesProvider$5(ClassBasedTestDescriptor.java:278)
	at org.junit.jupiter.engine.execution.TestInstancesProvider.getTestInstances(TestInstancesProvider.java:31)
	at org.junit.jupiter.engine.descriptor.TestMethodTestDescriptor.lambda$prepare$0(TestMethodTestDescriptor.java:106)
	at org.junit.platform.engine.support.hierarchical.ThrowableCollector.execute(ThrowableCollector.java:73)
	at org.junit.jupiter.engine.descriptor.TestMethodTestDescriptor.prepare(TestMethodTestDescriptor.java:105)
	at org.junit.jupiter.engine.descriptor.TestMethodTestDescriptor.prepare(TestMethodTestDescriptor.java:69)
	at org.junit.platform.engine.support.hierarchical.NodeTestTask.lambda$prepare$2(NodeTestTask.java:128)
	at org.junit.platform.engine.support.hierarchical.ThrowableCollector.execute(ThrowableCollector.java:73)
	at org.junit.platform.engine.support.hierarchical.NodeTestTask.prepare(NodeTestTask.java:128)
	at org.junit.platform.engine.support.hierarchical.NodeTestTask.execute(NodeTestTask.java:95)
	at org.junit.platform.engine.support.hierarchical.ForkJoinPoolHierarchicalTestExecutorService$ExclusiveTask.exec(ForkJoinPoolHierarchicalTestExecutorService.java:274)
	at java.base/java.util.concurrent.ForkJoinTask.doExec(ForkJoinTask.java:373)
	at java.base/java.util.concurrent.ForkJoinTask.awaitDone(ForkJoinTask.java:436)
	at java.base/java.util.concurrent.ForkJoinTask.join(ForkJoinTask.java:670)
	at org.junit.platform.engine.support.hierarchical.ForkJoinPoolHierarchicalTestExecutorService.joinConcurrentTasksInReverseOrderToEnableWorkStealing(ForkJoinPoolHierarchicalTestExecutorService.java:201)
	at org.junit.platform.engine.support.hierarchical.ForkJoinPoolHierarchicalTestExecutorService.invokeAll(ForkJoinPoolHierarchicalTestExecutorService.java:167)
	at org.junit.platform.engine.support.hierarchical.NodeTestTask.lambda$executeRecursively$6(NodeTestTask.java:160)
	at org.junit.platform.engine.support.hierarchical.ThrowableCollector.execute(ThrowableCollector.java:73)
	at org.junit.platform.engine.support.hierarchical.NodeTestTask.lambda$executeRecursively$8(NodeTestTask.java:146)
	at org.junit.platform.engine.support.hierarchical.Node.around(Node.java:137)
	at org.junit.platform.engine.support.hierarchical.NodeTestTask.lambda$executeRecursively$9(NodeTestTask.java:144)
	at org.junit.platform.engine.support.hierarchical.ThrowableCollector.execute(ThrowableCollector.java:73)
	at org.junit.platform.engine.support.hierarchical.NodeTestTask.executeRecursively(NodeTestTask.java:143)
	at org.junit.platform.engine.support.hierarchical.NodeTestTask.execute(NodeTestTask.java:100)
	at org.junit.platform.engine.support.hierarchical.ForkJoinPoolHierarchicalTestExecutorService$ExclusiveTask.exec(ForkJoinPoolHierarchicalTestExecutorService.java:274)
	at java.base/java.util.concurrent.ForkJoinTask.doExec(ForkJoinTask.java:373)
	at java.base/java.util.concurrent.ForkJoinPool$WorkQueue.topLevelExec(ForkJoinPool.java:1182)
	at java.base/java.util.concurrent.ForkJoinPool.scan(ForkJoinPool.java:1655)
	at java.base/java.util.concurrent.ForkJoinPool.runWorker(ForkJoinPool.java:1622)
	at java.base/java.util.concurrent.ForkJoinWorkerThread.run(ForkJoinWorkerThread.java:165)
Caused by: org.h2.jdbc.JdbcSQLSyntaxErrorException: Table "ACTIVITY_TYPE" not found; SQL statement:

    alter table if exists activity 
       add constraint FKr3eyl6gtlxqo765x6p6xbhvnr 
       foreign key (activity_type_id) 
       references activity_type 
       on delete set [42102-224]
	at org.h2.message.DbException.getJdbcSQLException(DbException.java:514)
	at org.h2.message.DbException.getJdbcSQLException(DbException.java:489)
	at org.h2.message.DbException.get(DbException.java:223)
	at org.h2.message.DbException.get(DbException.java:199)
	at org.h2.command.ddl.AlterTableAddConstraint.tryUpdate(AlterTableAddConstraint.java:204)
	at org.h2.command.ddl.AlterTableAddConstraint.update(AlterTableAddConstraint.java:74)
	at org.h2.command.ddl.AlterTable.update(AlterTable.java:46)
	at org.h2.command.CommandContainer.update(CommandContainer.java:169)
	at org.h2.command.Command.executeUpdate(Command.java:256)
	at org.h2.jdbc.JdbcStatement.executeInternal(JdbcStatement.java:262)
	at org.h2.jdbc.JdbcStatement.execute(JdbcStatement.java:231)
	at org.hibernate.tool.schema.internal.exec.GenerationTargetToDatabase.accept(GenerationTargetToDatabase.java:80)
	... 96 common frames omitted
17:29:10 DEBUG [org.hibernate.SQL:135] 
    alter table if exists activity 
       add constraint FKhh2f4booy3m8l9yyi0liorpwd 
       foreign key (creator_id) 
       references "user" 
       on delete cascade
Hibernate: 
    alter table if exists activity 
       add constraint FKhh2f4booy3m8l9yyi0liorpwd 
       foreign key (creator_id) 
       references "user" 
       on delete cascade
17:29:10 DEBUG [org.hibernate.SQL:135] 
    alter table if exists activity 
       add constraint FK4jxx7nspbrtsuv77uqy6s97pt 
       foreign key (location_id) 
       references location
Hibernate: 
    alter table if exists activity 
       add constraint FK4jxx7nspbrtsuv77uqy6s97pt 
       foreign key (location_id) 
       references location
17:29:10 DEBUG [org.hibernate.SQL:135] 
    alter table if exists activity_user 
       add constraint FK612yr3asucd0397oqwe6kyydg 
       foreign key (activity_id) 
       references activity 
       on delete cascade
Hibernate: 
    alter table if exists activity_user 
       add constraint FK612yr3asucd0397oqwe6kyydg 
       foreign key (activity_id) 
       references activity 
       on delete cascade
17:29:10 DEBUG [org.hibernate.SQL:135] 
    alter table if exists activity_user 
       add constraint FKi1xr76codnonocubu3heslrd2 
       foreign key (user_id) 
       references "user" 
       on delete cascade
Hibernate: 
    alter table if exists activity_user 
       add constraint FKi1xr76codnonocubu3heslrd2 
       foreign key (user_id) 
       references "user" 
       on delete cascade
17:29:10 DEBUG [org.hibernate.SQL:135] 
    alter table if exists activity_type 
       add constraint FKfq2dahux4pv8phhnnj3fujq7r 
       foreign key (creator_id) 
       references "user" 
       on delete cascade
Hibernate: 
    alter table if exists activity_type 
       add constraint FKfq2dahux4pv8phhnnj3fujq7r 
       foreign key (creator_id) 
       references "user" 
       on delete cascade
17:29:10 DEBUG [org.hibernate.SQL:135] 
    alter table if exists blocked_user 
       add constraint FKncrir5i3l90wcoi1xw4c3r19t 
       foreign key (blocked_id) 
       references "user" 
       on delete cascade
Hibernate: 
    alter table if exists blocked_user 
       add constraint FKncrir5i3l90wcoi1xw4c3r19t 
       foreign key (blocked_id) 
       references "user" 
       on delete cascade
17:29:10 DEBUG [org.hibernate.SQL:135] 
    alter table if exists blocked_user 
       add constraint FK1nyh89grgtq6h6b5hrojtd0me 
       foreign key (blocker_id) 
       references "user" 
       on delete cascade
Hibernate: 
    alter table if exists blocked_user 
       add constraint FK1nyh89grgtq6h6b5hrojtd0me 
       foreign key (blocker_id) 
       references "user" 
       on delete cascade
17:29:10 DEBUG [org.hibernate.SQL:135] 
    alter table if exists chat_message_like 
       add constraint FKlhm3e22qoi3am52e148x1c313 
       foreign key (chat_message_id) 
       references chat_message 
       on delete cascade
Hibernate: 
    alter table if exists chat_message_like 
       add constraint FKlhm3e22qoi3am52e148x1c313 
       foreign key (chat_message_id) 
       references chat_message 
       on delete cascade
17:29:10 DEBUG [org.hibernate.SQL:135] 
    alter table if exists chat_message_like 
       add constraint FKcbf298sk2ffm60hq024c433hj 
       foreign key (user_id) 
       references "user" 
       on delete cascade
Hibernate: 
    alter table if exists chat_message_like 
       add constraint FKcbf298sk2ffm60hq024c433hj 
       foreign key (user_id) 
       references "user" 
       on delete cascade
17:29:10 DEBUG [org.hibernate.SQL:135] 
    alter table if exists chat_message 
       add constraint FKjq5d63233h859iwyjlnrlygbb 
       foreign key (activity_id) 
       references activity 
       on delete cascade
Hibernate: 
    alter table if exists chat_message 
       add constraint FKjq5d63233h859iwyjlnrlygbb 
       foreign key (activity_id) 
       references activity 
       on delete cascade
17:29:10 DEBUG [org.hibernate.SQL:135] 
    alter table if exists chat_message 
       add constraint FKegniv8mfyftpr16cgqdjek3kv 
       foreign key (user_id) 
       references "user" 
       on delete cascade
Hibernate: 
    alter table if exists chat_message 
       add constraint FKegniv8mfyftpr16cgqdjek3kv 
       foreign key (user_id) 
       references "user" 
       on delete cascade
17:29:10 DEBUG [org.hibernate.SQL:135] 
    alter table if exists device_token 
       add constraint FKnx0ky1nx6v67ep0s36bgdoa6y 
       foreign key (user_id) 
       references "user" 
       on delete cascade
Hibernate: 
    alter table if exists device_token 
       add constraint FKnx0ky1nx6v67ep0s36bgdoa6y 
       foreign key (user_id) 
       references "user" 
       on delete cascade
17:29:10 DEBUG [org.hibernate.SQL:135] 
    alter table if exists email_verification 
       add constraint FKc31pmch2574jshp5igf4vqmlj 
       foreign key ("user_id") 
       references "user"
Hibernate: 
    alter table if exists email_verification 
       add constraint FKc31pmch2574jshp5igf4vqmlj 
       foreign key ("user_id") 
       references "user"
17:29:10 DEBUG [org.hibernate.SQL:135] 
    alter table if exists feedback_submission 
       add constraint FK5b4ghgu72xmrqbaee82gj0rup 
       foreign key (from_user_id) 
       references "user" 
       on delete set null
Hibernate: 
    alter table if exists feedback_submission 
       add constraint FK5b4ghgu72xmrqbaee82gj0rup 
       foreign key (from_user_id) 
       references "user" 
       on delete set null
17:29:10 DEBUG [org.hibernate.SQL:135] 
    alter table if exists friend_request 
       add constraint FKrkpikaso6mng7i0fqq33bed7n 
       foreign key (receiver_id) 
       references "user" 
       on delete cascade
Hibernate: 
    alter table if exists friend_request 
       add constraint FKrkpikaso6mng7i0fqq33bed7n 
       foreign key (receiver_id) 
       references "user" 
       on delete cascade
17:29:10 DEBUG [org.hibernate.SQL:135] 
    alter table if exists friend_request 
       add constraint FK5h1980g8l611wk0iy81cylm5e 
       foreign key (sender_id) 
       references "user" 
       on delete cascade
Hibernate: 
    alter table if exists friend_request 
       add constraint FK5h1980g8l611wk0iy81cylm5e 
       foreign key (sender_id) 
       references "user" 
       on delete cascade
17:29:10 DEBUG [org.hibernate.SQL:135] 
    alter table if exists friendship 
       add constraint FKjq4rs0jua8kv9lpijghy02a4c 
       foreign key (user_a_id) 
       references "user" 
       on delete cascade
Hibernate: 
    alter table if exists friendship 
       add constraint FKjq4rs0jua8kv9lpijghy02a4c 
       foreign key (user_a_id) 
       references "user" 
       on delete cascade
17:29:10 DEBUG [org.hibernate.SQL:135] 
    alter table if exists friendship 
       add constraint FK36walpakd25b73ykx6bgyl6kk 
       foreign key (user_b_id) 
       references "user" 
       on delete cascade
Hibernate: 
    alter table if exists friendship 
       add constraint FK36walpakd25b73ykx6bgyl6kk 
       foreign key (user_b_id) 
       references "user" 
       on delete cascade
17:29:10 DEBUG [org.hibernate.SQL:135] 
    alter table if exists notification_preferences 
       add constraint FKhudt91575r0hyqmk04nomxd8w 
       foreign key (user_id) 
       references "user"
Hibernate: 
    alter table if exists notification_preferences 
       add constraint FKhudt91575r0hyqmk04nomxd8w 
       foreign key (user_id) 
       references "user"
17:29:10 DEBUG [org.hibernate.SQL:135] 
    alter table if exists reported_content 
       add constraint FKhb87w4f13uj2gnf64vo9bf2yl 
       foreign key ("content_owner_id") 
       references "user" 
       on delete cascade
Hibernate: 
    alter table if exists reported_content 
       add constraint FKhb87w4f13uj2gnf64vo9bf2yl 
       foreign key ("content_owner_id") 
       references "user" 
       on delete cascade
17:29:10 DEBUG [org.hibernate.SQL:135] 
    alter table if exists reported_content 
       add constraint FKhtj674wdbjqblyevkpdy50nf3 
       foreign key ("reporter_id") 
       references "user" 
       on delete set null
Hibernate: 
    alter table if exists reported_content 
       add constraint FKhtj674wdbjqblyevkpdy50nf3 
       foreign key ("reporter_id") 
       references "user" 
       on delete set null
17:29:10 DEBUG [org.hibernate.SQL:135] 
    alter table if exists user_interests 
       add constraint FKshuih99iyvakcuspowm9rdegt 
       foreign key (user_id) 
       references "user" 
       on delete cascade
Hibernate: 
    alter table if exists user_interests 
       add constraint FKshuih99iyvakcuspowm9rdegt 
       foreign key (user_id) 
       references "user" 
       on delete cascade
17:29:10 DEBUG [org.hibernate.SQL:135] 
    alter table if exists user_social_media 
       add constraint FKlqnc6we65blep7y84p2f0jh4d 
       foreign key (user_id) 
       references "user" 
       on delete cascade
Hibernate: 
    alter table if exists user_social_media 
       add constraint FKlqnc6we65blep7y84p2f0jh4d 
       foreign key (user_id) 
       references "user" 
       on delete cascade
17:29:10 DEBUG [org.hibernate.SQL:135] 
    alter table if exists user_id_external_id_map 
       add constraint FKaa0463hw4fy90b23usprc7t3i 
       foreign key (user_id) 
       references "user" 
       on delete cascade
Hibernate: 
    alter table if exists user_id_external_id_map 
       add constraint FKaa0463hw4fy90b23usprc7t3i 
       foreign key (user_id) 
       references "user" 
       on delete cascade
17:29:10 INFO  [o.s.o.j.LocalContainerEntityManagerFactoryBean:437] Initialized JPA EntityManagerFactory for persistence unit 'default'
17:29:11 INFO  [c.d.s.R.FriendshipRepositoryTests:56] Started FriendshipRepositoryTests in 1.62 seconds (process running for 23.687)
[INFO] Tests run: 1, Failures: 0, Errors: 0, Skipped: 0, Time elapsed: 22.61 s -- in com.danielagapov.spawn.RepositoryValidationTest
17:29:11 INFO  [c.d.spawn.shared.exceptions.Logger:10] [FriendRequestService.java:69] saveFriendRequest - Creating friend request from sender: 67ca13fa-b7d6-4c32-a437-5cdc1d2e234d with name: userA_fdbd7765 and username: userA_fdbd7765 to receiver: 696cb2d0-f2bf-4df1-86d6-af4d6cc4b0f5 with name: userB_fdbd7765 and username: userB_fdbd7765
17:29:11 DEBUG [org.hibernate.SQL:135] 
    /* <criteria> */ select
        f1_0.id 
    from
        friendship f1_0 
    where
        f1_0.user_a_id=? 
        and f1_0.user_b_id=? 
    fetch
        first ? rows only
17:29:11 DEBUG [org.hibernate.SQL:135] 
    /* <criteria> */ select
        f1_0.id 
    from
        friendship f1_0 
    where
        f1_0.user_a_id=? 
        and f1_0.user_b_id=? 
    fetch
        first ? rows only
Hibernate: 
    /* <criteria> */ select
        f1_0.id 
    from
        friendship f1_0 
    where
        f1_0.user_a_id=? 
        and f1_0.user_b_id=? 
    fetch
        first ? rows only
Hibernate: 
    /* <criteria> */ select
        f1_0.id 
    from
        friendship f1_0 
    where
        f1_0.user_a_id=? 
        and f1_0.user_b_id=? 
    fetch
        first ? rows only
17:29:11 DEBUG [org.hibernate.SQL:135] 
    /* <criteria> */ select
        f1_0.id 
    from
        friendship f1_0 
    where
        f1_0.user_a_id=? 
        and f1_0.user_b_id=? 
    fetch
        first ? rows only
Hibernate: 
    /* <criteria> */ select
        f1_0.id 
    from
        friendship f1_0 
    where
        f1_0.user_a_id=? 
        and f1_0.user_b_id=? 
    fetch
        first ? rows only
17:29:11 DEBUG [org.hibernate.SQL:135] 
    /* <criteria> */ select
        f1_0.id 
    from
        friendship f1_0 
    where
        f1_0.user_a_id=? 
        and f1_0.user_b_id=? 
    fetch
        first ? rows only
Hibernate: 
    /* <criteria> */ select
        f1_0.id 
    from
        friendship f1_0 
    where
        f1_0.user_a_id=? 
        and f1_0.user_b_id=? 
    fetch
        first ? rows only
17:29:11 DEBUG [org.hibernate.SQL:135] 
    /* <criteria> */ select
        fr1_0.id,
        fr1_0.created_at,
        fr1_0.receiver_id,
        fr1_0.sender_id 
    from
        friend_request fr1_0 
    where
        fr1_0.sender_id=? 
        and fr1_0.receiver_id=?
Hibernate: 
    /* <criteria> */ select
        fr1_0.id,
        fr1_0.created_at,
        fr1_0.receiver_id,
        fr1_0.sender_id 
    from
        friend_request fr1_0 
    where
        fr1_0.sender_id=? 
        and fr1_0.receiver_id=?
17:29:11 DEBUG [org.hibernate.SQL:135] 
    /* insert for
        com.danielagapov.spawn.user.internal.domain.User */insert 
    into
        "user" (bio, date_created, email, has_completed_onboarding, last_updated, name, password, phone_number, profile_picture_url_string, status, username, id) 
    values
        (?, ?, ?, ?, ?, ?, ?, ?, ?, ?, ?, ?)
Hibernate: 
    /* insert for
        com.danielagapov.spawn.user.internal.domain.User */insert 
    into
        "user" (bio, date_created, email, has_completed_onboarding, last_updated, name, password, phone_number, profile_picture_url_string, status, username, id) 
    values
        (?, ?, ?, ?, ?, ?, ?, ?, ?, ?, ?, ?)
17:29:11 DEBUG [org.hibernate.SQL:135] 
    /* <criteria> */ select
        fr1_0.id,
        fr1_0.created_at,
        fr1_0.receiver_id,
        fr1_0.sender_id 
    from
        friend_request fr1_0 
    where
        fr1_0.sender_id=? 
        and fr1_0.receiver_id=?
Hibernate: 
    /* <criteria> */ select
        fr1_0.id,
        fr1_0.created_at,
        fr1_0.receiver_id,
        fr1_0.sender_id 
    from
        friend_request fr1_0 
    where
        fr1_0.sender_id=? 
        and fr1_0.receiver_id=?
17:29:11 DEBUG [org.hibernate.SQL:135] 
    /* insert for
        com.danielagapov.spawn.user.internal.domain.User */insert 
    into
        "user" (bio, date_created, email, has_completed_onboarding, last_updated, name, password, phone_number, profile_picture_url_string, status, username, id) 
    values
        (?, ?, ?, ?, ?, ?, ?, ?, ?, ?, ?, ?)
Hibernate: 
    /* insert for
        com.danielagapov.spawn.user.internal.domain.User */insert 
    into
        "user" (bio, date_created, email, has_completed_onboarding, last_updated, name, password, phone_number, profile_picture_url_string, status, username, id) 
    values
        (?, ?, ?, ?, ?, ?, ?, ?, ?, ?, ?, ?)
17:29:11 DEBUG [org.hibernate.SQL:135] 
    /* insert for
        com.danielagapov.spawn.user.internal.domain.User */insert 
    into
        "user" (bio, date_created, email, has_completed_onboarding, last_updated, name, password, phone_number, profile_picture_url_string, status, username, id) 
    values
        (?, ?, ?, ?, ?, ?, ?, ?, ?, ?, ?, ?)
Hibernate: 
    /* insert for
        com.danielagapov.spawn.user.internal.domain.User */insert 
    into
        "user" (bio, date_created, email, has_completed_onboarding, last_updated, name, password, phone_number, profile_picture_url_string, status, username, id) 
    values
        (?, ?, ?, ?, ?, ?, ?, ?, ?, ?, ?, ?)
17:29:11 DEBUG [org.hibernate.SQL:135] 
    /* insert for
        com.danielagapov.spawn.user.internal.domain.User */insert 
    into
        "user" (bio, date_created, email, has_completed_onboarding, last_updated, name, password, phone_number, profile_picture_url_string, status, username, id) 
    values
        (?, ?, ?, ?, ?, ?, ?, ?, ?, ?, ?, ?)
Hibernate: 
    /* insert for
        com.danielagapov.spawn.user.internal.domain.User */insert 
    into
        "user" (bio, date_created, email, has_completed_onboarding, last_updated, name, password, phone_number, profile_picture_url_string, status, username, id) 
    values
        (?, ?, ?, ?, ?, ?, ?, ?, ?, ?, ?, ?)
17:29:11 DEBUG [org.hibernate.SQL:135] 
    /* insert for
        com.danielagapov.spawn.user.internal.domain.User */insert 
    into
        "user" (bio, date_created, email, has_completed_onboarding, last_updated, name, password, phone_number, profile_picture_url_string, status, username, id) 
    values
        (?, ?, ?, ?, ?, ?, ?, ?, ?, ?, ?, ?)
Hibernate: 
    /* insert for
        com.danielagapov.spawn.user.internal.domain.User */insert 
    into
        "user" (bio, date_created, email, has_completed_onboarding, last_updated, name, password, phone_number, profile_picture_url_string, status, username, id) 
    values
        (?, ?, ?, ?, ?, ?, ?, ?, ?, ?, ?, ?)
17:29:11 DEBUG [org.hibernate.SQL:135] 
    /* insert for
        com.danielagapov.spawn.user.internal.domain.User */insert 
    into
        "user" (bio, date_created, email, has_completed_onboarding, last_updated, name, password, phone_number, profile_picture_url_string, status, username, id) 
    values
        (?, ?, ?, ?, ?, ?, ?, ?, ?, ?, ?, ?)
Hibernate: 
    /* insert for
        com.danielagapov.spawn.user.internal.domain.User */insert 
    into
        "user" (bio, date_created, email, has_completed_onboarding, last_updated, name, password, phone_number, profile_picture_url_string, status, username, id) 
    values
        (?, ?, ?, ?, ?, ?, ?, ?, ?, ?, ?, ?)
17:29:11 INFO  [c.d.spawn.shared.exceptions.Logger:10] [FriendRequestService.java:111] saveFriendRequest - Friend request saved successfully
17:29:11 DEBUG [c.d.s.s.util.CacheEvictionHelper:47] Evicted cache 'recommendedFriends' for key: 67ca13fa-b7d6-4c32-a437-5cdc1d2e234d
17:29:11 DEBUG [c.d.s.s.util.CacheEvictionHelper:47] Evicted cache 'recommendedFriends' for key: 696cb2d0-f2bf-4df1-86d6-af4d6cc4b0f5
17:29:11 INFO  [c.d.spawn.shared.exceptions.Logger:10] [NotificationService.java:256] handleNotificationEvent - Handling notification event: FriendRequestNotificationEvent for 1 users
17:29:11 DEBUG [org.hibernate.SQL:135] 
    /* insert for
        com.danielagapov.spawn.social.internal.domain.Friendship */insert 
    into
        friendship (created_at, user_a_id, user_b_id, id) 
    values
        (?, ?, ?, ?)
Hibernate: 
    /* insert for
        com.danielagapov.spawn.social.internal.domain.Friendship */insert 
    into
        friendship (created_at, user_a_id, user_b_id, id) 
    values
        (?, ?, ?, ?)
17:29:11 DEBUG [org.hibernate.SQL:135] 
    /* insert for
        com.danielagapov.spawn.social.internal.domain.Friendship */insert 
    into
        friendship (created_at, user_a_id, user_b_id, id) 
    values
        (?, ?, ?, ?)
Hibernate: 
    /* insert for
        com.danielagapov.spawn.social.internal.domain.Friendship */insert 
    into
        friendship (created_at, user_a_id, user_b_id, id) 
    values
        (?, ?, ?, ?)
17:29:11 INFO  [c.d.spawn.shared.exceptions.Logger:10] [FriendRequestService.java:69] saveFriendRequest - Creating friend request from sender: 951a286b-c850-4ea2-baca-6b88c2b332ca with name: userA_4029ba6c and username: userA_4029ba6c to receiver: e43eddea-1072-4647-a32d-97f72e21a8d2 with name: userB_4029ba6c and username: userB_4029ba6c
Hibernate: 
    /* insert for
        com.danielagapov.spawn.user.internal.domain.User */insert 
    into
        "user" (bio, date_created, email, has_completed_onboarding, last_updated, name, password, phone_number, profile_picture_url_string, status, username, id) 
    values
        (?, ?, ?, ?, ?, ?, ?, ?, ?, ?, ?, ?)
Hibernate: 
    /* insert for
        com.danielagapov.spawn.user.internal.domain.User */insert 
    into
        "user" (bio, date_created, email, has_completed_onboarding, last_updated, name, password, phone_number, profile_picture_url_string, status, username, id) 
    values
        (?, ?, ?, ?, ?, ?, ?, ?, ?, ?, ?, ?)
Hibernate: 
    /* insert for
        com.danielagapov.spawn.user.internal.domain.User */insert 
    into
        "user" (bio, date_created, email, has_completed_onboarding, last_updated, name, password, phone_number, profile_picture_url_string, status, username, id) 
    values
        (?, ?, ?, ?, ?, ?, ?, ?, ?, ?, ?, ?)
Hibernate: 
    /* insert for
        com.danielagapov.spawn.user.internal.domain.User */insert 
    into
        "user" (bio, date_created, email, has_completed_onboarding, last_updated, name, password, phone_number, profile_picture_url_string, status, username, id) 
    values
        (?, ?, ?, ?, ?, ?, ?, ?, ?, ?, ?, ?)
Hibernate: 
    /* insert for
        com.danielagapov.spawn.user.internal.domain.User */insert 
    into
        "user" (bio, date_created, email, has_completed_onboarding, last_updated, name, password, phone_number, profile_picture_url_string, status, username, id) 
    values
        (?, ?, ?, ?, ?, ?, ?, ?, ?, ?, ?, ?)
Hibernate: 
    /* insert for
        com.danielagapov.spawn.user.internal.domain.User */insert 
    into
        "user" (bio, date_created, email, has_completed_onboarding, last_updated, name, password, phone_number, profile_picture_url_string, status, username, id) 
    values
        (?, ?, ?, ?, ?, ?, ?, ?, ?, ?, ?, ?)
Hibernate: 
    /* insert for
        com.danielagapov.spawn.user.internal.domain.User */insert 
    into
        "user" (bio, date_created, email, has_completed_onboarding, last_updated, name, password, phone_number, profile_picture_url_string, status, username, id) 
    values
        (?, ?, ?, ?, ?, ?, ?, ?, ?, ?, ?, ?)
Hibernate: 
    /* insert for
        com.danielagapov.spawn.user.internal.domain.User */insert 
    into
        "user" (bio, date_created, email, has_completed_onboarding, last_updated, name, password, phone_number, profile_picture_url_string, status, username, id) 
    values
        (?, ?, ?, ?, ?, ?, ?, ?, ?, ?, ?, ?)
Hibernate: 
    /* insert for
        com.danielagapov.spawn.user.internal.domain.User */insert 
    into
        "user" (bio, date_created, email, has_completed_onboarding, last_updated, name, password, phone_number, profile_picture_url_string, status, username, id) 
    values
        (?, ?, ?, ?, ?, ?, ?, ?, ?, ?, ?, ?)
17:29:11 DEBUG [org.hibernate.SQL:135] 
    /* insert for
        com.danielagapov.spawn.social.internal.domain.Friendship */insert 
    into
        friendship (created_at, user_a_id, user_b_id, id) 
    values
        (?, ?, ?, ?)
Hibernate: 
    /* insert for
        com.danielagapov.spawn.social.internal.domain.Friendship */insert 
    into
        friendship (created_at, user_a_id, user_b_id, id) 
    values
        (?, ?, ?, ?)
17:29:11 DEBUG [org.hibernate.SQL:135] 
    /* insert for
        com.danielagapov.spawn.social.internal.domain.Friendship */insert 
    into
        friendship (created_at, user_a_id, user_b_id, id) 
    values
        (?, ?, ?, ?)
Hibernate: 
    /* insert for
        com.danielagapov.spawn.social.internal.domain.Friendship */insert 
    into
        friendship (created_at, user_a_id, user_b_id, id) 
    values
        (?, ?, ?, ?)
17:29:11 DEBUG [org.hibernate.SQL:135] 
    /* insert for
        com.danielagapov.spawn.social.internal.domain.Friendship */insert 
    into
        friendship (created_at, user_a_id, user_b_id, id) 
    values
        (?, ?, ?, ?)
Hibernate: 
    /* insert for
        com.danielagapov.spawn.social.internal.domain.Friendship */insert 
    into
        friendship (created_at, user_a_id, user_b_id, id) 
    values
        (?, ?, ?, ?)
17:29:11 DEBUG [org.hibernate.SQL:135] 
    /* <criteria> */ select
        fr1_0.id,
        fr1_0.created_at,
        fr1_0.receiver_id,
        fr1_0.sender_id 
    from
        friend_request fr1_0 
    where
        fr1_0.sender_id=? 
        and fr1_0.receiver_id=?
Hibernate: 
    /* <criteria> */ select
        fr1_0.id,
        fr1_0.created_at,
        fr1_0.receiver_id,
        fr1_0.sender_id 
    from
        friend_request fr1_0 
    where
        fr1_0.sender_id=? 
        and fr1_0.receiver_id=?
17:29:11 DEBUG [org.hibernate.SQL:135] 
    /* <criteria> */ select
        np1_0.id,
        np1_0.activity_invites_enabled,
        np1_0.activity_updates_enabled,
        np1_0.chat_messages_enabled,
        np1_0.friend_requests_enabled,
        np1_0.user_id 
    from
        notification_preferences np1_0 
    where
        np1_0.user_id=?
Hibernate: 
    /* <criteria> */ select
        np1_0.id,
        np1_0.activity_invites_enabled,
        np1_0.activity_updates_enabled,
        np1_0.chat_messages_enabled,
        np1_0.friend_requests_enabled,
        np1_0.user_id 
    from
        notification_preferences np1_0 
    where
        np1_0.user_id=?
Hibernate: 
    /* insert for
        com.danielagapov.spawn.user.internal.domain.User */insert 
    into
        "user" (bio, date_created, email, has_completed_onboarding, last_updated, name, password, phone_number, profile_picture_url_string, status, username, id) 
    values
        (?, ?, ?, ?, ?, ?, ?, ?, ?, ?, ?, ?)
17:29:11 ERROR [org.hibernate.orm.jdbc.batch:293] HHH100501: Exception executing batch [org.h2.jdbc.JdbcBatchUpdateException: Unique index or primary key violation: "PUBLIC.CONSTRAINT_INDEX_B ON PUBLIC.FRIENDSHIP(USER_A_ID NULLS FIRST, USER_B_ID NULLS FIRST) VALUES ( /* key:1 */ UUID '5dc35388-1ae4-4881-9e63-d8728c5c804d', UUID 'df55273d-bb0a-461d-a658-fb81da591a47')"; SQL statement:
/* insert for com.danielagapov.spawn.social.internal.domain.Friendship */in [23505-224]], SQL: /* insert for com.danielagapov.spawn.social.internal.domain.Friendship */insert into friendship (created_at,user_a_id,user_b_id,id) values (?,?,?,?)
Hibernate: 
    /* insert for
        com.danielagapov.spawn.user.internal.domain.User */insert 
    into
        "user" (bio, date_created, email, has_completed_onboarding, last_updated, name, password, phone_number, profile_picture_url_string, status, username, id) 
    values
        (?, ?, ?, ?, ?, ?, ?, ?, ?, ?, ?, ?)
Hibernate: 
    /* insert for
        com.danielagapov.spawn.user.internal.domain.User */insert 
    into
        "user" (bio, date_created, email, has_completed_onboarding, last_updated, name, password, phone_number, profile_picture_url_string, status, username, id) 
    values
        (?, ?, ?, ?, ?, ?, ?, ?, ?, ?, ?, ?)
17:29:11 DEBUG [org.hibernate.SQL:135] 
    /* <criteria> */ select
        f1_0.id 
    from
        friendship f1_0 
    where
        f1_0.user_a_id=? 
        and f1_0.user_b_id=? 
    fetch
        first ? rows only
Hibernate: 
    /* <criteria> */ select
        f1_0.id 
    from
        friendship f1_0 
    where
        f1_0.user_a_id=? 
        and f1_0.user_b_id=? 
    fetch
        first ? rows only
17:29:11 WARN  [o.h.e.jdbc.spi.SqlExceptionHelper:145] SQL Error: 23505, SQLState: 23505
17:29:11 DEBUG [org.hibernate.SQL:135] 
    /* <criteria> */ select
        f1_0.id 
    from
        friendship f1_0 
    where
        f1_0.user_a_id=? 
        and f1_0.user_b_id=? 
    fetch
        first ? rows only
Hibernate: 
    /* <criteria> */ select
        f1_0.id 
    from
        friendship f1_0 
    where
        f1_0.user_a_id=? 
        and f1_0.user_b_id=? 
    fetch
        first ? rows only
17:29:11 ERROR [o.h.e.jdbc.spi.SqlExceptionHelper:150] Unique index or primary key violation: "PUBLIC.CONSTRAINT_INDEX_B ON PUBLIC.FRIENDSHIP(USER_A_ID NULLS FIRST, USER_B_ID NULLS FIRST) VALUES ( /* key:1 */ UUID '5dc35388-1ae4-4881-9e63-d8728c5c804d', UUID 'df55273d-bb0a-461d-a658-fb81da591a47')"; SQL statement:
/* insert for com.danielagapov.spawn.social.internal.domain.Friendship */in [23505-224]
Hibernate: 
    /* <criteria> */ select
        f1_0.id 
    from
        friendship f1_0 
    where
        f1_0.user_a_id=? 
        and f1_0.user_b_id=? 
    fetch
        first ? rows only
17:29:11 DEBUG [org.hibernate.SQL:135] 
    /* insert for
        com.danielagapov.spawn.social.internal.domain.Friendship */insert 
    into
        friendship (created_at, user_a_id, user_b_id, id) 
    values
        (?, ?, ?, ?)
Hibernate: 
    /* insert for
        com.danielagapov.spawn.social.internal.domain.Friendship */insert 
    into
        friendship (created_at, user_a_id, user_b_id, id) 
    values
        (?, ?, ?, ?)
17:29:11 DEBUG [org.hibernate.SQL:135] 
    /* <criteria> */ select
        f1_0.id 
    from
        friendship f1_0 
    where
        f1_0.user_a_id=? 
        and f1_0.user_b_id=? 
        or f1_0.user_b_id=? 
        and f1_0.user_a_id=? 
    fetch
        first ? rows only
Hibernate: 
    /* <criteria> */ select
        f1_0.id 
    from
        friendship f1_0 
    where
        f1_0.user_a_id=? 
        and f1_0.user_b_id=? 
        or f1_0.user_b_id=? 
        and f1_0.user_a_id=? 
    fetch
        first ? rows only
Hibernate: 
    /* <criteria> */ select
        f1_0.id 
    from
        friendship f1_0 
    where
        f1_0.user_a_id=? 
        and f1_0.user_b_id=? 
    fetch
        first ? rows only
17:29:11 INFO  [c.d.spawn.shared.exceptions.Logger:10] [NotificationService.java:207] sendNotificationToUser - Sending notification to user 696cb2d0-f2bf-4df1-86d6-af4d6cc4b0f5 with name: userB_fdbd7765 and username: userB_fdbd7765: Title: 'New Friend Request', Message: 'userA_fdbd7765 sent you a friend request'
Hibernate: 
    /* <criteria> */ select
        f1_0.id 
    from
        friendship f1_0 
    where
        f1_0.user_a_id=? 
        and f1_0.user_b_id=? 
    fetch
        first ? rows only
Hibernate: 
    /* insert for
        com.danielagapov.spawn.social.internal.domain.Friendship */insert 
    into
        friendship (created_at, user_a_id, user_b_id, id) 
    values
        (?, ?, ?, ?)
Hibernate: 
    /* <criteria> */ select
        f1_0.id 
    from
        friendship f1_0 
    where
        f1_0.user_a_id=? 
        and f1_0.user_b_id=? 
    fetch
        first ? rows only
17:29:11 DEBUG [org.hibernate.SQL:135] 
    /* <criteria> */ select
        fr1_0.id,
        fr1_0.created_at,
        fr1_0.receiver_id,
        fr1_0.sender_id 
    from
        friend_request fr1_0 
    where
        fr1_0.sender_id=? 
        and fr1_0.receiver_id=?
Hibernate: 
    /* <criteria> */ select
        fr1_0.id,
        fr1_0.created_at,
        fr1_0.receiver_id,
        fr1_0.sender_id 
    from
        friend_request fr1_0 
    where
        fr1_0.sender_id=? 
        and fr1_0.receiver_id=?
Hibernate: 
    /* insert for
        com.danielagapov.spawn.social.internal.domain.Friendship */insert 
    into
        friendship (created_at, user_a_id, user_b_id, id) 
    values
        (?, ?, ?, ?)
17:29:11 DEBUG [org.hibernate.SQL:135] 
    /* <criteria> */ select
        dt1_0.id,
        dt1_0.device_type,
        dt1_0.token,
        dt1_0.user_id 
    from
        device_token dt1_0 
    where
        dt1_0.user_id=?
Hibernate: 
    /* <criteria> */ select
        dt1_0.id,
        dt1_0.device_type,
        dt1_0.token,
        dt1_0.user_id 
    from
        device_token dt1_0 
    where
        dt1_0.user_id=?
Hibernate: 
    /* <criteria> */ select
        f1_0.id 
    from
        friendship f1_0 
    where
        f1_0.user_a_id=? 
        and f1_0.user_b_id=? 
    fetch
        first ? rows only
17:29:11 INFO  [c.d.spawn.shared.exceptions.Logger:10] [FriendRequestService.java:111] saveFriendRequest - Friend request saved successfully
17:29:11 DEBUG [c.d.s.s.util.CacheEvictionHelper:47] Evicted cache 'recommendedFriends' for key: 951a286b-c850-4ea2-baca-6b88c2b332ca
17:29:11 DEBUG [c.d.s.s.util.CacheEvictionHelper:47] Evicted cache 'recommendedFriends' for key: e43eddea-1072-4647-a32d-97f72e21a8d2
17:29:11 WARN  [c.d.spawn.shared.exceptions.Logger:14] [NotificationService.java:214] sendNotificationToUser - No device tokens found for user: 696cb2d0-f2bf-4df1-86d6-af4d6cc4b0f5 with name: userB_fdbd7765 and username: userB_fdbd7765
17:29:11 INFO  [c.d.spawn.shared.exceptions.Logger:10] [NotificationService.java:266] handleNotificationEvent - Notification event processing completed
17:29:11 INFO  [c.d.spawn.shared.exceptions.Logger:10] [NotificationService.java:256] handleNotificationEvent - Handling notification event: FriendRequestNotificationEvent for 1 users
Hibernate: 
    /* insert for
        com.danielagapov.spawn.user.internal.domain.User */insert 
    into
        "user" (bio, date_created, email, has_completed_onboarding, last_updated, name, password, phone_number, profile_picture_url_string, status, username, id) 
    values
        (?, ?, ?, ?, ?, ?, ?, ?, ?, ?, ?, ?)
17:29:11 DEBUG [org.hibernate.SQL:135] 
    /* <criteria> */ select
        f1_0.id 
    from
        friendship f1_0 
    where
        f1_0.user_a_id=? 
        and f1_0.user_b_id=? 
        or f1_0.user_b_id=? 
        and f1_0.user_a_id=? 
    fetch
        first ? rows only
Hibernate: 
    /* <criteria> */ select
        f1_0.id 
    from
        friendship f1_0 
    where
        f1_0.user_a_id=? 
        and f1_0.user_b_id=? 
        or f1_0.user_b_id=? 
        and f1_0.user_a_id=? 
    fetch
        first ? rows only
17:29:11 DEBUG [org.hibernate.SQL:135] 
    /* <criteria> */ select
        np1_0.id,
        np1_0.activity_invites_enabled,
        np1_0.activity_updates_enabled,
        np1_0.chat_messages_enabled,
        np1_0.friend_requests_enabled,
        np1_0.user_id 
    from
        notification_preferences np1_0 
    where
        np1_0.user_id=?
Hibernate: 
    /* <criteria> */ select
        np1_0.id,
        np1_0.activity_invites_enabled,
        np1_0.activity_updates_enabled,
        np1_0.chat_messages_enabled,
        np1_0.friend_requests_enabled,
        np1_0.user_id 
    from
        notification_preferences np1_0 
    where
        np1_0.user_id=?
17:29:11 DEBUG [org.hibernate.SQL:135] 
    /* <criteria> */ select
        f1_0.id,
        f1_0.created_at,
        f1_0.user_a_id,
        f1_0.user_b_id 
    from
        friendship f1_0 
    where
        f1_0.user_a_id=? 
        and f1_0.user_b_id=? 
        or f1_0.user_b_id=? 
        and f1_0.user_a_id=?
Hibernate: 
    /* <criteria> */ select
        f1_0.id,
        f1_0.created_at,
        f1_0.user_a_id,
        f1_0.user_b_id 
    from
        friendship f1_0 
    where
        f1_0.user_a_id=? 
        and f1_0.user_b_id=? 
        or f1_0.user_b_id=? 
        and f1_0.user_a_id=?
Hibernate: 
    /* insert for
        com.danielagapov.spawn.user.internal.domain.User */insert 
    into
        "user" (bio, date_created, email, has_completed_onboarding, last_updated, name, password, phone_number, profile_picture_url_string, status, username, id) 
    values
        (?, ?, ?, ?, ?, ?, ?, ?, ?, ?, ?, ?)
17:29:11 INFO  [c.d.spawn.shared.exceptions.Logger:10] [NotificationService.java:207] sendNotificationToUser - Sending notification to user e43eddea-1072-4647-a32d-97f72e21a8d2 with name: userB_4029ba6c and username: userB_4029ba6c: Title: 'New Friend Request', Message: 'userA_4029ba6c sent you a friend request'
Hibernate: 
    /* insert for
        com.danielagapov.spawn.social.internal.domain.Friendship */insert 
    into
        friendship (created_at, user_a_id, user_b_id, id) 
    values
        (?, ?, ?, ?)
Hibernate: 
    /* insert for
        com.danielagapov.spawn.user.internal.domain.User */insert 
    into
        "user" (bio, date_created, email, has_completed_onboarding, last_updated, name, password, phone_number, profile_picture_url_string, status, username, id) 
    values
        (?, ?, ?, ?, ?, ?, ?, ?, ?, ?, ?, ?)
17:29:11 INFO  [c.d.spawn.shared.exceptions.Logger:10] [FriendRequestService.java:69] saveFriendRequest - Creating friend request from sender: 696cb2d0-f2bf-4df1-86d6-af4d6cc4b0f5 with name: userB_fdbd7765 and username: userB_fdbd7765 to receiver: 67ca13fa-b7d6-4c32-a437-5cdc1d2e234d with name: userA_fdbd7765 and username: userA_fdbd7765
Hibernate: 
    /* <criteria> */ select
        f1_0.id 
    from
        friendship f1_0 
    where
        f1_0.user_a_id=? 
        and f1_0.user_b_id=? 
    fetch
        first ? rows only
Hibernate: 
    /* insert for
        com.danielagapov.spawn.social.internal.domain.Friendship */insert 
    into
        friendship (created_at, user_a_id, user_b_id, id) 
    values
        (?, ?, ?, ?)
17:29:11 DEBUG [org.hibernate.SQL:135] 
    /* <criteria> */ select
        f1_0.id,
        f1_0.created_at,
        f1_0.user_a_id,
        f1_0.user_b_id 
    from
        friendship f1_0 
    where
        f1_0.user_a_id=? 
        or f1_0.user_b_id=?
Hibernate: 
    /* <criteria> */ select
        f1_0.id,
        f1_0.created_at,
        f1_0.user_a_id,
        f1_0.user_b_id 
    from
        friendship f1_0 
    where
        f1_0.user_a_id=? 
        or f1_0.user_b_id=?
17:29:11 DEBUG [org.hibernate.SQL:135] 
    /* <criteria> */ select
        dt1_0.id,
        dt1_0.device_type,
        dt1_0.token,
        dt1_0.user_id 
    from
        device_token dt1_0 
    where
        dt1_0.user_id=?
Hibernate: 
    /* <criteria> */ select
        dt1_0.id,
        dt1_0.device_type,
        dt1_0.token,
        dt1_0.user_id 
    from
        device_token dt1_0 
    where
        dt1_0.user_id=?
17:29:11 DEBUG [org.hibernate.SQL:135] 
    /* <criteria> */ select
        f1_0.id,
        f1_0.created_at,
        f1_0.user_a_id,
        f1_0.user_b_id 
    from
        friendship f1_0 
    where
        f1_0.user_a_id=? 
        or f1_0.user_b_id=?
Hibernate: 
    /* <criteria> */ select
        f1_0.id,
        f1_0.created_at,
        f1_0.user_a_id,
        f1_0.user_b_id 
    from
        friendship f1_0 
    where
        f1_0.user_a_id=? 
        or f1_0.user_b_id=?
Hibernate: 
    /* insert for
        com.danielagapov.spawn.user.internal.domain.User */insert 
    into
        "user" (bio, date_created, email, has_completed_onboarding, last_updated, name, password, phone_number, profile_picture_url_string, status, username, id) 
    values
        (?, ?, ?, ?, ?, ?, ?, ?, ?, ?, ?, ?)
17:29:11 WARN  [c.d.spawn.shared.exceptions.Logger:14] [NotificationService.java:214] sendNotificationToUser - No device tokens found for user: e43eddea-1072-4647-a32d-97f72e21a8d2 with name: userB_4029ba6c and username: userB_4029ba6c
17:29:11 INFO  [c.d.spawn.shared.exceptions.Logger:10] [NotificationService.java:266] handleNotificationEvent - Notification event processing completed
17:29:11 DEBUG [org.hibernate.SQL:135] 
    /* <criteria> */ select
        f1_0.id,
        f1_0.created_at,
        f1_0.user_a_id,
        f1_0.user_b_id 
    from
        friendship f1_0 
    where
        f1_0.user_a_id=? 
        or f1_0.user_b_id=?
Hibernate: 
    /* <criteria> */ select
        f1_0.id,
        f1_0.created_at,
        f1_0.user_a_id,
        f1_0.user_b_id 
    from
        friendship f1_0 
    where
        f1_0.user_a_id=? 
        or f1_0.user_b_id=?
Hibernate: 
    /* insert for
        com.danielagapov.spawn.user.internal.domain.User */insert 
    into
        "user" (bio, date_created, email, has_completed_onboarding, last_updated, name, password, phone_number, profile_picture_url_string, status, username, id) 
    values
        (?, ?, ?, ?, ?, ?, ?, ?, ?, ?, ?, ?)
Hibernate: 
    /* insert for
        com.danielagapov.spawn.social.internal.domain.Friendship */insert 
    into
        friendship (created_at, user_a_id, user_b_id, id) 
    values
        (?, ?, ?, ?)
Hibernate: 
    /* insert for
        com.danielagapov.spawn.user.internal.domain.User */insert 
    into
        "user" (bio, date_created, email, has_completed_onboarding, last_updated, name, password, phone_number, profile_picture_url_string, status, username, id) 
    values
        (?, ?, ?, ?, ?, ?, ?, ?, ?, ?, ?, ?)
Hibernate: 
    /* <criteria> */ select
        f1_0.id 
    from
        friendship f1_0 
    where
        f1_0.user_a_id=? 
        and f1_0.user_b_id=? 
    fetch
        first ? rows only
17:29:11 DEBUG [org.hibernate.SQL:135] 
    /* <criteria> */ select
        f1_0.id,
        f1_0.created_at,
        f1_0.user_a_id,
        f1_0.user_b_id 
    from
        friendship f1_0 
    where
        f1_0.user_a_id=? 
        or f1_0.user_b_id=?
Hibernate: 
    /* <criteria> */ select
        f1_0.id,
        f1_0.created_at,
        f1_0.user_a_id,
        f1_0.user_b_id 
    from
        friendship f1_0 
    where
        f1_0.user_a_id=? 
        or f1_0.user_b_id=?
Hibernate: 
    /* insert for
        com.danielagapov.spawn.social.internal.domain.Friendship */insert 
    into
        friendship (created_at, user_a_id, user_b_id, id) 
    values
        (?, ?, ?, ?)
Hibernate: 
    /* insert for
        com.danielagapov.spawn.user.internal.domain.User */insert 
    into
        "user" (bio, date_created, email, has_completed_onboarding, last_updated, name, password, phone_number, profile_picture_url_string, status, username, id) 
    values
        (?, ?, ?, ?, ?, ?, ?, ?, ?, ?, ?, ?)
Hibernate: 
    /* <criteria> */ select
        f1_0.id 
    from
        friendship f1_0 
    where
        f1_0.user_a_id=? 
        and f1_0.user_b_id=? 
    fetch
        first ? rows only
17:29:11 DEBUG [org.hibernate.SQL:135] 
    /* delete for com.danielagapov.spawn.social.internal.domain.Friendship */delete 
    from
        friendship 
    where
        id=?
Hibernate: 
    /* delete for com.danielagapov.spawn.social.internal.domain.Friendship */delete 
    from
        friendship 
    where
        id=?
Hibernate: 
    /* insert for
        com.danielagapov.spawn.user.internal.domain.User */insert 
    into
        "user" (bio, date_created, email, has_completed_onboarding, last_updated, name, password, phone_number, profile_picture_url_string, status, username, id) 
    values
        (?, ?, ?, ?, ?, ?, ?, ?, ?, ?, ?, ?)
Hibernate: 
    /* insert for
        com.danielagapov.spawn.user.internal.domain.User */insert 
    into
        "user" (bio, date_created, email, has_completed_onboarding, last_updated, name, password, phone_number, profile_picture_url_string, status, username, id) 
    values
        (?, ?, ?, ?, ?, ?, ?, ?, ?, ?, ?, ?)
17:29:11 DEBUG [org.hibernate.SQL:135] 
    /* insert for
        com.danielagapov.spawn.social.internal.domain.FriendRequest */insert 
    into
        friend_request (created_at, receiver_id, sender_id, id) 
    values
        (?, ?, ?, ?)
Hibernate: 
    /* insert for
        com.danielagapov.spawn.social.internal.domain.FriendRequest */insert 
    into
        friend_request (created_at, receiver_id, sender_id, id) 
    values
        (?, ?, ?, ?)
Hibernate: 
    /* insert for
        com.danielagapov.spawn.user.internal.domain.User */insert 
    into
        "user" (bio, date_created, email, has_completed_onboarding, last_updated, name, password, phone_number, profile_picture_url_string, status, username, id) 
    values
        (?, ?, ?, ?, ?, ?, ?, ?, ?, ?, ?, ?)
17:29:11 DEBUG [org.hibernate.SQL:135] 
    /* <criteria> */ select
        fr1_0.id,
        fr1_0.created_at,
        fr1_0.receiver_id,
        fr1_0.sender_id 
    from
        friend_request fr1_0 
    where
        fr1_0.sender_id=? 
        and fr1_0.receiver_id=?
Hibernate: 
    /* <criteria> */ select
        fr1_0.id,
        fr1_0.created_at,
        fr1_0.receiver_id,
        fr1_0.sender_id 
    from
        friend_request fr1_0 
    where
        fr1_0.sender_id=? 
        and fr1_0.receiver_id=?
17:29:11 DEBUG [org.hibernate.SQL:135] 
    /* insert for
        com.danielagapov.spawn.social.internal.domain.FriendRequest */insert 
    into
        friend_request (created_at, receiver_id, sender_id, id) 
    values
        (?, ?, ?, ?)
Hibernate: 
    /* insert for
        com.danielagapov.spawn.social.internal.domain.FriendRequest */insert 
    into
        friend_request (created_at, receiver_id, sender_id, id) 
    values
        (?, ?, ?, ?)
Hibernate: 
    /* insert for
        com.danielagapov.spawn.social.internal.domain.Friendship */insert 
    into
        friendship (created_at, user_a_id, user_b_id, id) 
    values
        (?, ?, ?, ?)
Hibernate: 
    /* insert for
        com.danielagapov.spawn.user.internal.domain.User */insert 
    into
        "user" (bio, date_created, email, has_completed_onboarding, last_updated, name, password, phone_number, profile_picture_url_string, status, username, id) 
    values
        (?, ?, ?, ?, ?, ?, ?, ?, ?, ?, ?, ?)
Hibernate: 
    /* <criteria> */ select
        f1_0.id 
    from
        friendship f1_0 
    where
        f1_0.user_a_id=? 
        and f1_0.user_b_id=? 
    fetch
        first ? rows only
17:29:11 DEBUG [org.hibernate.SQL:135] 
    /* <criteria> */ select
        f1_0.id 
    from
        friendship f1_0 
    where
        f1_0.user_a_id=? 
        and f1_0.user_b_id=? 
        or f1_0.user_b_id=? 
        and f1_0.user_a_id=? 
    fetch
        first ? rows only
Hibernate: 
    /* <criteria> */ select
        f1_0.id 
    from
        friendship f1_0 
    where
        f1_0.user_a_id=? 
        and f1_0.user_b_id=? 
        or f1_0.user_b_id=? 
        and f1_0.user_a_id=? 
    fetch
        first ? rows only
17:29:11 DEBUG [org.hibernate.SQL:135] 
    /* <criteria> */ select
        fr1_0.id,
        fr1_0.created_at,
        fr1_0.receiver_id,
        fr1_0.sender_id 
    from
        friend_request fr1_0 
    where
        fr1_0.receiver_id=?
Hibernate: 
    /* <criteria> */ select
        fr1_0.id,
        fr1_0.created_at,
        fr1_0.receiver_id,
        fr1_0.sender_id 
    from
        friend_request fr1_0 
    where
        fr1_0.receiver_id=?
17:29:11 DEBUG [org.hibernate.SQL:135] 
    /* <criteria> */ select
        f1_0.id 
    from
        friendship f1_0 
    where
        f1_0.user_a_id=? 
        and f1_0.user_b_id=? 
        or f1_0.user_b_id=? 
        and f1_0.user_a_id=? 
    fetch
        first ? rows only
Hibernate: 
    /* <criteria> */ select
        f1_0.id 
    from
        friendship f1_0 
    where
        f1_0.user_a_id=? 
        and f1_0.user_b_id=? 
        or f1_0.user_b_id=? 
        and f1_0.user_a_id=? 
    fetch
        first ? rows only
Hibernate: 
    /* insert for
        com.danielagapov.spawn.user.internal.domain.User */insert 
    into
        "user" (bio, date_created, email, has_completed_onboarding, last_updated, name, password, phone_number, profile_picture_url_string, status, username, id) 
    values
        (?, ?, ?, ?, ?, ?, ?, ?, ?, ?, ?, ?)
17:29:11 DEBUG [org.hibernate.SQL:135] 
    /* <criteria> */ select
        u1_0.id,
        u1_0.bio,
        u1_0.date_created,
        u1_0.email,
        u1_0.has_completed_onboarding,
        u1_0.last_updated,
        u1_0.name,
        u1_0.password,
        u1_0.phone_number,
        u1_0.profile_picture_url_string,
        u1_0.status,
        u1_0.username 
    from
        "user" u1_0 
    where
        u1_0.id in (?, ?)
Hibernate: 
    /* <criteria> */ select
        u1_0.id,
        u1_0.bio,
        u1_0.date_created,
        u1_0.email,
        u1_0.has_completed_onboarding,
        u1_0.last_updated,
        u1_0.name,
        u1_0.password,
        u1_0.phone_number,
        u1_0.profile_picture_url_string,
        u1_0.status,
        u1_0.username 
    from
        "user" u1_0 
    where
        u1_0.id in (?, ?)
17:29:11 DEBUG [org.hibernate.SQL:135] 
    /* <criteria> */ select
        fr1_0.id,
        fr1_0.created_at,
        fr1_0.receiver_id,
        fr1_0.sender_id 
    from
        friend_request fr1_0 
    where
        fr1_0.sender_id=? 
        and fr1_0.receiver_id=?
Hibernate: 
    /* <criteria> */ select
        fr1_0.id,
        fr1_0.created_at,
        fr1_0.receiver_id,
        fr1_0.sender_id 
    from
        friend_request fr1_0 
    where
        fr1_0.sender_id=? 
        and fr1_0.receiver_id=?
17:29:11 DEBUG [org.hibernate.SQL:135] 
    /* <criteria> */ select
        f1_0.id 
    from
        friendship f1_0 
    where
        f1_0.user_a_id=? 
        and f1_0.user_b_id=? 
        or f1_0.user_b_id=? 
        and f1_0.user_a_id=? 
    fetch
        first ? rows only
Hibernate: 
    /* <criteria> */ select
        f1_0.id 
    from
        friendship f1_0 
    where
        f1_0.user_a_id=? 
        and f1_0.user_b_id=? 
        or f1_0.user_b_id=? 
        and f1_0.user_a_id=? 
    fetch
        first ? rows only
Hibernate: 
    /* <criteria> */ select
        f1_0.id 
    from
        friendship f1_0 
    where
        f1_0.user_a_id=? 
        and f1_0.user_b_id=? 
        or f1_0.user_b_id=? 
        and f1_0.user_a_id=? 
    fetch
        first ? rows only
17:29:11 DEBUG [org.hibernate.SQL:135] 
    /* <criteria> */ select
        f1_0.id 
    from
        friendship f1_0 
    where
        f1_0.user_a_id=? 
        and f1_0.user_b_id=? 
        or f1_0.user_b_id=? 
        and f1_0.user_a_id=? 
    fetch
        first ? rows only
Hibernate: 
    /* <criteria> */ select
        f1_0.id 
    from
        friendship f1_0 
    where
        f1_0.user_a_id=? 
        and f1_0.user_b_id=? 
        or f1_0.user_b_id=? 
        and f1_0.user_a_id=? 
    fetch
        first ? rows only
17:29:11 INFO  [c.d.spawn.shared.exceptions.Logger:10] [FriendRequestService.java:85] saveFriendRequest - Friend request already exists in reverse direction from receiver: 67ca13fa-b7d6-4c32-a437-5cdc1d2e234d with name: userA_fdbd7765 and username: userA_fdbd7765 to sender: 696cb2d0-f2bf-4df1-86d6-af4d6cc4b0f5 with name: userB_fdbd7765 and username: userB_fdbd7765. Auto-accepting the existing request.
Hibernate: 
    /* insert for
        com.danielagapov.spawn.user.internal.domain.User */insert 
    into
        "user" (bio, date_created, email, has_completed_onboarding, last_updated, name, password, phone_number, profile_picture_url_string, status, username, id) 
    values
        (?, ?, ?, ?, ?, ?, ?, ?, ?, ?, ?, ?)
Hibernate: 
    /* insert for
        com.danielagapov.spawn.social.internal.domain.Friendship */insert 
    into
        friendship (created_at, user_a_id, user_b_id, id) 
    values
        (?, ?, ?, ?)
Hibernate: 
    /* insert for
        com.danielagapov.spawn.user.internal.domain.User */insert 
    into
        "user" (bio, date_created, email, has_completed_onboarding, last_updated, name, password, phone_number, profile_picture_url_string, status, username, id) 
    values
        (?, ?, ?, ?, ?, ?, ?, ?, ?, ?, ?, ?)
Hibernate: 
    /* insert for
        com.danielagapov.spawn.social.internal.domain.Friendship */insert 
    into
        friendship (created_at, user_a_id, user_b_id, id) 
    values
        (?, ?, ?, ?)
Hibernate: 
    /* <criteria> */ select
        f1_0.id 
    from
        friendship f1_0 
    where
        f1_0.user_a_id=? 
        and f1_0.user_b_id=? 
    fetch
        first ? rows only
17:29:11 DEBUG [org.hibernate.SQL:135] 
    /* delete for com.danielagapov.spawn.user.internal.domain.User */delete 
    from
        "user" 
    where
        id=?
Hibernate: 
    /* delete for com.danielagapov.spawn.user.internal.domain.User */delete 
    from
        "user" 
    where
        id=?
Hibernate: 
    /* <criteria> */ select
        f1_0.id 
    from
        friendship f1_0 
    where
        f1_0.user_a_id=? 
        and f1_0.user_b_id=? 
    fetch
        first ? rows only
Hibernate: 
    /* <criteria> */ select
        f1_0.id 
    from
        friendship f1_0 
    where
        f1_0.user_a_id=? 
        and f1_0.user_b_id=? 
        or f1_0.user_b_id=? 
        and f1_0.user_a_id=? 
    fetch
        first ? rows only
Hibernate: 
    /* <criteria> */ select
        f1_0.id 
    from
        friendship f1_0 
    where
        f1_0.user_a_id=? 
        and f1_0.user_b_id=? 
        or f1_0.user_b_id=? 
        and f1_0.user_a_id=? 
    fetch
        first ? rows only
Hibernate: 
    /* insert for
        com.danielagapov.spawn.user.internal.domain.User */insert 
    into
        "user" (bio, date_created, email, has_completed_onboarding, last_updated, name, password, phone_number, profile_picture_url_string, status, username, id) 
    values
        (?, ?, ?, ?, ?, ?, ?, ?, ?, ?, ?, ?)
Hibernate: 
    /* insert for
        com.danielagapov.spawn.user.internal.domain.User */insert 
    into
        "user" (bio, date_created, email, has_completed_onboarding, last_updated, name, password, phone_number, profile_picture_url_string, status, username, id) 
    values
        (?, ?, ?, ?, ?, ?, ?, ?, ?, ?, ?, ?)
Hibernate: 
    /* insert for
        com.danielagapov.spawn.user.internal.domain.User */insert 
    into
        "user" (bio, date_created, email, has_completed_onboarding, last_updated, name, password, phone_number, profile_picture_url_string, status, username, id) 
    values
        (?, ?, ?, ?, ?, ?, ?, ?, ?, ?, ?, ?)
17:29:11 DEBUG [org.hibernate.SQL:135] 
    /* <criteria> */ select
        f1_0.id,
        f1_0.created_at,
        f1_0.user_a_id,
        f1_0.user_b_id 
    from
        friendship f1_0
Hibernate: 
    /* <criteria> */ select
        f1_0.id,
        f1_0.created_at,
        f1_0.user_a_id,
        f1_0.user_b_id 
    from
        friendship f1_0
17:29:11 DEBUG [org.hibernate.SQL:135] 
    /* <criteria> */ select
        f1_0.id,
        f1_0.created_at,
        f1_0.user_a_id,
        f1_0.user_b_id 
    from
        friendship f1_0 
    where
        f1_0.user_a_id=? 
        or f1_0.user_b_id=?
Hibernate: 
    /* <criteria> */ select
        f1_0.id,
        f1_0.created_at,
        f1_0.user_a_id,
        f1_0.user_b_id 
    from
        friendship f1_0 
    where
        f1_0.user_a_id=? 
        or f1_0.user_b_id=?
17:29:11 INFO  [c.d.spawn.shared.exceptions.Logger:10] [FriendRequestService.java:243] acceptFriendRequest - Accepting friend request with ID: e6a71707-d49e-4e16-8cf4-ec158c163090 from sender: 67ca13fa-b7d6-4c32-a437-5cdc1d2e234d with name: userA_fdbd7765 and username: userA_fdbd7765 to receiver: 696cb2d0-f2bf-4df1-86d6-af4d6cc4b0f5 with name: userB_fdbd7765 and username: userB_fdbd7765
Hibernate: 
    /* <criteria> */ select
        f1_0.id 
    from
        friendship f1_0 
    where
        f1_0.user_a_id=? 
        and f1_0.user_b_id=? 
    fetch
        first ? rows only
Hibernate: 
    /* <criteria> */ select
        f1_0.id 
    from
        friendship f1_0 
    where
        f1_0.user_a_id=? 
        and f1_0.user_b_id=? 
    fetch
        first ? rows only
Hibernate: 
    /* insert for
        com.danielagapov.spawn.social.internal.domain.Friendship */insert 
    into
        friendship (created_at, user_a_id, user_b_id, id) 
    values
        (?, ?, ?, ?)
Hibernate: 
    /* <criteria> */ select
        f1_0.id 
    from
        friendship f1_0 
    where
        f1_0.user_a_id=? 
        and f1_0.user_b_id=? 
        or f1_0.user_b_id=? 
        and f1_0.user_a_id=? 
    fetch
        first ? rows only
17:29:11 DEBUG [org.hibernate.SQL:135] 
    /* <criteria> */ select
        f1_0.id,
        f1_0.created_at,
        f1_0.user_a_id,
        f1_0.user_b_id 
    from
        friendship f1_0 
    where
        f1_0.user_a_id=? 
        or f1_0.user_b_id=?
Hibernate: 
    /* <criteria> */ select
        f1_0.id,
        f1_0.created_at,
        f1_0.user_a_id,
        f1_0.user_b_id 
    from
        friendship f1_0 
    where
        f1_0.user_a_id=? 
        or f1_0.user_b_id=?
Hibernate: 
    /* <criteria> */ select
        f1_0.id 
    from
        friendship f1_0 
    where
        f1_0.user_a_id=? 
        and f1_0.user_b_id=? 
        or f1_0.user_b_id=? 
        and f1_0.user_a_id=? 
    fetch
        first ? rows only
Hibernate: 
    /* <criteria> */ select
        f1_0.id 
    from
        friendship f1_0 
    where
        f1_0.user_a_id=? 
        and f1_0.user_b_id=? 
    fetch
        first ? rows only
17:29:11 INFO  [c.d.spawn.shared.exceptions.Logger:10] [FriendRequestService.java:243] acceptFriendRequest - Accepting friend request with ID: 82c40ab5-668f-4ff9-afe0-52530449ac83 from sender: 951a286b-c850-4ea2-baca-6b88c2b332ca with name: userA_4029ba6c and username: userA_4029ba6c to receiver: e43eddea-1072-4647-a32d-97f72e21a8d2 with name: userB_4029ba6c and username: userB_4029ba6c
17:29:11 INFO  [c.d.spawn.shared.exceptions.Logger:10] [NotificationService.java:256] handleNotificationEvent - Handling notification event: FriendRequestAcceptedNotificationEvent for 1 users
Hibernate: 
    /* insert for
        com.danielagapov.spawn.user.internal.domain.User */insert 
    into
        "user" (bio, date_created, email, has_completed_onboarding, last_updated, name, password, phone_number, profile_picture_url_string, status, username, id) 
    values
        (?, ?, ?, ?, ?, ?, ?, ?, ?, ?, ?, ?)
Hibernate: 
    /* <criteria> */ select
        f1_0.id 
    from
        friendship f1_0 
    where
        f1_0.user_a_id=? 
        and f1_0.user_b_id=? 
    fetch
        first ? rows only
Hibernate: 
    /* <criteria> */ select
        f1_0.id 
    from
        friendship f1_0 
    where
        f1_0.user_a_id=? 
        and f1_0.user_b_id=? 
        or f1_0.user_b_id=? 
        and f1_0.user_a_id=? 
    fetch
        first ? rows only
17:29:11 DEBUG [org.hibernate.SQL:135] 
    /* <criteria> */ select
        np1_0.id,
        np1_0.activity_invites_enabled,
        np1_0.activity_updates_enabled,
        np1_0.chat_messages_enabled,
        np1_0.friend_requests_enabled,
        np1_0.user_id 
    from
        notification_preferences np1_0 
    where
        np1_0.user_id=?
Hibernate: 
    /* <criteria> */ select
        np1_0.id,
        np1_0.activity_invites_enabled,
        np1_0.activity_updates_enabled,
        np1_0.chat_messages_enabled,
        np1_0.friend_requests_enabled,
        np1_0.user_id 
    from
        notification_preferences np1_0 
    where
        np1_0.user_id=?
Hibernate: 
    /* insert for
        com.danielagapov.spawn.user.internal.domain.User */insert 
    into
        "user" (bio, date_created, email, has_completed_onboarding, last_updated, name, password, phone_number, profile_picture_url_string, status, username, id) 
    values
        (?, ?, ?, ?, ?, ?, ?, ?, ?, ?, ?, ?)
Hibernate: 
    /* insert for
        com.danielagapov.spawn.user.internal.domain.User */insert 
    into
        "user" (bio, date_created, email, has_completed_onboarding, last_updated, name, password, phone_number, profile_picture_url_string, status, username, id) 
    values
        (?, ?, ?, ?, ?, ?, ?, ?, ?, ?, ?, ?)
Hibernate: 
    /* insert for
        com.danielagapov.spawn.user.internal.domain.User */insert 
    into
        "user" (bio, date_created, email, has_completed_onboarding, last_updated, name, password, phone_number, profile_picture_url_string, status, username, id) 
    values
        (?, ?, ?, ?, ?, ?, ?, ?, ?, ?, ?, ?)
Hibernate: 
    /* insert for
        com.danielagapov.spawn.user.internal.domain.User */insert 
    into
        "user" (bio, date_created, email, has_completed_onboarding, last_updated, name, password, phone_number, profile_picture_url_string, status, username, id) 
    values
        (?, ?, ?, ?, ?, ?, ?, ?, ?, ?, ?, ?)
Hibernate: 
    /* insert for
        com.danielagapov.spawn.user.internal.domain.User */insert 
    into
        "user" (bio, date_created, email, has_completed_onboarding, last_updated, name, password, phone_number, profile_picture_url_string, status, username, id) 
    values
        (?, ?, ?, ?, ?, ?, ?, ?, ?, ?, ?, ?)
Hibernate: 
    /* insert for
        com.danielagapov.spawn.user.internal.domain.User */insert 
    into
        "user" (bio, date_created, email, has_completed_onboarding, last_updated, name, password, phone_number, profile_picture_url_string, status, username, id) 
    values
        (?, ?, ?, ?, ?, ?, ?, ?, ?, ?, ?, ?)
17:29:11 INFO  [c.d.spawn.shared.exceptions.Logger:10] [NotificationService.java:207] sendNotificationToUser - Sending notification to user 67ca13fa-b7d6-4c32-a437-5cdc1d2e234d with name: userA_fdbd7765 and username: userA_fdbd7765: Title: 'Friend Request Accepted', Message: 'userB_fdbd7765 has accepted your friend request'
17:29:11 INFO  [c.d.spawn.shared.exceptions.Logger:10] [NotificationService.java:256] handleNotificationEvent - Handling notification event: FriendRequestAcceptedNotificationEvent for 1 users
Hibernate: 
    /* insert for
        com.danielagapov.spawn.social.internal.domain.Friendship */insert 
    into
        friendship (created_at, user_a_id, user_b_id, id) 
    values
        (?, ?, ?, ?)
Hibernate: 
    /* <criteria> */ select
        f1_0.id 
    from
        friendship f1_0 
    where
        f1_0.user_a_id=? 
        and f1_0.user_b_id=? 
    fetch
        first ? rows only
17:29:11 DEBUG [org.hibernate.SQL:135] 
    /* <criteria> */ select
        dt1_0.id,
        dt1_0.device_type,
        dt1_0.token,
        dt1_0.user_id 
    from
        device_token dt1_0 
    where
        dt1_0.user_id=?
Hibernate: 
    /* <criteria> */ select
        dt1_0.id,
        dt1_0.device_type,
        dt1_0.token,
        dt1_0.user_id 
    from
        device_token dt1_0 
    where
        dt1_0.user_id=?
Hibernate: 
    /* insert for
        com.danielagapov.spawn.social.internal.domain.Friendship */insert 
    into
        friendship (created_at, user_a_id, user_b_id, id) 
    values
        (?, ?, ?, ?)
Hibernate: 
    /* insert for
        com.danielagapov.spawn.user.internal.domain.User */insert 
    into
        "user" (bio, date_created, email, has_completed_onboarding, last_updated, name, password, phone_number, profile_picture_url_string, status, username, id) 
    values
        (?, ?, ?, ?, ?, ?, ?, ?, ?, ?, ?, ?)
Hibernate: 
    /* insert for
        com.danielagapov.spawn.user.internal.domain.User */insert 
    into
        "user" (bio, date_created, email, has_completed_onboarding, last_updated, name, password, phone_number, profile_picture_url_string, status, username, id) 
    values
        (?, ?, ?, ?, ?, ?, ?, ?, ?, ?, ?, ?)
Hibernate: 
    /* insert for
        com.danielagapov.spawn.user.internal.domain.User */insert 
    into
        "user" (bio, date_created, email, has_completed_onboarding, last_updated, name, password, phone_number, profile_picture_url_string, status, username, id) 
    values
        (?, ?, ?, ?, ?, ?, ?, ?, ?, ?, ?, ?)
Hibernate: 
    /* insert for
        com.danielagapov.spawn.user.internal.domain.User */insert 
    into
        "user" (bio, date_created, email, has_completed_onboarding, last_updated, name, password, phone_number, profile_picture_url_string, status, username, id) 
    values
        (?, ?, ?, ?, ?, ?, ?, ?, ?, ?, ?, ?)
Hibernate: 
    /* insert for
        com.danielagapov.spawn.user.internal.domain.User */insert 
    into
        "user" (bio, date_created, email, has_completed_onboarding, last_updated, name, password, phone_number, profile_picture_url_string, status, username, id) 
    values
        (?, ?, ?, ?, ?, ?, ?, ?, ?, ?, ?, ?)
Hibernate: 
    /* insert for
        com.danielagapov.spawn.user.internal.domain.User */insert 
    into
        "user" (bio, date_created, email, has_completed_onboarding, last_updated, name, password, phone_number, profile_picture_url_string, status, username, id) 
    values
        (?, ?, ?, ?, ?, ?, ?, ?, ?, ?, ?, ?)
17:29:11 DEBUG [org.hibernate.SQL:135] 
    /* <criteria> */ select
        np1_0.id,
        np1_0.activity_invites_enabled,
        np1_0.activity_updates_enabled,
        np1_0.chat_messages_enabled,
        np1_0.friend_requests_enabled,
        np1_0.user_id 
    from
        notification_preferences np1_0 
    where
        np1_0.user_id=?
Hibernate: 
    /* <criteria> */ select
        np1_0.id,
        np1_0.activity_invites_enabled,
        np1_0.activity_updates_enabled,
        np1_0.chat_messages_enabled,
        np1_0.friend_requests_enabled,
        np1_0.user_id 
    from
        notification_preferences np1_0 
    where
        np1_0.user_id=?
Hibernate: 
    /* <criteria> */ select
        f1_0.id 
    from
        friendship f1_0 
    where
        f1_0.user_a_id=? 
        and f1_0.user_b_id=? 
    fetch
        first ? rows only
Hibernate: 
    /* <criteria> */ select
        f1_0.id 
    from
        friendship f1_0 
    where
        f1_0.user_a_id=? 
        and f1_0.user_b_id=? 
        or f1_0.user_b_id=? 
        and f1_0.user_a_id=? 
    fetch
        first ? rows only
17:29:11 INFO  [c.d.spawn.shared.exceptions.Logger:10] [NotificationService.java:207] sendNotificationToUser - Sending notification to user 951a286b-c850-4ea2-baca-6b88c2b332ca with name: userA_4029ba6c and username: userA_4029ba6c: Title: 'Friend Request Accepted', Message: 'userB_4029ba6c has accepted your friend request'
17:29:11 WARN  [c.d.spawn.shared.exceptions.Logger:14] [NotificationService.java:214] sendNotificationToUser - No device tokens found for user: 67ca13fa-b7d6-4c32-a437-5cdc1d2e234d with name: userA_fdbd7765 and username: userA_fdbd7765
17:29:11 INFO  [c.d.spawn.shared.exceptions.Logger:10] [NotificationService.java:266] handleNotificationEvent - Notification event processing completed
17:29:11 INFO  [c.d.spawn.shared.exceptions.Logger:10] [FriendRequestService.java:279] deleteFriendRequest - Deleting friend request with ID: e6a71707-d49e-4e16-8cf4-ec158c163090 from sender: 67ca13fa-b7d6-4c32-a437-5cdc1d2e234d with name: userA_fdbd7765 and username: userA_fdbd7765 to receiver: 696cb2d0-f2bf-4df1-86d6-af4d6cc4b0f5 with name: userB_fdbd7765 and username: userB_fdbd7765
17:29:11 DEBUG [c.d.s.s.util.CacheEvictionHelper:47] Evicted cache 'incomingFetchFriendRequests' for key: 696cb2d0-f2bf-4df1-86d6-af4d6cc4b0f5
17:29:11 DEBUG [c.d.s.s.util.CacheEvictionHelper:47] Evicted cache 'sentFetchFriendRequests' for key: 67ca13fa-b7d6-4c32-a437-5cdc1d2e234d
17:29:11 INFO  [c.d.spawn.shared.exceptions.Logger:10] [FriendRequestService.java:290] deleteFriendRequest - Friend request deleted successfully
17:29:11 INFO  [c.d.spawn.shared.exceptions.Logger:10] [FriendRequestService.java:265] acceptFriendRequest - Friend request accepted and deleted successfully
17:29:11 INFO  [c.d.spawn.shared.exceptions.Logger:10] [NotificationService.java:256] handleNotificationEvent - Handling notification event: FriendRequestAcceptedNotificationEvent for 1 users
17:29:11 DEBUG [org.hibernate.SQL:135] 
    /* <criteria> */ select
        dt1_0.id,
        dt1_0.device_type,
        dt1_0.token,
        dt1_0.user_id 
    from
        device_token dt1_0 
    where
        dt1_0.user_id=?
Hibernate: 
    /* <criteria> */ select
        dt1_0.id,
        dt1_0.device_type,
        dt1_0.token,
        dt1_0.user_id 
    from
        device_token dt1_0 
    where
        dt1_0.user_id=?
Hibernate: 
    /* insert for
        com.danielagapov.spawn.social.internal.domain.Friendship */insert 
    into
        friendship (created_at, user_a_id, user_b_id, id) 
    values
        (?, ?, ?, ?)
Hibernate: 
    /* insert for
        com.danielagapov.spawn.user.internal.domain.User */insert 
    into
        "user" (bio, date_created, email, has_completed_onboarding, last_updated, name, password, phone_number, profile_picture_url_string, status, username, id) 
    values
        (?, ?, ?, ?, ?, ?, ?, ?, ?, ?, ?, ?)
17:29:11 WARN  [c.d.spawn.shared.exceptions.Logger:14] [NotificationService.java:214] sendNotificationToUser - No device tokens found for user: 951a286b-c850-4ea2-baca-6b88c2b332ca with name: userA_4029ba6c and username: userA_4029ba6c
17:29:11 DEBUG [org.hibernate.SQL:135] 
    /* <criteria> */ select
        f1_0.id,
        f1_0.created_at,
        f1_0.user_a_id,
        f1_0.user_b_id 
    from
        friendship f1_0 
    where
        f1_0.user_a_id=? 
        and f1_0.user_b_id=? 
        or f1_0.user_b_id=? 
        and f1_0.user_a_id=?
17:29:11 DEBUG [org.hibernate.SQL:135] 
    /* <criteria> */ select
        np1_0.id,
        np1_0.activity_invites_enabled,
        np1_0.activity_updates_enabled,
        np1_0.chat_messages_enabled,
        np1_0.friend_requests_enabled,
        np1_0.user_id 
    from
        notification_preferences np1_0 
    where
        np1_0.user_id=?
Hibernate: 
    /* <criteria> */ select
        f1_0.id,
        f1_0.created_at,
        f1_0.user_a_id,
        f1_0.user_b_id 
    from
        friendship f1_0 
    where
        f1_0.user_a_id=? 
        and f1_0.user_b_id=? 
        or f1_0.user_b_id=? 
        and f1_0.user_a_id=?
Hibernate: 
    /* <criteria> */ select
        np1_0.id,
        np1_0.activity_invites_enabled,
        np1_0.activity_updates_enabled,
        np1_0.chat_messages_enabled,
        np1_0.friend_requests_enabled,
        np1_0.user_id 
    from
        notification_preferences np1_0 
    where
        np1_0.user_id=?
17:29:11 DEBUG [org.hibernate.SQL:135] 
    select
        u1_0.id,
        u1_0.bio,
        u1_0.date_created,
        u1_0.email,
        u1_0.has_completed_onboarding,
        u1_0.last_updated,
        u1_0.name,
        np1_0.id,
        np1_0.activity_invites_enabled,
        np1_0.activity_updates_enabled,
        np1_0.chat_messages_enabled,
        np1_0.friend_requests_enabled,
        np1_0.user_id,
        u1_0.password,
        u1_0.phone_number,
        u1_0.profile_picture_url_string,
        u1_0.status,
        u1_0.username 
    from
        "user" u1_0 
    left join
        notification_preferences np1_0 
            on u1_0.id=np1_0.user_id 
    where
        u1_0.id=?
Hibernate: 
    select
        u1_0.id,
        u1_0.bio,
        u1_0.date_created,
        u1_0.email,
        u1_0.has_completed_onboarding,
        u1_0.last_updated,
        u1_0.name,
        np1_0.id,
        np1_0.activity_invites_enabled,
        np1_0.activity_updates_enabled,
        np1_0.chat_messages_enabled,
        np1_0.friend_requests_enabled,
        np1_0.user_id,
        u1_0.password,
        u1_0.phone_number,
        u1_0.profile_picture_url_string,
        u1_0.status,
        u1_0.username 
    from
        "user" u1_0 
    left join
        notification_preferences np1_0 
            on u1_0.id=np1_0.user_id 
    where
        u1_0.id=?
17:29:11 INFO  [c.d.spawn.shared.exceptions.Logger:10] [NotificationService.java:266] handleNotificationEvent - Notification event processing completed
17:29:11 INFO  [c.d.spawn.shared.exceptions.Logger:10] [FriendRequestService.java:279] deleteFriendRequest - Deleting friend request with ID: 82c40ab5-668f-4ff9-afe0-52530449ac83 from sender: 951a286b-c850-4ea2-baca-6b88c2b332ca with name: userA_4029ba6c and username: userA_4029ba6c to receiver: e43eddea-1072-4647-a32d-97f72e21a8d2 with name: userB_4029ba6c and username: userB_4029ba6c
Hibernate: 
    /* insert for
        com.danielagapov.spawn.user.internal.domain.User */insert 
    into
        "user" (bio, date_created, email, has_completed_onboarding, last_updated, name, password, phone_number, profile_picture_url_string, status, username, id) 
    values
        (?, ?, ?, ?, ?, ?, ?, ?, ?, ?, ?, ?)
Hibernate: 
    /* insert for
        com.danielagapov.spawn.user.internal.domain.User */insert 
    into
        "user" (bio, date_created, email, has_completed_onboarding, last_updated, name, password, phone_number, profile_picture_url_string, status, username, id) 
    values
        (?, ?, ?, ?, ?, ?, ?, ?, ?, ?, ?, ?)
17:29:11 INFO  [c.d.spawn.shared.exceptions.Logger:10] [FriendRequestService.java:290] deleteFriendRequest - Friend request deleted successfully
17:29:11 INFO  [c.d.spawn.shared.exceptions.Logger:10] [FriendRequestService.java:265] acceptFriendRequest - Friend request accepted and deleted successfully
Hibernate: 
    /* insert for
        com.danielagapov.spawn.user.internal.domain.User */insert 
    into
        "user" (bio, date_created, email, has_completed_onboarding, last_updated, name, password, phone_number, profile_picture_url_string, status, username, id) 
    values
        (?, ?, ?, ?, ?, ?, ?, ?, ?, ?, ?, ?)
Hibernate: 
    /* insert for
        com.danielagapov.spawn.user.internal.domain.User */insert 
    into
        "user" (bio, date_created, email, has_completed_onboarding, last_updated, name, password, phone_number, profile_picture_url_string, status, username, id) 
    values
        (?, ?, ?, ?, ?, ?, ?, ?, ?, ?, ?, ?)
Hibernate: 
    /* insert for
        com.danielagapov.spawn.user.internal.domain.User */insert 
    into
        "user" (bio, date_created, email, has_completed_onboarding, last_updated, name, password, phone_number, profile_picture_url_string, status, username, id) 
    values
        (?, ?, ?, ?, ?, ?, ?, ?, ?, ?, ?, ?)
Hibernate: 
    /* <criteria> */ select
        f1_0.id,
        f1_0.created_at,
        f1_0.user_a_id,
        f1_0.user_b_id 
    from
        friendship f1_0 
    where
        f1_0.user_a_id=? 
        or f1_0.user_b_id=?
17:29:12 INFO  [c.d.spawn.shared.exceptions.Logger:10] [NotificationService.java:207] sendNotificationToUser - Sending notification to user 67ca13fa-b7d6-4c32-a437-5cdc1d2e234d with name: userA_fdbd7765 and username: userA_fdbd7765: Title: 'Friend Request Accepted', Message: 'userB_fdbd7765 has accepted your friend request'
Hibernate: 
    /* insert for
        com.danielagapov.spawn.social.internal.domain.Friendship */insert 
    into
        friendship (created_at, user_a_id, user_b_id, id) 
    values
        (?, ?, ?, ?)
17:29:12 DEBUG [org.hibernate.SQL:135] 
    /* <criteria> */ select
        dt1_0.id,
        dt1_0.device_type,
        dt1_0.token,
        dt1_0.user_id 
    from
        device_token dt1_0 
    where
        dt1_0.user_id=?
Hibernate: 
    /* <criteria> */ select
        dt1_0.id,
        dt1_0.device_type,
        dt1_0.token,
        dt1_0.user_id 
    from
        device_token dt1_0 
    where
        dt1_0.user_id=?
Hibernate: 
    /* <criteria> */ select
        f1_0.id,
        f1_0.created_at,
        f1_0.user_a_id,
        f1_0.user_b_id 
    from
        friendship f1_0 
    where
        f1_0.user_a_id=? 
        or f1_0.user_b_id=?
17:29:12 DEBUG [org.hibernate.SQL:135] 
    /* delete for com.danielagapov.spawn.social.internal.domain.FriendRequest */delete 
    from
        friend_request 
    where
        id=?
Hibernate: 
    /* delete for com.danielagapov.spawn.social.internal.domain.FriendRequest */delete 
    from
        friend_request 
    where
        id=?
17:29:12 WARN  [c.d.spawn.shared.exceptions.Logger:14] [NotificationService.java:214] sendNotificationToUser - No device tokens found for user: 67ca13fa-b7d6-4c32-a437-5cdc1d2e234d with name: userA_fdbd7765 and username: userA_fdbd7765
17:29:12 INFO  [c.d.spawn.shared.exceptions.Logger:10] [NotificationService.java:266] handleNotificationEvent - Notification event processing completed
17:29:12 DEBUG [org.hibernate.SQL:135] 
    /* delete for com.danielagapov.spawn.social.internal.domain.Friendship */delete 
    from
        friendship 
    where
        id=?
Hibernate: 
    /* delete for com.danielagapov.spawn.social.internal.domain.Friendship */delete 
    from
        friendship 
    where
        id=?
Hibernate: 
    /* <criteria> */ select
        f1_0.id 
    from
        friendship f1_0 
    where
        f1_0.user_a_id=? 
        and f1_0.user_b_id=? 
        or f1_0.user_b_id=? 
        and f1_0.user_a_id=? 
    fetch
        first ? rows only
Hibernate: 
    /* <criteria> */ select
        f1_0.id 
    from
        friendship f1_0 
    where
        f1_0.user_a_id=? 
        and f1_0.user_b_id=? 
        or f1_0.user_b_id=? 
        and f1_0.user_a_id=? 
    fetch
        first ? rows only
Hibernate: 
    /* <criteria> */ select
        f1_0.id 
    from
        friendship f1_0 
    where
        f1_0.user_a_id=? 
        and f1_0.user_b_id=? 
        or f1_0.user_b_id=? 
        and f1_0.user_a_id=? 
    fetch
        first ? rows only
17:29:12 DEBUG [org.hibernate.SQL:135] 
    select
        u1_0.id,
        u1_0.bio,
        u1_0.date_created,
        u1_0.email,
        u1_0.has_completed_onboarding,
        u1_0.last_updated,
        u1_0.name,
        np1_0.id,
        np1_0.activity_invites_enabled,
        np1_0.activity_updates_enabled,
        np1_0.chat_messages_enabled,
        np1_0.friend_requests_enabled,
        np1_0.user_id,
        u1_0.password,
        u1_0.phone_number,
        u1_0.profile_picture_url_string,
        u1_0.status,
        u1_0.username 
    from
        "user" u1_0 
    left join
        notification_preferences np1_0 
            on u1_0.id=np1_0.user_id 
    where
        u1_0.id=?
Hibernate: 
    select
        u1_0.id,
        u1_0.bio,
        u1_0.date_created,
        u1_0.email,
        u1_0.has_completed_onboarding,
        u1_0.last_updated,
        u1_0.name,
        np1_0.id,
        np1_0.activity_invites_enabled,
        np1_0.activity_updates_enabled,
        np1_0.chat_messages_enabled,
        np1_0.friend_requests_enabled,
        np1_0.user_id,
        u1_0.password,
        u1_0.phone_number,
        u1_0.profile_picture_url_string,
        u1_0.status,
        u1_0.username 
    from
        "user" u1_0 
    left join
        notification_preferences np1_0 
            on u1_0.id=np1_0.user_id 
    where
        u1_0.id=?
Hibernate: 
    /* insert for
        com.danielagapov.spawn.social.internal.domain.Friendship */insert 
    into
        friendship (created_at, user_a_id, user_b_id, id) 
    values
        (?, ?, ?, ?)
17:29:12 DEBUG [org.hibernate.SQL:135] 
    /* <criteria> */ select
        fr1_0.id,
        fr1_0.created_at,
        fr1_0.receiver_id,
        fr1_0.sender_id 
    from
        friend_request fr1_0 
    where
        fr1_0.receiver_id=?
Hibernate: 
    /* <criteria> */ select
        fr1_0.id,
        fr1_0.created_at,
        fr1_0.receiver_id,
        fr1_0.sender_id 
    from
        friend_request fr1_0 
    where
        fr1_0.receiver_id=?
17:29:12 DEBUG [org.hibernate.SQL:135] 
    /* delete for com.danielagapov.spawn.social.internal.domain.FriendRequest */delete 
    from
        friend_request 
    where
        id=?
Hibernate: 
    /* delete for com.danielagapov.spawn.social.internal.domain.FriendRequest */delete 
    from
        friend_request 
    where
        id=?
Hibernate: 
    /* insert for
        com.danielagapov.spawn.social.internal.domain.Friendship */insert 
    into
        friendship (created_at, user_a_id, user_b_id, id) 
    values
        (?, ?, ?, ?)
Hibernate: 
    /* <criteria> */ select
        f1_0.id 
    from
        friendship f1_0 
    where
        f1_0.user_a_id=? 
        and f1_0.user_b_id=? 
        or f1_0.user_b_id=? 
        and f1_0.user_a_id=? 
    fetch
        first ? rows only
Hibernate: 
    /* <criteria> */ select
        f1_0.id 
    from
        friendship f1_0 
    where
        f1_0.user_a_id=? 
        and f1_0.user_b_id=? 
        or f1_0.user_b_id=? 
        and f1_0.user_a_id=? 
    fetch
        first ? rows only
Hibernate: 
    /* insert for
        com.danielagapov.spawn.social.internal.domain.Friendship */insert 
    into
        friendship (created_at, user_a_id, user_b_id, id) 
    values
        (?, ?, ?, ?)
Hibernate: 
    /* <criteria> */ select
        f1_0.id 
    from
        friendship f1_0 
    where
        f1_0.user_a_id=? 
        and f1_0.user_b_id=? 
        or f1_0.user_b_id=? 
        and f1_0.user_a_id=? 
    fetch
        first ? rows only
Hibernate: 
    /* <criteria> */ select
        f1_0.id 
    from
        friendship f1_0 
    where
        f1_0.user_a_id=? 
        and f1_0.user_b_id=? 
    fetch
        first ? rows only
Hibernate: 
    /* <criteria> */ select
        f1_0.id 
    from
        friendship f1_0 
    where
        f1_0.user_a_id=? 
        and f1_0.user_b_id=? 
        or f1_0.user_b_id=? 
        and f1_0.user_a_id=? 
    fetch
        first ? rows only
Hibernate: 
    /* <criteria> */ select
        f1_0.id 
    from
        friendship f1_0 
    where
        f1_0.user_a_id=? 
        and f1_0.user_b_id=? 
        or f1_0.user_b_id=? 
        and f1_0.user_a_id=? 
    fetch
        first ? rows only
Hibernate: 
    /* insert for
        com.danielagapov.spawn.user.internal.domain.User */insert 
    into
        "user" (bio, date_created, email, has_completed_onboarding, last_updated, name, password, phone_number, profile_picture_url_string, status, username, id) 
    values
        (?, ?, ?, ?, ?, ?, ?, ?, ?, ?, ?, ?)
Hibernate: 
    /* insert for
        com.danielagapov.spawn.user.internal.domain.User */insert 
    into
        "user" (bio, date_created, email, has_completed_onboarding, last_updated, name, password, phone_number, profile_picture_url_string, status, username, id) 
    values
        (?, ?, ?, ?, ?, ?, ?, ?, ?, ?, ?, ?)
Hibernate: 
    /* insert for
        com.danielagapov.spawn.user.internal.domain.User */insert 
    into
        "user" (bio, date_created, email, has_completed_onboarding, last_updated, name, password, phone_number, profile_picture_url_string, status, username, id) 
    values
        (?, ?, ?, ?, ?, ?, ?, ?, ?, ?, ?, ?)
Hibernate: 
    /* <criteria> */ select
        f1_0.id,
        f1_0.created_at,
        f1_0.user_a_id,
        f1_0.user_b_id 
    from
        friendship f1_0 
    where
        f1_0.user_a_id=? 
        or f1_0.user_b_id=?
Hibernate: 
    /* <criteria> */ select
        f1_0.id 
    from
        friendship f1_0 
    where
        f1_0.user_a_id=? 
        and f1_0.user_b_id=? 
        or f1_0.user_b_id=? 
        and f1_0.user_a_id=? 
    fetch
        first ? rows only
17:29:12 DEBUG [org.hibernate.SQL:135] 
    /* <criteria> */ select
        fr1_0.id,
        fr1_0.created_at,
        fr1_0.receiver_id,
        fr1_0.sender_id 
    from
        friend_request fr1_0 
    where
        fr1_0.receiver_id=?
Hibernate: 
    /* <criteria> */ select
        fr1_0.id,
        fr1_0.created_at,
        fr1_0.receiver_id,
        fr1_0.sender_id 
    from
        friend_request fr1_0 
    where
        fr1_0.receiver_id=?
17:29:12 DEBUG [org.hibernate.SQL:135] 
    /* delete for com.danielagapov.spawn.user.internal.domain.User */delete 
    from
        "user" 
    where
        id=?
Hibernate: 
    /* delete for com.danielagapov.spawn.user.internal.domain.User */delete 
    from
        "user" 
    where
        id=?
Hibernate: 
    /* <criteria> */ select
        f1_0.id,
        f1_0.created_at,
        f1_0.user_a_id,
        f1_0.user_b_id 
    from
        friendship f1_0 
    where
        f1_0.user_a_id=? 
        or f1_0.user_b_id=?
17:29:12 DEBUG [org.hibernate.SQL:135] 
    /* <criteria> */ select
        fr1_0.id,
        fr1_0.created_at,
        fr1_0.receiver_id,
        fr1_0.sender_id 
    from
        friend_request fr1_0 
    where
        fr1_0.receiver_id=?
Hibernate: 
    /* <criteria> */ select
        fr1_0.id,
        fr1_0.created_at,
        fr1_0.receiver_id,
        fr1_0.sender_id 
    from
        friend_request fr1_0 
    where
        fr1_0.receiver_id=?
[INFO] Tests run: 14, Failures: 0, Errors: 0, Skipped: 0, Time elapsed: 23.23 s -- in com.danielagapov.spawn.IntegrationTests.FriendshipIntegrationTests
Hibernate: 
    /* <criteria> */ select
        f1_0.id 
    from
        friendship f1_0 
    where
        f1_0.user_a_id=? 
        and f1_0.user_b_id=? 
    fetch
        first ? rows only
Hibernate: 
    /* insert for
        com.danielagapov.spawn.social.internal.domain.Friendship */insert 
    into
        friendship (created_at, user_a_id, user_b_id, id) 
    values
        (?, ?, ?, ?)
Hibernate: 
    /* insert for
        com.danielagapov.spawn.social.internal.domain.Friendship */insert 
    into
        friendship (created_at, user_a_id, user_b_id, id) 
    values
        (?, ?, ?, ?)
Hibernate: 
    /* insert for
        com.danielagapov.spawn.social.internal.domain.Friendship */insert 
    into
        friendship (created_at, user_a_id, user_b_id, id) 
    values
        (?, ?, ?, ?)
Hibernate: 
    /* insert for
        com.danielagapov.spawn.social.internal.domain.Friendship */insert 
    into
        friendship (created_at, user_a_id, user_b_id, id) 
    values
        (?, ?, ?, ?)
Hibernate: 
    /* <criteria> */ select
        f1_0.id,
        f1_0.created_at,
        f1_0.user_a_id,
        f1_0.user_b_id 
    from
        friendship f1_0 
    where
        f1_0.user_a_id=? 
        or f1_0.user_b_id=?
Hibernate: 
    /* insert for
        com.danielagapov.spawn.social.internal.domain.Friendship */insert 
    into
        friendship (created_at, user_a_id, user_b_id, id) 
    values
        (?, ?, ?, ?)
Hibernate: 
    /* insert for
        com.danielagapov.spawn.social.internal.domain.Friendship */insert 
    into
        friendship (created_at, user_a_id, user_b_id, id) 
    values
        (?, ?, ?, ?)
17:29:12 DEBUG [org.hibernate.SQL:135] 
    /* <criteria> */ select
        f1_0.id,
        f1_0.created_at,
        f1_0.user_a_id,
        f1_0.user_b_id 
    from
        friendship f1_0 
    where
        f1_0.user_a_id=?
Hibernate: 
    /* <criteria> */ select
        f1_0.id,
        f1_0.created_at,
        f1_0.user_a_id,
        f1_0.user_b_id 
    from
        friendship f1_0 
    where
        f1_0.user_a_id=?
Hibernate: 
    /* insert for
        com.danielagapov.spawn.social.internal.domain.Friendship */insert 
    into
        friendship (created_at, user_a_id, user_b_id, id) 
    values
        (?, ?, ?, ?)
17:29:12 DEBUG [org.hibernate.SQL:135] 
    /* <criteria> */ select
        f1_0.id,
        f1_0.created_at,
        f1_0.user_a_id,
        f1_0.user_b_id 
    from
        friendship f1_0 
    where
        f1_0.user_b_id=?
Hibernate: 
    /* <criteria> */ select
        f1_0.id,
        f1_0.created_at,
        f1_0.user_a_id,
        f1_0.user_b_id 
    from
        friendship f1_0 
    where
        f1_0.user_b_id=?
Hibernate: 
    /* insert for
        com.danielagapov.spawn.social.internal.domain.Friendship */insert 
    into
        friendship (created_at, user_a_id, user_b_id, id) 
    values
        (?, ?, ?, ?)
Hibernate: 
    /* insert for
        com.danielagapov.spawn.social.internal.domain.Friendship */insert 
    into
        friendship (created_at, user_a_id, user_b_id, id) 
    values
        (?, ?, ?, ?)
Hibernate: 
    /* <criteria> */ select
        f1_0.id,
        f1_0.created_at,
        f1_0.user_a_id,
        f1_0.user_b_id 
    from
        friendship f1_0 
    where
        f1_0.user_a_id=? 
        or f1_0.user_b_id=?
Hibernate: 
    /* insert for
        com.danielagapov.spawn.social.internal.domain.Friendship */insert 
    into
        friendship (created_at, user_a_id, user_b_id, id) 
    values
        (?, ?, ?, ?)
Hibernate: 
    /* <criteria> */ select
        f1_0.id 
    from
        friendship f1_0 
    where
        f1_0.user_a_id=? 
        and f1_0.user_b_id=? 
        or f1_0.user_b_id=? 
        and f1_0.user_a_id=? 
    fetch
        first ? rows only
Hibernate: 
    /* <criteria> */ select
        f1_0.id 
    from
        friendship f1_0 
    where
        f1_0.user_a_id=? 
        and f1_0.user_b_id=? 
        or f1_0.user_b_id=? 
        and f1_0.user_a_id=? 
    fetch
        first ? rows only
[INFO] Tests run: 6, Failures: 0, Errors: 0, Skipped: 0, Time elapsed: 13.96 s -- in com.danielagapov.spawn.RepositoryTests.FriendshipRepositoryTests
[INFO] 
[INFO] Results:
[INFO] 
[INFO] Tests run: 403, Failures: 0, Errors: 0, Skipped: 0
[INFO] 
[INFO] ------------------------------------------------------------------------
[INFO] BUILD SUCCESS
[INFO] ------------------------------------------------------------------------
[INFO] Total time:  41.431 s
[INFO] Finished at: 2025-12-09T17:29:12-08:00
[INFO] ------------------------------------------------------------------------
